Microchip MPLAB XC8 Compiler V2.05 ()

Linker command line:

-W-3 --edf=C:\Program Files (x86)\Microchip\xc8\v2.05\pic\dat\en_msgs.txt \
  -cs -h+dist/default/production\RobotPicMain.X.production.sym \
  --cmf=dist/default/production\RobotPicMain.X.production.cmf -z -Q18F4620 \
  -oC:\Users\chris\AppData\Local\Temp\s898.2 --defsym=__MPLAB_BUILD=1 \
  -Mdist/default/production/RobotPicMain.X.production.map -E1 -ver=XC8 \
  --acfsm=1493 -ASTACK=0358h-0F7Fh -pstack=STACK -ACODE=00h-0FFFFh \
  -ACONST=00h-0FFFFh -ASMALLCONST=01000h-010FFhx240 \
  -AMEDIUMCONST=01000h-0FFFFh -ACOMRAM=01h-07Fh -AABS1=00h-0F7Fh \
  -ABIGRAM=01h-0F7Fh -ARAM=080h-0FFh,0100h-01FFhx14,0F00h-0F7Fh \
  -ABANK0=080h-0FFh -ABANK1=0100h-01FFh -ABANK2=0200h-02FFh \
  -ABANK3=0300h-03FFh -ABANK4=0400h-04FFh -ABANK5=0500h-05FFh \
  -ABANK6=0600h-06FFh -ABANK7=0700h-07FFh -ABANK8=0800h-08FFh \
  -ABANK9=0900h-09FFh -ABANK10=0A00h-0AFFh -ABANK11=0B00h-0BFFh \
  -ABANK12=0C00h-0CFFh -ABANK13=0D00h-0DFFh -ABANK14=0E00h-0EFFh \
  -ABANK15=0F00h-0F7Fh -ASFR=0F80h-0FFFh \
  -preset_vec=00h,intcode=08h,intcodelo,powerup,init -pramtop=01000h \
  -psmallconst=SMALLCONST -pmediumconst=MEDIUMCONST -pconst=CONST \
  -AFARRAM=00h-00h -ACONFIG=0300000h-030000Dh -pconfig=CONFIG \
  -AIDLOC=0200000h-0200007h -pidloc=IDLOC -AEEDATA=0F00000h-0F003FFh \
  -peeprom_data=EEDATA \
  -prdata=COMRAM,nvrram=COMRAM,nvbit=COMRAM,rbss=COMRAM,rbit=COMRAM \
  -pfarbss=FARRAM,fardata=FARRAM,nvFARRAM=FARRAM \
  -pintsave_regs=BIGRAM,bigbss=BIGRAM,bigdata=BIGRAM -pbss=RAM \
  -pidata=CODE,irdata=CODE,ibigdata=CODE,ifardata=CODE -prparam=COMRAM \
  C:\Users\chris\AppData\Local\Temp\s898.o \
  dist/default/production\RobotPicMain.X.production.o 

Object code version is 3.11

Machine type is 18F4620

Call graph: (short form)




                Name                               Link     Load   Length Selector   Space Scale
C:\Users\chris\AppData\Local\Temp\s898.o
                init                                  E        E        4        4       0
                reset_vec                             0        0        4        0       0
                idloc                            200000   200000        8   200000       0
                config                           300000   300000        E   300000       0
dist/default/production\RobotPicMain.X.production.o
                intcode                               8        8        6        4       0
                temp                                 7A       7A        1        1       1
                mediumconst                        FE42     FE42      1BE     7F21       0
                text65                             36CC     36CC       44        4       0
                text64                             3688     3688       44        4       0
                intcode_body                       35FE     35FE       46        4       0
                text62                             3358     3358       66        4       0
                text61                             38E8     38E8       2A        4       0
                text60                             3A48     3A48       16        4       0
                text59                             3A70     3A70       12        4       0
                text58                             3A8E     3A8E        C        4       0
                text57                             3962     3962       26        4       0
                text56                             388C     388C       30        4       0
                text55                             3750     3750       3E        4       0
                text54                             2AB4     2AB4      140        4       0
                text53                             3A82     3A82        C        4       0
                text52                             3282     3282       6C        4       0
                text51                             378E     378E       38        4       0
                text50                             3644     3644       44        4       0
                text49                             2F56     2F56       9A        4       0
                text48                             34D4     34D4       4E        4       0
                text47                             26E8     26E8      148        4       0
                text46                             2BF4     2BF4      124        4       0
                text45                             37FA     37FA       32        4       0
                text44                             205C     205C      250        4       0
                text43                             2830     2830      144        4       0
                text42                             37C6     37C6       34        4       0
                text41                             385C     385C       30        4       0
                text40                             382C     382C       30        4       0
                text39                             356E     356E       4A        4       0
                text38                             22AC     22AC      23A        4       0
                text37                              5BA      5BA      48A        4       0
                text36                             347E     347E       56        4       0
                text35                             393A     393A       28        4       0
                text34                              E52      E52      3AE        4       0
                text33                             3A12     3A12       1E        4       0
                text32                             3212     3212       70        4       0
                text31                             3912     3912       28        4       0
                text30                             1864     1864      30C        4       0
                text29                             35B8     35B8       46        4       0
                text28                             1B70     1B70      288        4       0
                text27                             2D18     2D18       D0        4       0
                text26                             1200     1200      352        4       0
                text25                             2DE8     2DE8       BA        4       0
                text24                             2974     2974      140        4       0
                text23                             24E6     24E6      202        4       0
                text22                             2FF0     2FF0       96        4       0
                text21                             1DF8     1DF8      264        4       0
                text20                             2EA2     2EA2       B4        4       0
                text19                             3A5E     3A5E       12        4       0
                text18                             3988     3988       24        4       0
                text17                             3AAC     3AAC        8        4       0
                text16                             3AA4     3AA4        8        4       0
                text15                             3A9A     3A9A        A        4       0
                text14                             38BC     38BC       2C        4       0
                text13                             39F0     39F0       22        4       0
                text12                             39CE     39CE       22        4       0
                text11                             39AC     39AC       22        4       0
                text10                             310C     310C       84        4       0
                text9                              33BE     33BE       64        4       0
                text8                              1552     1552      312        4       0
                text7                                12       12      5A8        4       0
                text6                              3522     3522       4C        4       0
                text5                              3A30     3A30       18        4       0
                text4                              3190     3190       82        4       0
                text3                              3422     3422       5C        4       0
                text2                              32EE     32EE       6A        4       0
                text1                              3710     3710       40        4       0
                text0                               A44      A44      40E        4       0
                cstackCOMRAM                          1        1       74        1       1
                cstackBANK0                          80       80       4C       80       1
                cstackBANK1                         100      100       43      100       1
                bssBIGRAM                           178      178      1E0      178       1
                dataBANK1                           171      171        7      100       1
                bssBANK1                            143      143       2E      100       1
                dataBANK0                            D3       D3        1       80       1
                bssBANK0                             CC       CC        7       80       1
                dataCOMRAM                           79       79        1        1       1
                bssCOMRAM                            75       75        4        1       1
                cinit                              3086     3086       86        4       0
                idataBANK1                         3AB4     3AB4        7        4       0
                idataBANK0                         3ABC     3ABC        1        4       0
                idataCOMRAM                        3ABB     3ABB        1        4       0

TOTAL           Name                               Link     Load   Length     Space
        CLASS   STACK          

        CLASS   CODE           
                intcode                               8        8        6         0
                init                                  E        E        4         0
                reset_vec                             0        0        4         0
                text65                             36CC     36CC       44         0
                text64                             3688     3688       44         0
                intcode_body                       35FE     35FE       46         0
                text62                             3358     3358       66         0
                text61                             38E8     38E8       2A         0
                text60                             3A48     3A48       16         0
                text59                             3A70     3A70       12         0
                text58                             3A8E     3A8E        C         0
                text57                             3962     3962       26         0
                text56                             388C     388C       30         0
                text55                             3750     3750       3E         0
                text54                             2AB4     2AB4      140         0
                text53                             3A82     3A82        C         0
                text52                             3282     3282       6C         0
                text51                             378E     378E       38         0
                text50                             3644     3644       44         0
                text49                             2F56     2F56       9A         0
                text48                             34D4     34D4       4E         0
                text47                             26E8     26E8      148         0
                text46                             2BF4     2BF4      124         0
                text45                             37FA     37FA       32         0
                text44                             205C     205C      250         0
                text43                             2830     2830      144         0
                text42                             37C6     37C6       34         0
                text41                             385C     385C       30         0
                text40                             382C     382C       30         0
                text39                             356E     356E       4A         0
                text38                             22AC     22AC      23A         0
                text37                              5BA      5BA      48A         0
                text36                             347E     347E       56         0
                text35                             393A     393A       28         0
                text34                              E52      E52      3AE         0
                text33                             3A12     3A12       1E         0
                text32                             3212     3212       70         0
                text31                             3912     3912       28         0
                text30                             1864     1864      30C         0
                text29                             35B8     35B8       46         0
                text28                             1B70     1B70      288         0
                text27                             2D18     2D18       D0         0
                text26                             1200     1200      352         0
                text25                             2DE8     2DE8       BA         0
                text24                             2974     2974      140         0
                text23                             24E6     24E6      202         0
                text22                             2FF0     2FF0       96         0
                text21                             1DF8     1DF8      264         0
                text20                             2EA2     2EA2       B4         0
                text19                             3A5E     3A5E       12         0
                text18                             3988     3988       24         0
                text17                             3AAC     3AAC        8         0
                text16                             3AA4     3AA4        8         0
                text15                             3A9A     3A9A        A         0
                text14                             38BC     38BC       2C         0
                text13                             39F0     39F0       22         0
                text12                             39CE     39CE       22         0
                text11                             39AC     39AC       22         0
                text10                             310C     310C       84         0
                text9                              33BE     33BE       64         0
                text8                              1552     1552      312         0
                text7                                12       12      5A8         0
                text6                              3522     3522       4C         0
                text5                              3A30     3A30       18         0
                text4                              3190     3190       82         0
                text3                              3422     3422       5C         0
                text2                              32EE     32EE       6A         0
                text1                              3710     3710       40         0
                text0                               A44      A44      40E         0
                cinit                              3086     3086       86         0
                idataBANK1                         3AB4     3AB4        7         0
                idataBANK0                         3ABC     3ABC        1         0
                idataCOMRAM                        3ABB     3ABB        1         0

        CLASS   CONST          

        CLASS   SMALLCONST     

        CLASS   MEDIUMCONST    
                mediumconst                        FE42     FE42      1BE         0

        CLASS   COMRAM         
                temp                                 7A       7A        1         1
                cstackCOMRAM                          1        1       74         1
                dataCOMRAM                           79       79        1         1
                bssCOMRAM                            75       75        4         1

        CLASS   ABS1           

        CLASS   BIGRAM         
                bssBIGRAM                           178      178      1E0         1

        CLASS   RAM            

        CLASS   BANK0          
                cstackBANK0                          80       80       4C         1
                dataBANK0                            D3       D3        1         1
                bssBANK0                             CC       CC        7         1

        CLASS   BANK1          
                cstackBANK1                         100      100       43         1
                dataBANK1                           171      171        7         1
                bssBANK1                            143      143       2E         1

        CLASS   BANK2          

        CLASS   BANK3          

        CLASS   BANK4          

        CLASS   BANK5          

        CLASS   BANK6          

        CLASS   BANK7          

        CLASS   BANK8          

        CLASS   BANK9          

        CLASS   BANK10         

        CLASS   BANK11         

        CLASS   BANK12         

        CLASS   BANK13         

        CLASS   BANK14         

        CLASS   BANK15         

        CLASS   SFR            

        CLASS   FARRAM         

        CLASS   CONFIG         
                config                           300000   300000        E         0

        CLASS   IDLOC          
                idloc                            200000   200000        8         0

        CLASS   EEDATA         



SEGMENTS        Name                           Load    Length   Top    Selector   Space  Class

                reset_vec                      000000  000004  000004         0       0  CODE    
                cstackCOMRAM                   000001  00007A  00007B         1       1  COMRAM  
                intcode                        000008  003AB5  003ABD         4       0  CODE    
                cstackBANK0                    000080  000054  0000D4        80       1  BANK0   
                cstackBANK1                    000100  000078  000178       100       1  BANK1   
                bssBIGRAM                      000178  0001E0  000358       178       1  BIGRAM  
                mediumconst                    00FE42  0001BE  010000      7F21       0  MEDIUMCO
                idloc                          200000  000008  200008    200000       0  IDLOC   
                config                         300000  00000E  30000E    300000       0  CONFIG  


UNUSED ADDRESS RANGES

        Name                Unused          Largest block    Delta
        BANK0            0000D4-0000FF               2C
        BANK10           000A00-000AFF              100
        BANK11           000B00-000BFF              100
        BANK12           000C00-000CFF              100
        BANK13           000D00-000DFF              100
        BANK14           000E00-000EFF              100
        BANK15           000F00-000F7F               80
        BANK3            000358-0003FF               A8
        BANK4            000400-0004FF              100
        BANK5            000500-0005FF              100
        BANK6            000600-0006FF              100
        BANK7            000700-0007FF              100
        BANK8            000800-0008FF              100
        BANK9            000900-0009FF              100
        BIGRAM           00007B-00007F                5
                         0000D4-0000FF               2C
                         000358-000F7F              C28
        CODE             000004-000007                4
                         003ABD-00FE41             C385
        COMRAM           00007B-00007F                5
        CONST            000004-000007                4
                         003ABD-00FE41             C385
        EEDATA           F00000-F003FF              400
        MEDIUMCONST      003ABD-00FE41             C385
        RAM              0000D4-0000FF               2C
                         000358-000F7F              100
        SFR              000F80-000FFF               80
        SMALLCONST       003ABD-00FE41              100
        STACK            000358-000F7F              C28

                                  Symbol Table

?___aodiv                                      cstackCOMRAM 000006
?___aomod                                      cstackCOMRAM 000006
?___awdiv                                      cstackCOMRAM 000006
?___awmod                                      cstackCOMRAM 000006
?___fladd                                      cstackCOMRAM 00002D
?___fldiv                                      cstackCOMRAM 00002D
?___flmul                                      cstackCOMRAM 000014
?___flsub                                      cstackCOMRAM 000046
?___fltol                                      cstackCOMRAM 00004E
?___lldiv                                      cstackCOMRAM 000006
?___llmod                                      cstackCOMRAM 000006
?___wmul                                       cstackCOMRAM 000006
?___xxtofl                                     cstackCOMRAM 000006
?_abs                                          cstackCOMRAM 000018
?_atoi                                         cstackCOMRAM 00000D
?_ctoa                                         cstackCOMRAM 000025
?_dtoa                                         cstackCOMRAM 000025
?_isalpha                                      cstackCOMRAM 000006
?_isdigit                                      cstackCOMRAM 000006
?_islower                                      cstackCOMRAM 000006
?_isspace                                      cstackCOMRAM 000006
?_isupper                                      cstackCOMRAM 000006
?_pad                                          cstackCOMRAM 00001A
?_printf                                       cstackBANK0  000080
?_stoa                                         cstackCOMRAM 000013
?_strlen                                       cstackCOMRAM 000006
?_tirePositioning                              cstackBANK0  00008E
?_toupper                                      cstackCOMRAM 00000C
?_vfpfcnvrt                                    cstackCOMRAM 00004C
?_vfprintf                                     cstackCOMRAM 00006D
?_xtoa                                         cstackCOMRAM 000025
I2C_Master_Init@clockFreq                      cstackCOMRAM 000013
I2C_Master_Read@ackBit                         cstackCOMRAM 000007
I2C_Master_Read@receivedByte                   cstackCOMRAM 000008
I2C_Master_Write@byteToWrite                   cstackCOMRAM 000007
_ADCON1                                        (abs)        000FC1
_CCP1M0                                        (abs)        007DE8
_CCP1M1                                        (abs)        007DE9
_CCP1M2                                        (abs)        007DEA
_CCP1M3                                        (abs)        007DEB
_CCP1X                                         (abs)        007DED
_CCP1Y                                         (abs)        007DEC
_CCP2M0                                        (abs)        007DD0
_CCP2M1                                        (abs)        007DD1
_CCP2M2                                        (abs)        007DD2
_CCP2M3                                        (abs)        007DD3
_CCP2X                                         (abs)        007DD5
_CCP2Y                                         (abs)        007DD4
_CCPR1L                                        (abs)        000FBE
_CCPR2L                                        (abs)        000FBB
_EEADR                                         (abs)        000FA9
_EECON1bits                                    (abs)        000FA6
_EECON2                                        (abs)        000FA7
_EEDATA                                        (abs)        000FA8
_EncoderInit                                   text5        003A30
_I2C_Master_Init                               text3        003422
_I2C_Master_Read                               text18       003988
_I2C_Master_Start                              text17       003AAC
_I2C_Master_Stop                               text16       003AA4
_I2C_Master_Wait                               text19       003A5E
_I2C_Master_Write                              text15       003A9A
_INT0IE                                        (abs)        007F94
_INT0IF                                        (abs)        007F91
_INT1IE                                        (abs)        007F83
_INT1IF                                        (abs)        007F80
_INT2IE                                        (abs)        007F84
_INT2IF                                        (abs)        007F81
_INTCONbits                                    (abs)        000FF2
_LATAbits                                      (abs)        000F89
_LATB                                          (abs)        000F8A
_LATD                                          (abs)        000F8C
_LATDbits                                      (abs)        000F8C
_LCD_LINE1_ADDR                                mediumconst  00FE5B
_LCD_SIZE_HORZ                                 mediumconst  00FE5D
_LCD_SIZE_VERT                                 mediumconst  00FE5C
_OSCCONbits                                    (abs)        000FD3
_P1M0                                          (abs)        007DEE
_P1M1                                          (abs)        007DEF
_PORTB                                         (abs)        000F81
_PORTBbits                                     (abs)        000F81
_PORTCbits                                     (abs)        000F82
_PORTEbits                                     (abs)        000F84
_PR2                                           (abs)        000FCB
_PSA                                           (abs)        007EAB
_SSPADD                                        (abs)        000FC8
_SSPBUF                                        (abs)        000FC9
_SSPCON1                                       (abs)        000FC6
_SSPCON1bits                                   (abs)        000FC6
_SSPCON2                                       (abs)        000FC5
_SSPCON2bits                                   (abs)        000FC5
_SSPSTAT                                       (abs)        000FC7
_T08BIT                                        (abs)        007EAE
_T0CONbits                                     (abs)        000FD5
_T0PS0                                         (abs)        007EA8
_T0PS1                                         (abs)        007EA9
_T0PS2                                         (abs)        007EAA
_T2CKPS0                                       (abs)        007E50
_T2CKPS1                                       (abs)        007E51
_TIMER_INIT                                    text33       003A12
_TMR0H                                         (abs)        000FD7
_TMR0IE                                        (abs)        007F95
_TMR0IF                                        (abs)        007F92
_TMR0L                                         (abs)        000FD6
_TMR0ON                                        (abs)        007EAF
_TMR2ON                                        (abs)        007E52
_TRISAbits                                     (abs)        000F92
_TRISBbits                                     (abs)        000F93
_TRISCbits                                     (abs)        000F94
_TRISD                                         (abs)        000F95
_TRISEbits                                     (abs)        000F96
__CFG_BOREN$SBORDIS                            (abs)        000000
__CFG_BORV$3                                   (abs)        000000
__CFG_CCP2MX$PORTC                             (abs)        000000
__CFG_CP0$OFF                                  (abs)        000000
__CFG_CP1$OFF                                  (abs)        000000
__CFG_CP2$OFF                                  (abs)        000000
__CFG_CP3$OFF                                  (abs)        000000
__CFG_CPB$OFF                                  (abs)        000000
__CFG_CPD$ON                                   (abs)        000000
__CFG_EBTR0$OFF                                (abs)        000000
__CFG_EBTR1$OFF                                (abs)        000000
__CFG_EBTR2$OFF                                (abs)        000000
__CFG_EBTR3$OFF                                (abs)        000000
__CFG_EBTRB$OFF                                (abs)        000000
__CFG_FCMEN$OFF                                (abs)        000000
__CFG_IESO$OFF                                 (abs)        000000
__CFG_LPT1OSC$OFF                              (abs)        000000
__CFG_LVP$OFF                                  (abs)        000000
__CFG_MCLRE$ON                                 (abs)        000000
__CFG_OSC$HS                                   (abs)        000000
__CFG_PBADEN$ON                                (abs)        000000
__CFG_PWRT$ON                                  (abs)        000000
__CFG_STVREN$ON                                (abs)        000000
__CFG_WDT$OFF                                  (abs)        000000
__CFG_WDTPS$32768                              (abs)        000000
__CFG_WRT0$OFF                                 (abs)        000000
__CFG_WRT1$OFF                                 (abs)        000000
__CFG_WRT2$OFF                                 (abs)        000000
__CFG_WRT3$OFF                                 (abs)        000000
__CFG_WRTB$OFF                                 (abs)        000000
__CFG_WRTC$OFF                                 (abs)        000000
__CFG_WRTD$OFF                                 (abs)        000000
__CFG_XINST$OFF                                (abs)        000000
__HRAM                                         (abs)        000000
__Habs1                                        abs1         000000
__Hbank0                                       bank0        000000
__Hbank1                                       bank1        000000
__Hbank10                                      bank10       000000
__Hbank11                                      bank11       000000
__Hbank12                                      bank12       000000
__Hbank13                                      bank13       000000
__Hbank14                                      bank14       000000
__Hbank15                                      bank15       000000
__Hbank2                                       bank2        000000
__Hbank3                                       bank3        000000
__Hbank4                                       bank4        000000
__Hbank5                                       bank5        000000
__Hbank6                                       bank6        000000
__Hbank7                                       bank7        000000
__Hbank8                                       bank8        000000
__Hbank9                                       bank9        000000
__Hbigbss                                      bigbss       000000
__Hbigdata                                     bigdata      000000
__Hbigram                                      bigram       000000
__Hbss                                         bss          000000
__HbssBANK0                                    bssBANK0     000000
__HbssBANK1                                    bssBANK1     000000
__HbssBIGRAM                                   bssBIGRAM    000000
__HbssCOMRAM                                   bssCOMRAM    000000
__Hcinit                                       cinit        000000
__Hclrtext                                     clrtext      000000
__Hcomram                                      comram       000000
__Hconfig                                      config       30000E
__Hconst                                       const        000000
__HcstackBANK0                                 cstackBANK0  000000
__HcstackBANK1                                 cstackBANK1  000000
__HcstackCOMRAM                                cstackCOMRAM 000000
__Hdata                                        data         000000
__HdataBANK0                                   dataBANK0    000000
__HdataBANK1                                   dataBANK1    000000
__HdataCOMRAM                                  dataCOMRAM   000000
__Heeprom_data                                 eeprom_data  000000
__Hfarbss                                      farbss       000000
__Hfardata                                     fardata      000000
__Hibigdata                                    ibigdata     000000
__Hidata                                       idata        000000
__HidataBANK0                                  idataBANK0   000000
__HidataBANK1                                  idataBANK1   000000
__HidataCOMRAM                                 idataCOMRAM  000000
__Hidloc                                       idloc        200008
__Hifardata                                    ifardata     000000
__Hinit                                        init         000012
__Hintcode                                     intcode      00000E
__Hintcode_body                                intcode_body 000000
__Hintcodelo                                   intcodelo    00000E
__Hintentry                                    intentry     000000
__Hintret                                      intret       000000
__Hintsave_regs                                intsave_regs 000000
__Hirdata                                      irdata       000000
__Hmediumconst                                 mediumconst  010000
__HnvFARRAM                                    nvFARRAM     000000
__Hnvbit                                       nvbit        000000
__Hnvrram                                      nvrram       000000
__Hparam                                       rparam       000000
__Hpowerup                                     powerup      00000E
__Hram                                         ram          000000
__Hramtop                                      ramtop       001000
__Hrbit                                        rbit         000000
__Hrbss                                        rbss         000000
__Hrdata                                       rdata        000000
__Hreset_vec                                   reset_vec    000004
__Hrparam                                      rparam       000000
__Hsfr                                         sfr          000000
__Hsmallconst                                  smallconst   000000
__Hspace_0                                     (abs)        30000E
__Hspace_1                                     (abs)        000358
__Hspace_2                                     (abs)        000000
__Hstack                                       stack        000000
__Hstruct                                      struct       000000
__Htemp                                        temp         00007B
__Htext                                        text         000000
__Htext0                                       text0        000000
__Htext1                                       text1        000000
__Htext10                                      text10       000000
__Htext11                                      text11       000000
__Htext12                                      text12       000000
__Htext13                                      text13       000000
__Htext14                                      text14       000000
__Htext15                                      text15       000000
__Htext16                                      text16       000000
__Htext17                                      text17       000000
__Htext18                                      text18       000000
__Htext19                                      text19       000000
__Htext2                                       text2        000000
__Htext20                                      text20       000000
__Htext21                                      text21       000000
__Htext22                                      text22       000000
__Htext23                                      text23       000000
__Htext24                                      text24       000000
__Htext25                                      text25       000000
__Htext26                                      text26       000000
__Htext27                                      text27       000000
__Htext28                                      text28       000000
__Htext29                                      text29       000000
__Htext3                                       text3        000000
__Htext30                                      text30       000000
__Htext31                                      text31       000000
__Htext32                                      text32       000000
__Htext33                                      text33       000000
__Htext34                                      text34       000000
__Htext35                                      text35       000000
__Htext36                                      text36       000000
__Htext37                                      text37       000000
__Htext38                                      text38       000000
__Htext39                                      text39       000000
__Htext4                                       text4        000000
__Htext40                                      text40       000000
__Htext41                                      text41       000000
__Htext42                                      text42       000000
__Htext43                                      text43       000000
__Htext44                                      text44       000000
__Htext45                                      text45       000000
__Htext46                                      text46       000000
__Htext47                                      text47       000000
__Htext48                                      text48       000000
__Htext49                                      text49       000000
__Htext5                                       text5        000000
__Htext50                                      text50       000000
__Htext51                                      text51       000000
__Htext52                                      text52       000000
__Htext53                                      text53       000000
__Htext54                                      text54       000000
__Htext55                                      text55       000000
__Htext56                                      text56       000000
__Htext57                                      text57       000000
__Htext58                                      text58       000000
__Htext59                                      text59       000000
__Htext6                                       text6        000000
__Htext60                                      text60       000000
__Htext61                                      text61       000000
__Htext62                                      text62       000000
__Htext64                                      text64       000000
__Htext65                                      text65       000000
__Htext7                                       text7        000000
__Htext8                                       text8        000000
__Htext9                                       text9        000000
__LRAM                                         (abs)        000001
__Labs1                                        abs1         000000
__Lbank0                                       bank0        000000
__Lbank1                                       bank1        000000
__Lbank10                                      bank10       000000
__Lbank11                                      bank11       000000
__Lbank12                                      bank12       000000
__Lbank13                                      bank13       000000
__Lbank14                                      bank14       000000
__Lbank15                                      bank15       000000
__Lbank2                                       bank2        000000
__Lbank3                                       bank3        000000
__Lbank4                                       bank4        000000
__Lbank5                                       bank5        000000
__Lbank6                                       bank6        000000
__Lbank7                                       bank7        000000
__Lbank8                                       bank8        000000
__Lbank9                                       bank9        000000
__Lbigbss                                      bigbss       000000
__Lbigdata                                     bigdata      000000
__Lbigram                                      bigram       000000
__Lbss                                         bss          000000
__LbssBANK0                                    bssBANK0     000000
__LbssBANK1                                    bssBANK1     000000
__LbssBIGRAM                                   bssBIGRAM    000000
__LbssCOMRAM                                   bssCOMRAM    000000
__Lcinit                                       cinit        000000
__Lclrtext                                     clrtext      000000
__Lcomram                                      comram       000000
__Lconfig                                      config       300000
__Lconst                                       const        000000
__LcstackBANK0                                 cstackBANK0  000000
__LcstackBANK1                                 cstackBANK1  000000
__LcstackCOMRAM                                cstackCOMRAM 000000
__Ldata                                        data         000000
__LdataBANK0                                   dataBANK0    000000
__LdataBANK1                                   dataBANK1    000000
__LdataCOMRAM                                  dataCOMRAM   000000
__Leeprom_data                                 eeprom_data  000000
__Lfarbss                                      farbss       000000
__Lfardata                                     fardata      000000
__Libigdata                                    ibigdata     000000
__Lidata                                       idata        000000
__LidataBANK0                                  idataBANK0   000000
__LidataBANK1                                  idataBANK1   000000
__LidataCOMRAM                                 idataCOMRAM  000000
__Lidloc                                       idloc        200000
__Lifardata                                    ifardata     000000
__Linit                                        init         00000E
__Lintcode                                     intcode      000008
__Lintcode_body                                intcode_body 000000
__Lintcodelo                                   intcodelo    00000E
__Lintentry                                    intentry     000000
__Lintret                                      intret       000000
__Lintsave_regs                                intsave_regs 000000
__Lirdata                                      irdata       000000
__Lmediumconst                                 mediumconst  00FE42
__LnvFARRAM                                    nvFARRAM     000000
__Lnvbit                                       nvbit        000000
__Lnvrram                                      nvrram       000000
__Lparam                                       rparam       000000
__Lpowerup                                     powerup      00000E
__Lram                                         ram          000000
__Lramtop                                      ramtop       001000
__Lrbit                                        rbit         000000
__Lrbss                                        rbss         000000
__Lrdata                                       rdata        000000
__Lreset_vec                                   reset_vec    000000
__Lrparam                                      rparam       000000
__Lsfr                                         sfr          000000
__Lsmallconst                                  smallconst   000000
__Lspace_0                                     (abs)        000000
__Lspace_1                                     (abs)        000000
__Lspace_2                                     (abs)        000000
__Lstack                                       stack        000000
__Lstruct                                      struct       000000
__Ltemp                                        temp         00007A
__Ltext                                        text         000000
__Ltext0                                       text0        000000
__Ltext1                                       text1        000000
__Ltext10                                      text10       000000
__Ltext11                                      text11       000000
__Ltext12                                      text12       000000
__Ltext13                                      text13       000000
__Ltext14                                      text14       000000
__Ltext15                                      text15       000000
__Ltext16                                      text16       000000
__Ltext17                                      text17       000000
__Ltext18                                      text18       000000
__Ltext19                                      text19       000000
__Ltext2                                       text2        000000
__Ltext20                                      text20       000000
__Ltext21                                      text21       000000
__Ltext22                                      text22       000000
__Ltext23                                      text23       000000
__Ltext24                                      text24       000000
__Ltext25                                      text25       000000
__Ltext26                                      text26       000000
__Ltext27                                      text27       000000
__Ltext28                                      text28       000000
__Ltext29                                      text29       000000
__Ltext3                                       text3        000000
__Ltext30                                      text30       000000
__Ltext31                                      text31       000000
__Ltext32                                      text32       000000
__Ltext33                                      text33       000000
__Ltext34                                      text34       000000
__Ltext35                                      text35       000000
__Ltext36                                      text36       000000
__Ltext37                                      text37       000000
__Ltext38                                      text38       000000
__Ltext39                                      text39       000000
__Ltext4                                       text4        000000
__Ltext40                                      text40       000000
__Ltext41                                      text41       000000
__Ltext42                                      text42       000000
__Ltext43                                      text43       000000
__Ltext44                                      text44       000000
__Ltext45                                      text45       000000
__Ltext46                                      text46       000000
__Ltext47                                      text47       000000
__Ltext48                                      text48       000000
__Ltext49                                      text49       000000
__Ltext5                                       text5        000000
__Ltext50                                      text50       000000
__Ltext51                                      text51       000000
__Ltext52                                      text52       000000
__Ltext53                                      text53       000000
__Ltext54                                      text54       000000
__Ltext55                                      text55       000000
__Ltext56                                      text56       000000
__Ltext57                                      text57       000000
__Ltext58                                      text58       000000
__Ltext59                                      text59       000000
__Ltext6                                       text6        000000
__Ltext60                                      text60       000000
__Ltext61                                      text61       000000
__Ltext62                                      text62       000000
__Ltext64                                      text64       000000
__Ltext65                                      text65       000000
__Ltext7                                       text7        000000
__Ltext8                                       text8        000000
__Ltext9                                       text9        000000
__S0                                           (abs)        30000E
__S1                                           (abs)        000358
__S2                                           (abs)        000000
___aodiv                                       text47       0026E8
___aodiv@counter                               cstackCOMRAM 000016
___aodiv@dividend                              cstackCOMRAM 000006
___aodiv@divisor                               cstackCOMRAM 00000E
___aodiv@quotient                              cstackCOMRAM 000018
___aodiv@sign                                  cstackCOMRAM 000017
___aomod                                       text46       002BF4
___aomod@counter                               cstackCOMRAM 000016
___aomod@dividend                              cstackCOMRAM 000006
___aomod@divisor                               cstackCOMRAM 00000E
___aomod@sign                                  cstackCOMRAM 000017
___awdiv                                       text10       00310C
___awdiv@counter                               cstackCOMRAM 00000A
___awdiv@dividend                              cstackCOMRAM 000006
___awdiv@divisor                               cstackCOMRAM 000008
___awdiv@quotient                              cstackCOMRAM 00000C
___awdiv@sign                                  cstackCOMRAM 00000B
___awmod                                       text32       003212
___awmod@counter                               cstackCOMRAM 00000A
___awmod@dividend                              cstackCOMRAM 000006
___awmod@divisor                               cstackCOMRAM 000008
___awmod@sign                                  cstackCOMRAM 00000B
___fladd                                       text30       001864
___fladd@a                                     cstackCOMRAM 000031
___fladd@aexp                                  cstackCOMRAM 00003A
___fladd@b                                     cstackCOMRAM 00002D
___fladd@bexp                                  cstackCOMRAM 00003B
___fladd@grs                                   cstackCOMRAM 00003C
___fladd@signs                                 cstackCOMRAM 000039
___fldiv                                       text28       001B70
___fldiv@a                                     cstackCOMRAM 000031
___fldiv@aexp                                  cstackCOMRAM 000045
___fldiv@b                                     cstackCOMRAM 00002D
___fldiv@bexp                                  cstackCOMRAM 000044
___fldiv@grs                                   cstackCOMRAM 000040
___fldiv@new_exp                               cstackCOMRAM 00003E
___fldiv@rem                                   cstackCOMRAM 000039
___fldiv@sign                                  cstackCOMRAM 00003D
___flge                                        text27       002D18
___flge@ff1                                    cstackCOMRAM 000006
___flge@ff2                                    cstackCOMRAM 00000A
___flmul                                       text26       001200
___flmul@a                                     cstackCOMRAM 000018
___flmul@aexp                                  cstackCOMRAM 000021
___flmul@b                                     cstackCOMRAM 000014
___flmul@bexp                                  cstackCOMRAM 000026
___flmul@grs                                   cstackCOMRAM 000022
___flmul@prod                                  cstackCOMRAM 000027
___flmul@sign                                  cstackCOMRAM 000020
___flmul@temp                                  cstackCOMRAM 00002B
___flsub                                       text29       0035B8
___flsub@a                                     cstackCOMRAM 00004A
___flsub@b                                     cstackCOMRAM 000046
___fltol                                       text25       002DE8
___fltol@exp1                                  cstackCOMRAM 000057
___fltol@f1                                    cstackCOMRAM 00004E
___fltol@sign1                                 cstackCOMRAM 000056
___inthi_sp                                    stack        000000
___intlo_sp                                    stack        000000
___lldiv                                       text4        003190
___lldiv@counter                               cstackCOMRAM 000012
___lldiv@dividend                              cstackCOMRAM 000006
___lldiv@divisor                               cstackCOMRAM 00000A
___lldiv@quotient                              cstackCOMRAM 00000E
___llmod                                       text62       003358
___llmod@counter                               cstackCOMRAM 00000E
___llmod@dividend                              cstackCOMRAM 000006
___llmod@divisor                               cstackCOMRAM 00000A
___param_bank                                  (abs)        000000
___rparam_used                                 (abs)        000001
___sp                                          stack        000000
___wmul                                        text57       003962
___wmul@multiplicand                           cstackCOMRAM 000008
___wmul@multiplier                             cstackCOMRAM 000006
___wmul@product                                cstackCOMRAM 00000A
___xxtofl                                      text24       002974
___xxtofl@arg                                  cstackCOMRAM 000010
___xxtofl@exp                                  cstackCOMRAM 00000F
___xxtofl@sign                                 cstackCOMRAM 00000E
___xxtofl@val                                  cstackCOMRAM 000006
__accesstop                                    (abs)        000080
__activetblptr                                 (abs)        000002
__end_of_EncoderInit                           text5        003A48
__end_of_I2C_Master_Init                       text3        00347E
__end_of_I2C_Master_Read                       text18       0039AC
__end_of_I2C_Master_Start                      text17       003AB4
__end_of_I2C_Master_Stop                       text16       003AAC
__end_of_I2C_Master_Wait                       text19       003A70
__end_of_I2C_Master_Write                      text15       003AA4
__end_of_LCD_LINE1_ADDR                        mediumconst  00FE5C
__end_of_LCD_LINE2_ADDR                        mediumconst  00FE66
__end_of_LCD_LINE3_ADDR                        mediumconst  00FE65
__end_of_LCD_LINE4_ADDR                        mediumconst  00FE64
__end_of_LCD_SIZE_HORZ                         mediumconst  00FE5E
__end_of_LCD_SIZE_VERT                         mediumconst  00FE5D
__end_of_TIMER_INIT                            text33       003A30
__end_of___aodiv                               text47       002830
__end_of___aomod                               text46       002D18
__end_of___awdiv                               text10       003190
__end_of___awmod                               text32       003282
__end_of___fladd                               text30       001B70
__end_of___fldiv                               text28       001DF8
__end_of___flge                                text27       002DE8
__end_of___flmul                               text26       001552
__end_of___flsub                               text29       0035FE
__end_of___fltol                               text25       002EA2
__end_of___lldiv                               text4        003212
__end_of___llmod                               text62       0033BE
__end_of___wmul                                text57       003988
__end_of___xxtofl                              text24       002AB4
__end_of__initialization                       cinit        0030FE
__end_of_abs                                   text45       00382C
__end_of_atoi                                  text54       002BF4
__end_of_ctoa                                  text48       003522
__end_of_doDisplayLog                          text34       001200
__end_of_doOperation                           text7        0005BA
__end_of_dtoa                                  text44       0022AC
__end_of_errorCorrectedMove                    text21       00205C
__end_of_fputc                                 text52       0032EE
__end_of_fputs                                 text51       0037C6
__end_of_happynewyear                          mediumconst  00FE5B
__end_of_initLCD                               text2        003358
__end_of_init_motor_PWM                        text31       00393A
__end_of_interruptHandler                      intcode_body 003644
__end_of_isalpha                               text42       0037FA
__end_of_isdigit                               text56       0038BC
__end_of_islower                               text40       00385C
__end_of_isspace                               text55       00378E
__end_of_isupper                               text41       00388C
__end_of_keys                                  mediumconst  00FE54
__end_of_lcdInst                               text58       003A9A
__end_of_main                                  text0        000E52
__end_of_opDelay                               text9        003422
__end_of_opErrorCorrectionDegrees              text20       002F56
__end_of_pad                                   text49       002FF0
__end_of_printf                                text35       003962
__end_of_pulse_e                               text61       003912
__end_of_putch                                 text53       003A8E
__end_of_replaceOldLog                         text6        00356E
__end_of_requestIsTireDropDone                 text14       0038E8
__end_of_robotInit                             text1        003750
__end_of_sendArduinoAbortOperationMessage      text13       003A12
__end_of_sendArduinoTireDropRequest            text12       0039F0
__end_of_sendArduinoTireOperationStartMessage  text11       0039CE
__end_of_send_byte                             text59       003A82
__end_of_send_nibble                           text60       003A5E
__end_of_setMotorSpeeds                        text22       003086
__end_of_set_pwm_duty_cycle                    text23       0026E8
__end_of_stoa                                  text43       002974
__end_of_strlen                                text50       003688
__end_of_tirePositioning                       text8        001864
__end_of_toupper                               text39       0035B8
__end_of_updateMotorAEncoder                   text65       003710
__end_of_updateMotorBEncoder                   text64       0036CC
__end_of_vfpfcnvrt                             text37       000A44
__end_of_vfprintf                              text36       0034D4
__end_of_xtoa                                  text38       0024E6
__end_ofinit_motor_PWM@FREQUENCY               mediumconst  00FE63
__end_ofinit_motor_PWM@TIMER2_PRESCALER        mediumconst  00FE5F
__initialization                               cinit        003086
__mediumconst                                  mediumconst  00FE42
__pbssBANK0                                    bssBANK0     0000CC
__pbssBANK1                                    bssBANK1     000143
__pbssBIGRAM                                   bssBIGRAM    000178
__pbssCOMRAM                                   bssCOMRAM    000075
__pcinit                                       cinit        003086
__pcstackBANK0                                 cstackBANK0  000080
__pcstackBANK1                                 cstackBANK1  000100
__pcstackCOMRAM                                cstackCOMRAM 000001
__pdataBANK0                                   dataBANK0    0000D3
__pdataBANK1                                   dataBANK1    000171
__pdataCOMRAM                                  dataCOMRAM   000079
__pidataBANK0                                  idataBANK0   003ABC
__pidataBANK1                                  idataBANK1   003AB4
__pidataCOMRAM                                 idataCOMRAM  003ABB
__pintcode                                     intcode      000008
__pintcode_body                                intcode_body 0035FE
__pmediumconst                                 mediumconst  00FE42
__ptext0                                       text0        000A44
__ptext1                                       text1        003710
__ptext10                                      text10       00310C
__ptext11                                      text11       0039AC
__ptext12                                      text12       0039CE
__ptext13                                      text13       0039F0
__ptext14                                      text14       0038BC
__ptext15                                      text15       003A9A
__ptext16                                      text16       003AA4
__ptext17                                      text17       003AAC
__ptext18                                      text18       003988
__ptext19                                      text19       003A5E
__ptext2                                       text2        0032EE
__ptext20                                      text20       002EA2
__ptext21                                      text21       001DF8
__ptext22                                      text22       002FF0
__ptext23                                      text23       0024E6
__ptext24                                      text24       002974
__ptext25                                      text25       002DE8
__ptext26                                      text26       001200
__ptext27                                      text27       002D18
__ptext28                                      text28       001B70
__ptext29                                      text29       0035B8
__ptext3                                       text3        003422
__ptext30                                      text30       001864
__ptext31                                      text31       003912
__ptext32                                      text32       003212
__ptext33                                      text33       003A12
__ptext34                                      text34       000E52
__ptext35                                      text35       00393A
__ptext36                                      text36       00347E
__ptext37                                      text37       0005BA
__ptext38                                      text38       0022AC
__ptext39                                      text39       00356E
__ptext4                                       text4        003190
__ptext40                                      text40       00382C
__ptext41                                      text41       00385C
__ptext42                                      text42       0037C6
__ptext43                                      text43       002830
__ptext44                                      text44       00205C
__ptext45                                      text45       0037FA
__ptext46                                      text46       002BF4
__ptext47                                      text47       0026E8
__ptext48                                      text48       0034D4
__ptext49                                      text49       002F56
__ptext5                                       text5        003A30
__ptext50                                      text50       003644
__ptext51                                      text51       00378E
__ptext52                                      text52       003282
__ptext53                                      text53       003A82
__ptext54                                      text54       002AB4
__ptext55                                      text55       003750
__ptext56                                      text56       00388C
__ptext57                                      text57       003962
__ptext58                                      text58       003A8E
__ptext59                                      text59       003A70
__ptext6                                       text6        003522
__ptext60                                      text60       003A48
__ptext61                                      text61       0038E8
__ptext62                                      text62       003358
__ptext64                                      text64       003688
__ptext65                                      text65       0036CC
__ptext7                                       text7        000012
__ptext8                                       text8        001552
__ptext9                                       text9        0033BE
__ramtop                                       ramtop       001000
__size_of_EncoderInit                          (abs)        000000
__size_of_I2C_Master_Init                      (abs)        000000
__size_of_I2C_Master_Read                      (abs)        000000
__size_of_I2C_Master_Start                     (abs)        000000
__size_of_I2C_Master_Stop                      (abs)        000000
__size_of_I2C_Master_Wait                      (abs)        000000
__size_of_I2C_Master_Write                     (abs)        000000
__size_of_TIMER_INIT                           (abs)        000000
__size_of___aodiv                              (abs)        000000
__size_of___aomod                              (abs)        000000
__size_of___awdiv                              (abs)        000000
__size_of___awmod                              (abs)        000000
__size_of___fladd                              (abs)        000000
__size_of___fldiv                              (abs)        000000
__size_of___flge                               (abs)        000000
__size_of___flmul                              (abs)        000000
__size_of___flsub                              (abs)        000000
__size_of___fltol                              (abs)        000000
__size_of___lldiv                              (abs)        000000
__size_of___llmod                              (abs)        000000
__size_of___wmul                               (abs)        000000
__size_of___xxtofl                             (abs)        000000
__size_of_abs                                  (abs)        000000
__size_of_atoi                                 (abs)        000000
__size_of_ctoa                                 (abs)        000000
__size_of_doDisplayLog                         (abs)        000000
__size_of_doOperation                          (abs)        000000
__size_of_dtoa                                 (abs)        000000
__size_of_errorCorrectedMove                   (abs)        000000
__size_of_fputc                                (abs)        000000
__size_of_fputs                                (abs)        000000
__size_of_initLCD                              (abs)        000000
__size_of_init_motor_PWM                       (abs)        000000
__size_of_interruptHandler                     (abs)        000000
__size_of_isalpha                              (abs)        000000
__size_of_isdigit                              (abs)        000000
__size_of_islower                              (abs)        000000
__size_of_isspace                              (abs)        000000
__size_of_isupper                              (abs)        000000
__size_of_lcdInst                              (abs)        000000
__size_of_main                                 (abs)        000000
__size_of_opDelay                              (abs)        000000
__size_of_opErrorCorrectionDegrees             (abs)        000000
__size_of_pad                                  (abs)        000000
__size_of_printf                               (abs)        000000
__size_of_pulse_e                              (abs)        000000
__size_of_putch                                (abs)        000000
__size_of_replaceOldLog                        (abs)        000000
__size_of_requestIsTireDropDone                (abs)        000000
__size_of_robotInit                            (abs)        000000
__size_of_sendArduinoAbortOperationMessage     (abs)        000000
__size_of_sendArduinoTireDropRequest           (abs)        000000
__size_of_sendArduinoTireOperationStartMessage (abs)        000000
__size_of_send_byte                            (abs)        000000
__size_of_send_nibble                          (abs)        000000
__size_of_setMotorSpeeds                       (abs)        000000
__size_of_set_pwm_duty_cycle                   (abs)        000000
__size_of_stoa                                 (abs)        000000
__size_of_strlen                               (abs)        000000
__size_of_tirePositioning                      (abs)        000000
__size_of_toupper                              (abs)        000000
__size_of_updateMotorAEncoder                  (abs)        000000
__size_of_updateMotorBEncoder                  (abs)        000000
__size_of_vfpfcnvrt                            (abs)        000000
__size_of_vfprintf                             (abs)        000000
__size_of_xtoa                                 (abs)        000000
__smallconst                                   smallconst   000000
_abs                                           text45       0037FA
_atoi                                          text54       002AB4
_atoi$1831                                     cstackCOMRAM 000015
_atoi$1832                                     cstackCOMRAM 000019
_atoi$1833                                     cstackCOMRAM 000017
_bottomBreakBeamTriggeredChange                bssBANK1     00014F
_ctoa                                          text48       0034D4
_dbuf                                          bssBANK1     000151
_doDisplayLog                                  text34       000E52
_doDisplayLog$2224                             cstackBANK0  000099
_doOperation                                   text7        000012
_dtoa                                          text44       00205C
_dtoa$1335                                     cstackCOMRAM 000037
_encoderAInterruptLast                         bssBANK1     00014D
_encoderBInterruptLast                         bssBANK1     00014E
_errorCorrectedMove                            text21       001DF8
_flags                                         bssBANK0     0000CC
_fputc                                         text52       003282
_fputs                                         text51       00378E
_happynewyear                                  mediumconst  00FE54
_initLCD                                       text2        0032EE
_init_motor_PWM                                text31       003912
_interruptHandler                              intcode      000008
_isalpha                                       text42       0037C6
_isdigit                                       text56       00388C
_islower                                       text40       00382C
_isspace                                       text55       003750
_isspace$1858                                  cstackCOMRAM 00000C
_isupper                                       text41       00385C
_keyPressed                                    bssBANK0     0000D2
_keys                                          mediumconst  00FE43
_lcdInst                                       text58       003A8E
_logs                                          bssBIGRAM    000178
_main                                          text0        000A44
_millisecondsMeasured                          bssCOMRAM    000075
_motorADirection                               dataBANK0    0000D3
_motorADistance                                bssBANK0     0000D0
_motorBDirection                               dataCOMRAM   000079
_motorBDistance                                bssBANK0     0000CE
_nout                                          bssBANK1     000147
_opDelay                                       text9        0033BE
_opErrorCorrectionDegrees                      text20       002EA2
_opErrorCorrectionDegrees$2229                 cstackBANK0  0000AE
_pad                                           text49       002F56
_prec                                          bssBANK1     00014B
_printf                                        text35       00393A
_pulse_e                                       text61       0038E8
_putch                                         text53       003A82
_replaceOldLog                                 text6        003522
_requestIsTireDropDone                         text14       0038BC
_robotInit                                     text1        003710
_sendArduinoAbortOperationMessage              text13       0039F0
_sendArduinoTireDropRequest                    text12       0039CE
_sendArduinoTireOperationStartMessage          text11       0039AC
_send_byte                                     text59       003A70
_send_nibble                                   text60       003A48
_setMotorSpeeds                                text22       002FF0
_setMotorSpeeds$2226                           cstackBANK0  000080
_setMotorSpeeds$2227                           cstackBANK0  000084
_set_pwm_duty_cycle                            text23       0024E6
_set_pwm_duty_cycle$2225                       cstackCOMRAM 000068
_stoa                                          text43       002830
_strlen                                        text50       003644
_tirePositioning                               text8        001552
_topBreakBeamTriggeredChange                   bssBANK1     000150
_toupper                                       text39       00356E
_toupper$1922                                  cstackCOMRAM 000012
_updateMotorAEncoder                           text65       0036CC
_updateMotorBEncoder                           text64       003688
_vfpfcnvrt                                     text37       0005BA
_vfpfcnvrt$1371                                cstackCOMRAM 00006A
_vfprintf                                      text36       00347E
_width                                         bssBANK1     000149
_xtoa                                          text38       0022AC
_xtoa$1356                                     cstackCOMRAM 000038
_xtoa$1357                                     cstackCOMRAM 00003A
abs@a                                          cstackCOMRAM 000018
atoi@n                                         cstackCOMRAM 00001A
atoi@neg                                       cstackCOMRAM 000013
atoi@s                                         cstackCOMRAM 00000D
btemp                                          temp         00007A
ctoa@c                                         cstackCOMRAM 000027
ctoa@fp                                        cstackCOMRAM 000025
ctoa@w                                         cstackCOMRAM 000028
doDisplayLog@currentDisplayState               cstackBANK0  000095
doDisplayLog@currentPole                       cstackBANK0  000097
doDisplayLog@keyValue                          cstackBANK0  000096
doDisplayLog@keypress                          cstackBANK0  000094
doDisplayLog@logNumber                         cstackBANK0  00008E
doOperation@PIDData                            cstackBANK1  000100
doOperation@badCount                           cstackBANK1  000119
doOperation@badCountBot                        cstackBANK1  00011B
doOperation@bottomLaserState                   cstackBANK1  000141
doOperation@bottomLaserStatePrev               cstackBANK1  000139
doOperation@counted                            cstackBANK1  00012E
doOperation@currentOperationState              cstackBANK1  000140
doOperation@distanceFromLastPole               cstackBANK1  000121
doOperation@distanceToPole                     cstackBANK1  000130
doOperation@goalSpeed                          cstackBANK1  000127
doOperation@i                                  cstackBANK1  00013A
doOperation@isDoneDrop                         cstackBANK1  000129
doOperation@motorAStartDistance                cstackBANK1  00012A
doOperation@motorBStartDistance                cstackBANK1  00012C
doOperation@poleNumber                         cstackBANK1  00011D
doOperation@send                               cstackBANK1  000118
doOperation@startedDistA                       cstackBANK1  000114
doOperation@startedDistB                       cstackBANK1  000116
doOperation@timeInOperation                    cstackBANK1  00013C
doOperation@timeStart                          cstackBANK1  000123
doOperation@tiresDeployedOnPole                cstackBANK1  000134
doOperation@tiresOnPole                        cstackBANK1  000136
doOperation@tiresOnPoleAfterOp                 cstackBANK1  000112
doOperation@tiresToDrop                        cstackBANK1  000132
doOperation@topLaserState                      cstackBANK1  000142
doOperation@topLaserStatePrev                  cstackBANK1  000138
doOperation@totalTiresSupplied                 cstackBANK1  00011F
dtoa@d                                         cstackCOMRAM 000027
dtoa@fp                                        cstackCOMRAM 000025
dtoa@i                                         cstackCOMRAM 000047
dtoa@n                                         cstackCOMRAM 00003F
dtoa@p                                         cstackCOMRAM 000039
dtoa@s                                         cstackCOMRAM 00003D
dtoa@w                                         cstackCOMRAM 00003B
end_of_initialization                          cinit        0030FE
errorCorrectedMove@ASpeed                      cstackBANK0  00009C
errorCorrectedMove@BSpeed                      cstackBANK0  00009E
errorCorrectedMove@correctionConstant          cstackBANK0  000092
errorCorrectedMove@error                       cstackBANK0  00009A
errorCorrectedMove@goalSpeed                   cstackBANK0  000088
errorCorrectedMove@motorAStartDistance         cstackBANK0  00008E
errorCorrectedMove@motorBStartDistance         cstackBANK0  000090
errorCorrectedMove@turnRatio                   cstackBANK0  00008A
fputc@c                                        cstackCOMRAM 00000A
fputc@fp                                       cstackCOMRAM 00000C
fputs@c                                        cstackCOMRAM 000017
fputs@fp                                       cstackCOMRAM 000015
fputs@i                                        cstackCOMRAM 000018
[...]
  data            1    8[COMRAM] unsigned char 
 Return value:  Size  Location     Type
                  1    wreg      void 
 Registers used:
		wreg, status,2, status,0, cstack
 Tracked objects:
		On entry : 
		On exit  : 
		Unchanged: 
 Data sizes:     COMRAM   BANK0   BANK1   BANK2   BANK3   BANK4   BANK5   BANK6   BANK7   BANK8   BANK9  BANK10  BANK11  BANK12  BANK13  BANK14  BANK15
      Params:         0       0       0       0       0       0       0       0       0       0       0       0       0       0       0       0       0
      Locals:         1       0       0       0       0       0       0       0       0       0       0       0       0       0       0       0       0
      Temps:          0       0       0       0       0       0       0       0       0       0       0       0       0       0       0       0       0
      Totals:         1       0       0       0       0       0       0       0       0       0       0       0       0       0       0       0       0
Total ram usage:        1 bytes
 Hardware stack levels used:    1
 Hardware stack levels required when called:    5
 This function calls:
		_send_byte
 This function is called by:
		_doDisplayLog
		_tirePositioning
		_doOperation
		_main
		_initLCD
		_mainEEPROM
		_lcd_shift_cursor
		_lcd_shift_display
 This function uses a non-reentrant model


 *************** function _send_byte *****************
 Defined at:
		line 55 in file "lcd.c"
 Parameters:    Size  Location     Type
  data            1    wreg     unsigned char 
 Auto vars:     Size  Location     Type
  data            1    7[COMRAM] unsigned char 
 Return value:  Size  Location     Type
                  1    wreg      void 
 Registers used:
		wreg, status,2, status,0, cstack
 Tracked objects:
		On entry : 
		On exit  : 
		Unchanged: 
 Data sizes:     COMRAM   BANK0   BANK1   BANK2   BANK3   BANK4   BANK5   BANK6   BANK7   BANK8   BANK9  BANK10  BANK11  BANK12  BANK13  BANK14  BANK15
      Params:         0       0       0       0       0       0       0       0       0       0       0       0       0       0       0       0       0
      Locals:         1       0       0       0       0       0       0       0       0       0       0       0       0       0       0       0       0
      Temps:          0       0       0       0       0       0       0       0       0       0       0       0       0       0       0       0       0
      Totals:         1       0       0       0       0       0       0       0       0       0       0       0       0       0       0       0       0
Total ram usage:        1 bytes
 Hardware stack levels used:    1
 Hardware stack levels required when called:    4
 This function calls:
		_send_nibble
 This function is called by:
		_lcdInst
		_initLCD
		_putch
 This function uses a non-reentrant model


 *************** function _send_nibble *****************
 Defined at:
		line 44 in file "lcd.c"
 Parameters:    Size  Location     Type
  data            1    wreg     unsigned char 
 Auto vars:     Size  Location     Type
  data            1    6[COMRAM] unsigned char 
 Return value:  Size  Location     Type
                  1    wreg      void 
 Registers used:
		wreg, status,2, status,0, cstack
 Tracked objects:
		On entry : 
		On exit  : 
		Unchanged: 
 Data sizes:     COMRAM   BANK0   BANK1   BANK2   BANK3   BANK4   BANK5   BANK6   BANK7   BANK8   BANK9  BANK10  BANK11  BANK12  BANK13  BANK14  BANK15
      Params:         0       0       0       0       0       0       0       0       0       0       0       0       0       0       0       0       0
      Locals:         1       0       0       0       0       0       0       0       0       0       0       0       0       0       0       0       0
      Temps:          0       0       0       0       0       0       0       0       0       0       0       0       0       0       0       0       0
      Totals:         1       0       0       0       0       0       0       0       0       0       0       0       0       0       0       0       0
Total ram usage:        1 bytes
 Hardware stack levels used:    1
 Hardware stack levels required when called:    3
 This function calls:
		_pulse_e
 This function is called by:
		_send_byte
		_initLCD
 This function uses a non-reentrant model


 *************** function _pulse_e *****************
 Defined at:
		line 28 in file "lcd.c"
 Parameters:    Size  Location     Type
		None
 Auto vars:     Size  Location     Type
  interruptSta    1    5[COMRAM] unsigned char 
 Return value:  Size  Location     Type
                  1    wreg      void 
 Registers used:
		wreg
 Tracked objects:
		On entry : 
		On exit  : 
		Unchanged: 
 Data sizes:     COMRAM   BANK0   BANK1   BANK2   BANK3   BANK4   BANK5   BANK6   BANK7   BANK8   BANK9  BANK10  BANK11  BANK12  BANK13  BANK14  BANK15
      Params:         0       0       0       0       0       0       0       0       0       0       0       0       0       0       0       0       0
      Locals:         1       0       0       0       0       0       0       0       0       0       0       0       0       0       0       0       0
      Temps:          0       0       0       0       0       0       0       0       0       0       0       0       0       0       0       0       0
      Totals:         1       0       0       0       0       0       0       0       0       0       0       0       0       0       0       0       0
Total ram usage:        1 bytes
 Hardware stack levels used:    1
 Hardware stack levels required when called:    2
 This function calls:
		Nothing
 This function is called by:
		_send_nibble
 This function uses a non-reentrant model


 *************** function ___llmod *****************
 Defined at:
		line 7 in file "C:\Program Files (x86)\Microchip\xc8\v2.05\pic\sources\c99\common\llmod.c"
 Parameters:    Size  Location     Type
  dividend        4    5[COMRAM] unsigned long 
  divisor         4    9[COMRAM] unsigned long 
 Auto vars:     Size  Location     Type
  counter         1   13[COMRAM] unsigned char 
 Return value:  Size  Location     Type
                  4    5[COMRAM] unsigned long 
 Registers used:
		wreg, status,2, status,0
 Tracked objects:
		On entry : 
		On exit  : 
		Unchanged: 
 Data sizes:     COMRAM   BANK0   BANK1   BANK2   BANK3   BANK4   BANK5   BANK6   BANK7   BANK8   BANK9  BANK10  BANK11  BANK12  BANK13  BANK14  BANK15
      Params:         8       0       0       0       0       0       0       0       0       0       0       0       0       0       0       0       0
      Locals:         1       0       0       0       0       0       0       0       0       0       0       0       0       0       0       0       0
      Temps:          0       0       0       0       0       0       0       0       0       0       0       0       0       0       0       0       0
      Totals:         9       0       0       0       0       0       0       0       0       0       0       0       0       0       0       0       0
Total ram usage:        9 bytes
 Hardware stack levels used:    1
 Hardware stack levels required when called:    2
 This function calls:
		Nothing
 This function is called by:
		_main
 This function uses a non-reentrant model


 *************** function _interruptHandler *****************
 Defined at:
		line 1205 in file "main.c"
 Parameters:    Size  Location     Type
		None
 Auto vars:     Size  Location     Type
		None
 Return value:  Size  Location     Type
                  1    wreg      void 
 Registers used:
		wreg, status,2, status,0, cstack
 Tracked objects:
		On entry : 
		On exit  : 
		Unchanged: 
 Data sizes:     COMRAM   BANK0   BANK1   BANK2   BANK3   BANK4   BANK5   BANK6   BANK7   BANK8   BANK9  BANK10  BANK11  BANK12  BANK13  BANK14  BANK15
      Params:         0       0       0       0       0       0       0       0       0       0       0       0       0       0       0       0       0
      Locals:         0       0       0       0       0       0       0       0       0       0       0       0       0       0       0       0       0
      Temps:          0       0       0       0       0       0       0       0       0       0       0       0       0       0       0       0       0
      Totals:         0       0       0       0       0       0       0       0       0       0       0       0       0       0       0       0       0
Total ram usage:        0 bytes
 Hardware stack levels used:    1
 Hardware stack levels required when called:    1
 This function calls:
		_updateMotorAEncoder
		_updateMotorBEncoder
 This function is called by:
		Interrupt level 2
 This function uses a non-reentrant model


 *************** function _updateMotorBEncoder *****************
 Defined at:
		line 149 in file "main.c"
 Parameters:    Size  Location     Type
		None
 Auto vars:     Size  Location     Type
  directionPin    2    3[COMRAM] int 
  interruptPin    2    1[COMRAM] int 
 Return value:  Size  Location     Type
                  1    wreg      void 
 Registers used:
		wreg, status,2, status,0
 Tracked objects:
		On entry : 
		On exit  : 
		Unchanged: 
 Data sizes:     COMRAM   BANK0   BANK1   BANK2   BANK3   BANK4   BANK5   BANK6   BANK7   BANK8   BANK9  BANK10  BANK11  BANK12  BANK13  BANK14  BANK15
      Params:         0       0       0       0       0       0       0       0       0       0       0       0       0       0       0       0       0
      Locals:         4       0       0       0       0       0       0       0       0       0       0       0       0       0       0       0       0
      Temps:          1       0       0       0       0       0       0       0       0       0       0       0       0       0       0       0       0
      Totals:         5       0       0       0       0       0       0       0       0       0       0       0       0       0       0       0       0
Total ram usage:        5 bytes
 Hardware stack levels used:    1
 This function calls:
		Nothing
 This function is called by:
		_interruptHandler
 This function uses a non-reentrant model


 *************** function _updateMotorAEncoder *****************
 Defined at:
		line 180 in file "main.c"
 Parameters:    Size  Location     Type
		None
 Auto vars:     Size  Location     Type
  directionPin    2    3[COMRAM] int 
  interruptPin    2    1[COMRAM] int 
 Return value:  Size  Location     Type
                  1    wreg      void 
 Registers used:
		wreg, status,2, status,0
 Tracked objects:
		On entry : 
		On exit  : 
		Unchanged: 
 Data sizes:     COMRAM   BANK0   BANK1   BANK2   BANK3   BANK4   BANK5   BANK6   BANK7   BANK8   BANK9  BANK10  BANK11  BANK12  BANK13  BANK14  BANK15
      Params:         0       0       0       0       0       0       0       0       0       0       0       0       0       0       0       0       0
      Locals:         4       0       0       0       0       0       0       0       0       0       0       0       0       0       0       0       0
      Temps:          1       0       0       0       0       0       0       0       0       0       0       0       0       0       0       0       0
      Totals:         5       0       0       0       0       0       0       0       0       0       0       0       0       0       0       0       0
Total ram usage:        5 bytes
 Hardware stack levels used:    1
 This function calls:
		Nothing
 This function is called by:
		_interruptHandler
 This function uses a non-reentrant model



MODULE INFORMATION

Module		Function		Class		Link	Load	Size
C:\Program Files (x86)\Microchip\xc8\v2.05\pic\sources\c99\common\awmod.c
		___awmod       		CODE           	3212	0000	113

C:\Program Files (x86)\Microchip\xc8\v2.05\pic\sources\c99\common\awmod.c estimated size: 113

C:\Program Files (x86)\Microchip\xc8\v2.05\pic\sources\c99\common\printf.c
		_printf        		CODE           	393A	0000	41

C:\Program Files (x86)\Microchip\xc8\v2.05\pic\sources\c99\common\printf.c estimated size: 41

C:\Program Files (x86)\Microchip\xc8\v2.05\pic\sources\c99\common\llmod.c
		___llmod       		CODE           	3358	0000	103

C:\Program Files (x86)\Microchip\xc8\v2.05\pic\sources\c99\common\llmod.c estimated size: 103

C:\Program Files (x86)\Microchip\xc8\v2.05\pic\sources\c99\common\flge.c
		___flge        		CODE           	2D18	0000	209

C:\Program Files (x86)\Microchip\xc8\v2.05\pic\sources\c99\common\flge.c estimated size: 209

C:\Program Files (x86)\Microchip\xc8\v2.05\pic\sources\c99\common\nf_fputc.c
		_fputc         		CODE           	3282	0000	109

C:\Program Files (x86)\Microchip\xc8\v2.05\pic\sources\c99\common\nf_fputc.c estimated size: 109

C:\Program Files (x86)\Microchip\xc8\v2.05\pic\sources\c99\common\islower.c
		_islower       		CODE           	382C	0000	49

C:\Program Files (x86)\Microchip\xc8\v2.05\pic\sources\c99\common\islower.c estimated size: 49

I2C.c
		_I2C_Master_Read		CODE           	3988	0000	37
		_I2C_Master_Wait		CODE           	3A5E	0000	19
		_I2C_Master_Init		CODE           	3422	0000	93
		_I2C_Master_Stop		CODE           	3AA4	0000	9
		_I2C_Master_Write		CODE           	3A9A	0000	11
		_I2C_Master_Start		CODE           	3AAC	0000	9

I2C.c estimated size: 178

C:\Program Files (x86)\Microchip\xc8\v2.05\pic\sources\c99\common\aodiv.c
		___aodiv       		CODE           	26E8	0000	329

C:\Program Files (x86)\Microchip\xc8\v2.05\pic\sources\c99\common\aodiv.c estimated size: 329

C:\Program Files (x86)\Microchip\xc8\v2.05\pic\sources\c99\common\xxtofl.c
		___xxtofl      		CODE           	2974	0000	321

C:\Program Files (x86)\Microchip\xc8\v2.05\pic\sources\c99\common\xxtofl.c estimated size: 321

C:\Program Files (x86)\Microchip\xc8\v2.05\pic\sources\c99\common\isupper.c
		_isupper       		CODE           	385C	0000	49

C:\Program Files (x86)\Microchip\xc8\v2.05\pic\sources\c99\common\isupper.c estimated size: 49

C:\Program Files (x86)\Microchip\xc8\v2.05\pic\sources\c99\common\toupper.c
		_toupper       		CODE           	356E	0000	75

C:\Program Files (x86)\Microchip\xc8\v2.05\pic\sources\c99\common\toupper.c estimated size: 75

C:\Program Files (x86)\Microchip\xc8\v2.05\pic\sources\c99\common\strlen.c
		_strlen        		CODE           	3644	0000	69

C:\Program Files (x86)\Microchip\xc8\v2.05\pic\sources\c99\common\strlen.c estimated size: 69

C:\Program Files (x86)\Microchip\xc8\v2.05\pic\sources\c99\common\isspace.c
		_isspace       		CODE           	3750	0000	63

C:\Program Files (x86)\Microchip\xc8\v2.05\pic\sources\c99\common\isspace.c estimated size: 63

C:\Program Files (x86)\Microchip\xc8\v2.05\pic\sources\c99\common\awdiv.c
		___awdiv       		CODE           	310C	0000	133

C:\Program Files (x86)\Microchip\xc8\v2.05\pic\sources\c99\common\awdiv.c estimated size: 133

C:\Program Files (x86)\Microchip\xc8\v2.05\pic\sources\c99\common\fltol.c
		___fltol       		CODE           	2DE8	0000	187

C:\Program Files (x86)\Microchip\xc8\v2.05\pic\sources\c99\common\fltol.c estimated size: 187

C:\Program Files (x86)\Microchip\xc8\v2.05\pic\sources\c99\common\sprcmul.c
		___flmul       		CODE           	1200	0000	851

C:\Program Files (x86)\Microchip\xc8\v2.05\pic\sources\c99\common\sprcmul.c estimated size: 851

C:\Program Files (x86)\Microchip\xc8\v2.05\pic\sources\c99\common\__lldiv.c
		___lldiv       		CODE           	3190	0000	131

C:\Program Files (x86)\Microchip\xc8\v2.05\pic\sources\c99\common\__lldiv.c estimated size: 131

C:\Program Files (x86)\Microchip\xc8\v2.05\pic\sources\c99\common\sprcdiv.c
		___fldiv       		CODE           	1B70	0000	649

C:\Program Files (x86)\Microchip\xc8\v2.05\pic\sources\c99\common\sprcdiv.c estimated size: 649

C:\Program Files (x86)\Microchip\xc8\v2.05\pic\sources\c99\common\doprnt.c
		_vfpfcnvrt     		CODE           	05BA	0000	1163
		_pad           		CODE           	2F56	0000	155
		_ctoa          		CODE           	34D4	0000	79
		_dtoa          		CODE           	205C	0000	593
		_vfprintf      		CODE           	347E	0000	87
		_stoa          		CODE           	2830	0000	325
		_xtoa          		CODE           	22AC	0000	571

C:\Program Files (x86)\Microchip\xc8\v2.05\pic\sources\c99\common\doprnt.c estimated size: 2973

shared
		init_motor_PWM@FREQUENCY		MEDIUMCONST    	0000	0000	0
		_LCD_LINE1_ADDR		MEDIUMCONST    	FE5B	0000	2
		_LCD_LINE2_ADDR		MEDIUMCONST    	0000	0000	0
		_LCD_LINE3_ADDR		MEDIUMCONST    	0000	0000	0
		_LCD_LINE4_ADDR		MEDIUMCONST    	0000	0000	0
		_keys          		MEDIUMCONST    	FE43	0000	18
		__initialization		CODE           	3086	0000	121
		_LCD_SIZE_VERT 		MEDIUMCONST    	FE5C	0000	2
		_LCD_SIZE_HORZ 		MEDIUMCONST    	FE5D	0000	2
		init_motor_PWM@TIMER2_PRESCALER		MEDIUMCONST    	0000	0000	0
		_happynewyear  		MEDIUMCONST    	FE54	0000	8

shared estimated size: 153

C:\Program Files (x86)\Microchip\xc8\v2.05\pic\sources\c99\common\isalpha.c
		_isalpha       		CODE           	37C6	0000	53

C:\Program Files (x86)\Microchip\xc8\v2.05\pic\sources\c99\common\isalpha.c estimated size: 53

C:\Program Files (x86)\Microchip\xc8\v2.05\pic\sources\c99\common\Umul16.c
		___wmul        		CODE           	3962	0000	39

C:\Program Files (x86)\Microchip\xc8\v2.05\pic\sources\c99\common\Umul16.c estimated size: 39

C:\Program Files (x86)\Microchip\xc8\v2.05\pic\sources\c99\common\atoi.c
		_atoi          		CODE           	2AB4	0000	321

C:\Program Files (x86)\Microchip\xc8\v2.05\pic\sources\c99\common\atoi.c estimated size: 321

lcd.c
		_send_byte     		CODE           	3A70	0000	19
		_putch         		CODE           	3A82	0000	13
		_lcdInst       		CODE           	3A8E	0000	13
		_send_nibble   		CODE           	3A48	0000	23
		_pulse_e       		CODE           	38E8	0000	43
		_initLCD       		CODE           	32EE	0000	107

lcd.c estimated size: 218

C:\Program Files (x86)\Microchip\xc8\v2.05\pic\sources\c99\common\abs.c
		_abs           		CODE           	37FA	0000	51

C:\Program Files (x86)\Microchip\xc8\v2.05\pic\sources\c99\common\abs.c estimated size: 51

C:\Program Files (x86)\Microchip\xc8\v2.05\pic\sources\c99\common\nf_fputs.c
		_fputs         		CODE           	378E	0000	57

C:\Program Files (x86)\Microchip\xc8\v2.05\pic\sources\c99\common\nf_fputs.c estimated size: 57

main.c
		_sendArduinoTireDropRequest		CODE           	39CE	0000	35
		_doDisplayLog  		CODE           	0E52	0000	943
		_robotInit     		CODE           	3710	0000	65
		_set_pwm_duty_cycle		CODE           	24E6	0000	515
		_main          		CODE           	0A44	0000	1039
		_updateMotorAEncoder		CODE           	36CC	0000	69
		_updateMotorBEncoder		CODE           	3688	0000	69
		_EncoderInit   		CODE           	3A30	0000	25
		_opDelay       		CODE           	33BE	0000	101
		_init_motor_PWM		CODE           	3912	0000	41
		_opErrorCorrectionDegrees		CODE           	2EA2	0000	181
		_requestIsTireDropDone		CODE           	38BC	0000	45
		_sendArduinoAbortOperationMessage		CODE           	39F0	0000	35
		_errorCorrectedMove		CODE           	1DF8	0000	613
		_sendArduinoTireOperationStartMessage		CODE           	39AC	0000	35
		_interruptHandler		CODE           	0008	0000	77
		_setMotorSpeeds		CODE           	2FF0	0000	151
		_tirePositioning		CODE           	1552	0000	787
		_TIMER_INIT    		CODE           	3A12	0000	31
		_doOperation   		CODE           	0012	0000	1449
		_replaceOldLog 		CODE           	3522	0000	77

main.c estimated size: 6383

C:\Program Files (x86)\Microchip\xc8\v2.05\pic\sources\c99\common\isdigit.c
		_isdigit       		CODE           	388C	0000	49

C:\Program Files (x86)\Microchip\xc8\v2.05\pic\sources\c99\common\isdigit.c estimated size: 49

C:\Program Files (x86)\Microchip\xc8\v2.05\pic\sources\c99\common\sprcadd.c
		___flsub       		CODE           	35B8	0000	71
		___fladd       		CODE           	1864	0000	781

C:\Program Files (x86)\Microchip\xc8\v2.05\pic\sources\c99\common\sprcadd.c estimated size: 852

C:\Program Files (x86)\Microchip\xc8\v2.05\pic\sources\c99\common\aomod.c
		___aomod       		CODE           	2BF4	0000	293

C:\Program Files (x86)\Microchip\xc8\v2.05\pic\sources\c99\common\aomod.c estimated size: 293

