Microchip MPLAB XC8 Compiler V2.05 ()

Linker command line:

-W-3 --edf=C:\Program Files (x86)\Microchip\xc8\v2.05\pic\dat\en_msgs.txt \
  -cs -h+dist/default/production\RobotPicMain.X.production.sym \
  --cmf=dist/default/production\RobotPicMain.X.production.cmf -z -Q18F4620 \
  -oC:\Users\chris\AppData\Local\Temp\sfh0.2 --defsym=__MPLAB_BUILD=1 \
  -Mdist/default/production/RobotPicMain.X.production.map -E1 -ver=XC8 \
  --acfsm=1493 -ASTACK=0361h-0F7Fh -pstack=STACK -ACODE=00h-0FFFFh \
  -ACONST=00h-0FFFFh -ASMALLCONST=01000h-010FFhx240 \
  -AMEDIUMCONST=01000h-0FFFFh -ACOMRAM=01h-07Fh -AABS1=00h-0F7Fh \
  -ABIGRAM=01h-0F7Fh -ARAM=080h-0FFh,0100h-01FFhx14,0F00h-0F7Fh \
  -ABANK0=080h-0FFh -ABANK1=0100h-01FFh -ABANK2=0200h-02FFh \
  -ABANK3=0300h-03FFh -ABANK4=0400h-04FFh -ABANK5=0500h-05FFh \
  -ABANK6=0600h-06FFh -ABANK7=0700h-07FFh -ABANK8=0800h-08FFh \
  -ABANK9=0900h-09FFh -ABANK10=0A00h-0AFFh -ABANK11=0B00h-0BFFh \
  -ABANK12=0C00h-0CFFh -ABANK13=0D00h-0DFFh -ABANK14=0E00h-0EFFh \
  -ABANK15=0F00h-0F7Fh -ASFR=0F80h-0FFFh \
  -preset_vec=00h,intcode=08h,intcodelo,powerup,init -pramtop=01000h \
  -psmallconst=SMALLCONST -pmediumconst=MEDIUMCONST -pconst=CONST \
  -AFARRAM=00h-00h -ACONFIG=0300000h-030000Dh -pconfig=CONFIG \
  -AIDLOC=0200000h-0200007h -pidloc=IDLOC -AEEDATA=0F00000h-0F003FFh \
  -peeprom_data=EEDATA \
  -prdata=COMRAM,nvrram=COMRAM,nvbit=COMRAM,rbss=COMRAM,rbit=COMRAM \
  -pfarbss=FARRAM,fardata=FARRAM,nvFARRAM=FARRAM \
  -pintsave_regs=BIGRAM,bigbss=BIGRAM,bigdata=BIGRAM -pbss=RAM \
  -pidata=CODE,irdata=CODE,ibigdata=CODE,ifardata=CODE -prparam=COMRAM \
  C:\Users\chris\AppData\Local\Temp\sfh0.o \
  dist/default/production\RobotPicMain.X.production.o 

Object code version is 3.11

Machine type is 18F4620

Call graph: (short form)




                Name                               Link     Load   Length Selector   Space Scale
C:\Users\chris\AppData\Local\Temp\sfh0.o
                init                                  E        E        4        4       0
                reset_vec                             0        0        4        0       0
                idloc                            200000   200000        8   200000       0
                config                           300000   300000        E   300000       0
dist/default/production\RobotPicMain.X.production.o
                intcode                               8        8        6        4       0
                temp                                 7A       7A        1        1       1
                mediumconst                        FE5E     FE5E      1A2     7F2F       0
                text69                             3BC2     3BC2       56        4       0
                text68                             3B6C     3B6C       56        4       0
                intcode_body                       3D44     3D44       46        4       0
                text66                             39F0     39F0       66        4       0
                text65                             3FA6     3FA6       2A        4       0
                text64                             4128     4128       16        4       0
                text63                             4150     4150       12        4       0
                text62                             416E     416E        C        4       0
                text61                             4020     4020       26        4       0
                text60                             3F4A     3F4A       30        4       0
                text59                             3E0E     3E0E       3E        4       0
                text58                             2F82     2F82      140        4       0
                text57                             4162     4162        C        4       0
                text56                             391A     391A       6C        4       0
                text55                             3E4C     3E4C       38        4       0
                text54                             3D8A     3D8A       44        4       0
                text53                             3684     3684       9A        4       0
                text52                             3C18     3C18       50        4       0
                text51                             2BB6     2BB6      148        4       0
                text50                             30C2     30C2      124        4       0
                text49                             3EB8     3EB8       32        4       0
                text48                             2144     2144      248        4       0
                text47                             2CFE     2CFE      144        4       0
                text46                             35DA     35DA       AA        4       0
                text45                             33A4     33A4       CE        4       0
                text44                             352C     352C       AE        4       0
                text43                             2A04     2A04      1B2        4       0
                text42                             3E84     3E84       34        4       0
                text41                             3F1A     3F1A       30        4       0
                text40                             3EEA     3EEA       30        4       0
                text39                             3CB4     3CB4       4A        4       0
                text38                             25D0     25D0      232        4       0
                text37                               12       12      7F6        4       0
                text36                             3B16     3B16       56        4       0
                text35                             3FF8     3FF8       28        4       0
                text34                             1266     1266      39C        4       0
                text33                             40F2     40F2       1E        4       0
                text32                             38AA     38AA       70        4       0
                text31                             3FD0     3FD0       28        4       0
                text30                             1954     1954      30C        4       0
                text29                             3CFE     3CFE       46        4       0
                text28                             1C60     1C60      288        4       0
                text27                             32D4     32D4       D0        4       0
                text26                             1602     1602      352        4       0
                text25                             3472     3472       BA        4       0
                text24                             2E42     2E42      140        4       0
                text23                             2802     2802      202        4       0
                text22                             371E     371E       96        4       0
                text21                             1EE8     1EE8      25C        4       0
                text20                             31E6     31E6       EE        4       0
                text19                             413E     413E       12        4       0
                text18                             4046     4046       24        4       0
                text17                             4194     4194        8        4       0
                text16                             418C     418C        8        4       0
                text15                             417A     417A        A        4       0
                text14                             3F7A     3F7A       2C        4       0
                text13                             40D0     40D0       22        4       0
                text12                             40AE     40AE       22        4       0
                text11                             408C     408C       22        4       0
                text10                             3A56     3A56       64        4       0
                text9                              238C     238C      244        4       0
                text8                               808      808      64A        4       0
                text7                              3C68     3C68       4C        4       0
                text6                              4110     4110       18        4       0
                text5                              37B4     37B4       82        4       0
                text4                              3ABA     3ABA       5C        4       0
                text3                              3986     3986       6A        4       0
                text2                              3DCE     3DCE       40        4       0
                text1                              406A     406A       22        4       0
                text0                               E52      E52      414        4       0
                cstackCOMRAM                          1        1       74        1       1
                cstackBANK0                          80       80       57       80       1
                cstackBANK1                         100      100       59      100       1
                bssBIGRAM                           181      181      1E0      181       1
                bssBANK1                            159      159       28      100       1
                dataBANK0                            EC       EC        8       80       1
                bssBANK0                             D7       D7       15       80       1
                dataCOMRAM                           79       79        1        1       1
                bssCOMRAM                            75       75        4        1       1
                cinit                              3836     3836       74        4       0
                idataBANK0                         4184     4184        8        4       0
                idataCOMRAM                        419C     419C        1        4       0

TOTAL           Name                               Link     Load   Length     Space
        CLASS   STACK          

        CLASS   CODE           
                intcode                               8        8        6         0
                init                                  E        E        4         0
                reset_vec                             0        0        4         0
                text69                             3BC2     3BC2       56         0
                text68                             3B6C     3B6C       56         0
                intcode_body                       3D44     3D44       46         0
                text66                             39F0     39F0       66         0
                text65                             3FA6     3FA6       2A         0
                text64                             4128     4128       16         0
                text63                             4150     4150       12         0
                text62                             416E     416E        C         0
                text61                             4020     4020       26         0
                text60                             3F4A     3F4A       30         0
                text59                             3E0E     3E0E       3E         0
                text58                             2F82     2F82      140         0
                text57                             4162     4162        C         0
                text56                             391A     391A       6C         0
                text55                             3E4C     3E4C       38         0
                text54                             3D8A     3D8A       44         0
                text53                             3684     3684       9A         0
                text52                             3C18     3C18       50         0
                text51                             2BB6     2BB6      148         0
                text50                             30C2     30C2      124         0
                text49                             3EB8     3EB8       32         0
                text48                             2144     2144      248         0
                text47                             2CFE     2CFE      144         0
                text46                             35DA     35DA       AA         0
                text45                             33A4     33A4       CE         0
                text44                             352C     352C       AE         0
                text43                             2A04     2A04      1B2         0
                text42                             3E84     3E84       34         0
                text41                             3F1A     3F1A       30         0
                text40                             3EEA     3EEA       30         0
                text39                             3CB4     3CB4       4A         0
                text38                             25D0     25D0      232         0
                text37                               12       12      7F6         0
                text36                             3B16     3B16       56         0
                text35                             3FF8     3FF8       28         0
                text34                             1266     1266      39C         0
                text33                             40F2     40F2       1E         0
                text32                             38AA     38AA       70         0
                text31                             3FD0     3FD0       28         0
                text30                             1954     1954      30C         0
                text29                             3CFE     3CFE       46         0
                text28                             1C60     1C60      288         0
                text27                             32D4     32D4       D0         0
                text26                             1602     1602      352         0
                text25                             3472     3472       BA         0
                text24                             2E42     2E42      140         0
                text23                             2802     2802      202         0
                text22                             371E     371E       96         0
                text21                             1EE8     1EE8      25C         0
                text20                             31E6     31E6       EE         0
                text19                             413E     413E       12         0
                text18                             4046     4046       24         0
                text17                             4194     4194        8         0
                text16                             418C     418C        8         0
                text15                             417A     417A        A         0
                text14                             3F7A     3F7A       2C         0
                text13                             40D0     40D0       22         0
                text12                             40AE     40AE       22         0
                text11                             408C     408C       22         0
                text10                             3A56     3A56       64         0
                text9                              238C     238C      244         0
                text8                               808      808      64A         0
                text7                              3C68     3C68       4C         0
                text6                              4110     4110       18         0
                text5                              37B4     37B4       82         0
                text4                              3ABA     3ABA       5C         0
                text3                              3986     3986       6A         0
                text2                              3DCE     3DCE       40         0
                text1                              406A     406A       22         0
                text0                               E52      E52      414         0
                cinit                              3836     3836       74         0
                idataBANK0                         4184     4184        8         0
                idataCOMRAM                        419C     419C        1         0

        CLASS   CONST          

        CLASS   SMALLCONST     

        CLASS   MEDIUMCONST    
                mediumconst                        FE5E     FE5E      1A2         0

        CLASS   COMRAM         
                temp                                 7A       7A        1         1
                cstackCOMRAM                          1        1       74         1
                dataCOMRAM                           79       79        1         1
                bssCOMRAM                            75       75        4         1

        CLASS   ABS1           

        CLASS   BIGRAM         
                bssBIGRAM                           181      181      1E0         1

        CLASS   RAM            

        CLASS   BANK0          
                cstackBANK0                          80       80       57         1
                dataBANK0                            EC       EC        8         1
                bssBANK0                             D7       D7       15         1

        CLASS   BANK1          
                cstackBANK1                         100      100       59         1
                bssBANK1                            159      159       28         1

        CLASS   BANK2          

        CLASS   BANK3          

        CLASS   BANK4          

        CLASS   BANK5          

        CLASS   BANK6          

        CLASS   BANK7          

        CLASS   BANK8          

        CLASS   BANK9          

        CLASS   BANK10         

        CLASS   BANK11         

        CLASS   BANK12         

        CLASS   BANK13         

        CLASS   BANK14         

        CLASS   BANK15         

        CLASS   SFR            

        CLASS   FARRAM         

        CLASS   CONFIG         
                config                           300000   300000        E         0

        CLASS   IDLOC          
                idloc                            200000   200000        8         0

        CLASS   EEDATA         



SEGMENTS        Name                           Load    Length   Top    Selector   Space  Class

                reset_vec                      000000  000004  000004         0       0  CODE    
                cstackCOMRAM                   000001  00007A  00007B         1       1  COMRAM  
                intcode                        000008  004195  00419D         4       0  CODE    
                cstackBANK0                    000080  000074  0000F4        80       1  BANK0   
                cstackBANK1                    000100  000081  000181       100       1  BANK1   
                bssBIGRAM                      000181  0001E0  000361       181       1  BIGRAM  
                mediumconst                    00FE5E  0001A2  010000      7F2F       0  MEDIUMCO
                idloc                          200000  000008  200008    200000       0  IDLOC   
                config                         300000  00000E  30000E    300000       0  CONFIG  


UNUSED ADDRESS RANGES

        Name                Unused          Largest block    Delta
        BANK0            0000F4-0000FF                C
        BANK10           000A00-000AFF              100
        BANK11           000B00-000BFF              100
        BANK12           000C00-000CFF              100
        BANK13           000D00-000DFF              100
        BANK14           000E00-000EFF              100
        BANK15           000F00-000F7F               80
        BANK3            000361-0003FF               9F
        BANK4            000400-0004FF              100
        BANK5            000500-0005FF              100
        BANK6            000600-0006FF              100
        BANK7            000700-0007FF              100
        BANK8            000800-0008FF              100
        BANK9            000900-0009FF              100
        BIGRAM           00007B-00007F                5
                         0000F4-0000FF                C
                         000361-000F7F              C1F
        CODE             000004-000007                4
                         00419D-00FE5D             BCC1
        COMRAM           00007B-00007F                5
        CONST            000004-000007                4
                         00419D-00FE5D             BCC1
        EEDATA           F00000-F003FF              400
        MEDIUMCONST      00419D-00FE5D             BCC1
        RAM              0000F4-0000FF                C
                         000361-000F7F              100
        SFR              000F80-000FFF               80
        SMALLCONST       00419D-00FE5D              100
        STACK            000361-000F7F              C1F

                                  Symbol Table

?___aodiv                                      cstackCOMRAM 000006
?___aomod                                      cstackCOMRAM 000006
?___awmod                                      cstackCOMRAM 000006
?___fladd                                      cstackCOMRAM 00002D
?___fldiv                                      cstackCOMRAM 00002D
?___flmul                                      cstackCOMRAM 000014
?___flsub                                      cstackCOMRAM 000046
?___fltol                                      cstackCOMRAM 00004E
?___lldiv                                      cstackCOMRAM 000006
?___llmod                                      cstackCOMRAM 000006
?___lodiv                                      cstackCOMRAM 000006
?___lomod                                      cstackCOMRAM 000006
?___wmul                                       cstackCOMRAM 000006
?___xxtofl                                     cstackCOMRAM 000006
?_abs                                          cstackCOMRAM 000018
?_atoi                                         cstackCOMRAM 00000D
?_ctoa                                         cstackCOMRAM 000025
?_dtoa                                         cstackCOMRAM 000025
?_isalpha                                      cstackCOMRAM 000006
?_isdigit                                      cstackCOMRAM 000006
?_islower                                      cstackCOMRAM 000006
?_isspace                                      cstackCOMRAM 000006
?_isupper                                      cstackCOMRAM 000006
?_pad                                          cstackCOMRAM 00001A
?_printf                                       cstackBANK0  00009D
?_stoa                                         cstackCOMRAM 000013
?_strlen                                       cstackCOMRAM 000006
?_strncmp                                      cstackCOMRAM 000006
?_tirePositioning                              cstackBANK0  000088
?_toupper                                      cstackCOMRAM 00000C
?_utoa                                         cstackCOMRAM 000025
?_vfpfcnvrt                                    cstackCOMRAM 00004C
?_vfprintf                                     cstackBANK0  000097
?_xtoa                                         cstackCOMRAM 000025
I2C_Master_Init@clockFreq                      cstackCOMRAM 000013
I2C_Master_Read@ackBit                         cstackCOMRAM 000007
I2C_Master_Read@receivedByte                   cstackCOMRAM 000008
I2C_Master_Write@byteToWrite                   cstackCOMRAM 000007
_ADCON1                                        (abs)        000FC1
_CCP1M0                                        (abs)        007DE8
_CCP1M1                                        (abs)        007DE9
_CCP1M2                                        (abs)        007DEA
_CCP1M3                                        (abs)        007DEB
_CCP1X                                         (abs)        007DED
_CCP1Y                                         (abs)        007DEC
_CCP2M0                                        (abs)        007DD0
_CCP2M1                                        (abs)        007DD1
_CCP2M2                                        (abs)        007DD2
_CCP2M3                                        (abs)        007DD3
_CCP2X                                         (abs)        007DD5
_CCP2Y                                         (abs)        007DD4
_CCPR1L                                        (abs)        000FBE
_CCPR2L                                        (abs)        000FBB
_EEADR                                         (abs)        000FA9
_EECON1bits                                    (abs)        000FA6
_EECON2                                        (abs)        000FA7
_EEDATA                                        (abs)        000FA8
_EncoderInit                                   text6        004110
_I2C_Master_Init                               text4        003ABA
_I2C_Master_Read                               text18       004046
_I2C_Master_Start                              text17       004194
_I2C_Master_Stop                               text16       00418C
_I2C_Master_Wait                               text19       00413E
_I2C_Master_Write                              text15       00417A
_INT0IE                                        (abs)        007F94
_INT0IF                                        (abs)        007F91
_INT1IE                                        (abs)        007F83
_INT1IF                                        (abs)        007F80
_INT2IE                                        (abs)        007F84
_INT2IF                                        (abs)        007F81
_INTCONbits                                    (abs)        000FF2
_LATAbits                                      (abs)        000F89
_LATB                                          (abs)        000F8A
_LATD                                          (abs)        000F8C
_LATDbits                                      (abs)        000F8C
_LCD_LINE1_ADDR                                mediumconst  00FE77
_LCD_SIZE_HORZ                                 mediumconst  00FE79
_LCD_SIZE_VERT                                 mediumconst  00FE78
_OSCCONbits                                    (abs)        000FD3
_P1M0                                          (abs)        007DEE
_P1M1                                          (abs)        007DEF
_PORTB                                         (abs)        000F81
_PORTBbits                                     (abs)        000F81
_PORTCbits                                     (abs)        000F82
_PORTEbits                                     (abs)        000F84
_PR2                                           (abs)        000FCB
_PSA                                           (abs)        007EAB
_SSPADD                                        (abs)        000FC8
_SSPBUF                                        (abs)        000FC9
_SSPCON1                                       (abs)        000FC6
_SSPCON1bits                                   (abs)        000FC6
_SSPCON2                                       (abs)        000FC5
_SSPCON2bits                                   (abs)        000FC5
_SSPSTAT                                       (abs)        000FC7
_T08BIT                                        (abs)        007EAE
_T0CONbits                                     (abs)        000FD5
_T0PS0                                         (abs)        007EA8
_T0PS1                                         (abs)        007EA9
_T0PS2                                         (abs)        007EAA
_T2CKPS0                                       (abs)        007E50
_T2CKPS1                                       (abs)        007E51
_TIMER_INIT                                    text33       0040F2
_TMR0H                                         (abs)        000FD7
_TMR0IE                                        (abs)        007F95
_TMR0IF                                        (abs)        007F92
_TMR0L                                         (abs)        000FD6
_TMR0ON                                        (abs)        007EAF
_TMR2ON                                        (abs)        007E52
_TRISAbits                                     (abs)        000F92
_TRISBbits                                     (abs)        000F93
_TRISCbits                                     (abs)        000F94
_TRISD                                         (abs)        000F95
_TRISEbits                                     (abs)        000F96
__CFG_BOREN$SBORDIS                            (abs)        000000
__CFG_BORV$3                                   (abs)        000000
__CFG_CCP2MX$PORTC                             (abs)        000000
__CFG_CP0$OFF                                  (abs)        000000
__CFG_CP1$OFF                                  (abs)        000000
__CFG_CP2$OFF                                  (abs)        000000
__CFG_CP3$OFF                                  (abs)        000000
__CFG_CPB$OFF                                  (abs)        000000
__CFG_CPD$ON                                   (abs)        000000
__CFG_EBTR0$OFF                                (abs)        000000
__CFG_EBTR1$OFF                                (abs)        000000
__CFG_EBTR2$OFF                                (abs)        000000
__CFG_EBTR3$OFF                                (abs)        000000
__CFG_EBTRB$OFF                                (abs)        000000
__CFG_FCMEN$OFF                                (abs)        000000
__CFG_IESO$OFF                                 (abs)        000000
__CFG_LPT1OSC$OFF                              (abs)        000000
__CFG_LVP$OFF                                  (abs)        000000
__CFG_MCLRE$ON                                 (abs)        000000
__CFG_OSC$HS                                   (abs)        000000
__CFG_PBADEN$ON                                (abs)        000000
__CFG_PWRT$ON                                  (abs)        000000
__CFG_STVREN$ON                                (abs)        000000
__CFG_WDT$OFF                                  (abs)        000000
__CFG_WDTPS$32768                              (abs)        000000
__CFG_WRT0$OFF                                 (abs)        000000
__CFG_WRT1$OFF                                 (abs)        000000
__CFG_WRT2$OFF                                 (abs)        000000
__CFG_WRT3$OFF                                 (abs)        000000
__CFG_WRTB$OFF                                 (abs)        000000
__CFG_WRTC$OFF                                 (abs)        000000
__CFG_WRTD$OFF                                 (abs)        000000
__CFG_XINST$OFF                                (abs)        000000
__HRAM                                         (abs)        000000
__Habs1                                        abs1         000000
__Hbank0                                       bank0        000000
__Hbank1                                       bank1        000000
__Hbank10                                      bank10       000000
__Hbank11                                      bank11       000000
__Hbank12                                      bank12       000000
__Hbank13                                      bank13       000000
__Hbank14                                      bank14       000000
__Hbank15                                      bank15       000000
__Hbank2                                       bank2        000000
__Hbank3                                       bank3        000000
__Hbank4                                       bank4        000000
__Hbank5                                       bank5        000000
__Hbank6                                       bank6        000000
__Hbank7                                       bank7        000000
__Hbank8                                       bank8        000000
__Hbank9                                       bank9        000000
__Hbigbss                                      bigbss       000000
__Hbigdata                                     bigdata      000000
__Hbigram                                      bigram       000000
__Hbss                                         bss          000000
__HbssBANK0                                    bssBANK0     000000
__HbssBANK1                                    bssBANK1     000000
__HbssBIGRAM                                   bssBIGRAM    000000
__HbssCOMRAM                                   bssCOMRAM    000000
__Hcinit                                       cinit        000000
__Hclrtext                                     clrtext      000000
__Hcomram                                      comram       000000
__Hconfig                                      config       30000E
__Hconst                                       const        000000
__HcstackBANK0                                 cstackBANK0  000000
__HcstackBANK1                                 cstackBANK1  000000
__HcstackCOMRAM                                cstackCOMRAM 000000
__Hdata                                        data         000000
__HdataBANK0                                   dataBANK0    000000
__HdataCOMRAM                                  dataCOMRAM   000000
__Heeprom_data                                 eeprom_data  000000
__Hfarbss                                      farbss       000000
__Hfardata                                     fardata      000000
__Hibigdata                                    ibigdata     000000
__Hidata                                       idata        000000
__HidataBANK0                                  idataBANK0   000000
__HidataCOMRAM                                 idataCOMRAM  000000
__Hidloc                                       idloc        200008
__Hifardata                                    ifardata     000000
__Hinit                                        init         000012
__Hintcode                                     intcode      00000E
__Hintcode_body                                intcode_body 000000
__Hintcodelo                                   intcodelo    00000E
__Hintentry                                    intentry     000000
__Hintret                                      intret       000000
__Hintsave_regs                                intsave_regs 000000
__Hirdata                                      irdata       000000
__Hmediumconst                                 mediumconst  010000
__HnvFARRAM                                    nvFARRAM     000000
__Hnvbit                                       nvbit        000000
__Hnvrram                                      nvrram       000000
__Hparam                                       rparam       000000
__Hpowerup                                     powerup      00000E
__Hram                                         ram          000000
__Hramtop                                      ramtop       001000
__Hrbit                                        rbit         000000
__Hrbss                                        rbss         000000
__Hrdata                                       rdata        000000
__Hreset_vec                                   reset_vec    000004
__Hrparam                                      rparam       000000
__Hsfr                                         sfr          000000
__Hsmallconst                                  smallconst   000000
__Hspace_0                                     (abs)        30000E
__Hspace_1                                     (abs)        000361
__Hspace_2                                     (abs)        000000
__Hstack                                       stack        000000
__Hstruct                                      struct       000000
__Htemp                                        temp         00007B
__Htext                                        text         000000
__Htext0                                       text0        000000
__Htext1                                       text1        000000
__Htext10                                      text10       000000
__Htext11                                      text11       000000
__Htext12                                      text12       000000
__Htext13                                      text13       000000
__Htext14                                      text14       000000
__Htext15                                      text15       000000
__Htext16                                      text16       000000
__Htext17                                      text17       000000
__Htext18                                      text18       000000
__Htext19                                      text19       000000
__Htext2                                       text2        000000
__Htext20                                      text20       000000
__Htext21                                      text21       000000
__Htext22                                      text22       000000
__Htext23                                      text23       000000
__Htext24                                      text24       000000
__Htext25                                      text25       000000
__Htext26                                      text26       000000
__Htext27                                      text27       000000
__Htext28                                      text28       000000
__Htext29                                      text29       000000
__Htext3                                       text3        000000
__Htext30                                      text30       000000
__Htext31                                      text31       000000
__Htext32                                      text32       000000
__Htext33                                      text33       000000
__Htext34                                      text34       000000
__Htext35                                      text35       000000
__Htext36                                      text36       000000
__Htext37                                      text37       000000
__Htext38                                      text38       000000
__Htext39                                      text39       000000
__Htext4                                       text4        000000
__Htext40                                      text40       000000
__Htext41                                      text41       000000
__Htext42                                      text42       000000
__Htext43                                      text43       000000
__Htext44                                      text44       000000
__Htext45                                      text45       000000
__Htext46                                      text46       000000
__Htext47                                      text47       000000
__Htext48                                      text48       000000
__Htext49                                      text49       000000
__Htext5                                       text5        000000
__Htext50                                      text50       000000
__Htext51                                      text51       000000
__Htext52                                      text52       000000
__Htext53                                      text53       000000
__Htext54                                      text54       000000
__Htext55                                      text55       000000
__Htext56                                      text56       000000
__Htext57                                      text57       000000
__Htext58                                      text58       000000
__Htext59                                      text59       000000
__Htext6                                       text6        000000
__Htext60                                      text60       000000
__Htext61                                      text61       000000
__Htext62                                      text62       000000
__Htext63                                      text63       000000
__Htext64                                      text64       000000
__Htext65                                      text65       000000
__Htext66                                      text66       000000
__Htext68                                      text68       000000
__Htext69                                      text69       000000
__Htext7                                       text7        000000
__Htext8                                       text8        000000
__Htext9                                       text9        000000
__LRAM                                         (abs)        000001
__Labs1                                        abs1         000000
__Lbank0                                       bank0        000000
__Lbank1                                       bank1        000000
__Lbank10                                      bank10       000000
__Lbank11                                      bank11       000000
__Lbank12                                      bank12       000000
__Lbank13                                      bank13       000000
__Lbank14                                      bank14       000000
__Lbank15                                      bank15       000000
__Lbank2                                       bank2        000000
__Lbank3                                       bank3        000000
__Lbank4                                       bank4        000000
__Lbank5                                       bank5        000000
__Lbank6                                       bank6        000000
__Lbank7                                       bank7        000000
__Lbank8                                       bank8        000000
__Lbank9                                       bank9        000000
__Lbigbss                                      bigbss       000000
__Lbigdata                                     bigdata      000000
__Lbigram                                      bigram       000000
__Lbss                                         bss          000000
__LbssBANK0                                    bssBANK0     000000
__LbssBANK1                                    bssBANK1     000000
__LbssBIGRAM                                   bssBIGRAM    000000
__LbssCOMRAM                                   bssCOMRAM    000000
__Lcinit                                       cinit        000000
__Lclrtext                                     clrtext      000000
__Lcomram                                      comram       000000
__Lconfig                                      config       300000
__Lconst                                       const        000000
__LcstackBANK0                                 cstackBANK0  000000
__LcstackBANK1                                 cstackBANK1  000000
__LcstackCOMRAM                                cstackCOMRAM 000000
__Ldata                                        data         000000
__LdataBANK0                                   dataBANK0    000000
__LdataCOMRAM                                  dataCOMRAM   000000
__Leeprom_data                                 eeprom_data  000000
__Lfarbss                                      farbss       000000
__Lfardata                                     fardata      000000
__Libigdata                                    ibigdata     000000
__Lidata                                       idata        000000
__LidataBANK0                                  idataBANK0   000000
__LidataCOMRAM                                 idataCOMRAM  000000
__Lidloc                                       idloc        200000
__Lifardata                                    ifardata     000000
__Linit                                        init         00000E
__Lintcode                                     intcode      000008
__Lintcode_body                                intcode_body 000000
__Lintcodelo                                   intcodelo    00000E
__Lintentry                                    intentry     000000
__Lintret                                      intret       000000
__Lintsave_regs                                intsave_regs 000000
__Lirdata                                      irdata       000000
__Lmediumconst                                 mediumconst  00FE5E
__LnvFARRAM                                    nvFARRAM     000000
__Lnvbit                                       nvbit        000000
__Lnvrram                                      nvrram       000000
__Lparam                                       rparam       000000
__Lpowerup                                     powerup      00000E
__Lram                                         ram          000000
__Lramtop                                      ramtop       001000
__Lrbit                                        rbit         000000
__Lrbss                                        rbss         000000
__Lrdata                                       rdata        000000
__Lreset_vec                                   reset_vec    000000
__Lrparam                                      rparam       000000
__Lsfr                                         sfr          000000
__Lsmallconst                                  smallconst   000000
__Lspace_0                                     (abs)        000000
__Lspace_1                                     (abs)        000000
__Lspace_2                                     (abs)        000000
__Lstack                                       stack        000000
__Lstruct                                      struct       000000
__Ltemp                                        temp         00007A
__Ltext                                        text         000000
__Ltext0                                       text0        000000
__Ltext1                                       text1        000000
__Ltext10                                      text10       000000
__Ltext11                                      text11       000000
__Ltext12                                      text12       000000
__Ltext13                                      text13       000000
__Ltext14                                      text14       000000
__Ltext15                                      text15       000000
__Ltext16                                      text16       000000
__Ltext17                                      text17       000000
__Ltext18                                      text18       000000
__Ltext19                                      text19       000000
__Ltext2                                       text2        000000
__Ltext20                                      text20       000000
__Ltext21                                      text21       000000
__Ltext22                                      text22       000000
__Ltext23                                      text23       000000
__Ltext24                                      text24       000000
__Ltext25                                      text25       000000
__Ltext26                                      text26       000000
__Ltext27                                      text27       000000
__Ltext28                                      text28       000000
__Ltext29                                      text29       000000
__Ltext3                                       text3        000000
__Ltext30                                      text30       000000
__Ltext31                                      text31       000000
__Ltext32                                      text32       000000
__Ltext33                                      text33       000000
__Ltext34                                      text34       000000
__Ltext35                                      text35       000000
__Ltext36                                      text36       000000
__Ltext37                                      text37       000000
__Ltext38                                      text38       000000
__Ltext39                                      text39       000000
__Ltext4                                       text4        000000
__Ltext40                                      text40       000000
__Ltext41                                      text41       000000
__Ltext42                                      text42       000000
__Ltext43                                      text43       000000
__Ltext44                                      text44       000000
__Ltext45                                      text45       000000
__Ltext46                                      text46       000000
__Ltext47                                      text47       000000
__Ltext48                                      text48       000000
__Ltext49                                      text49       000000
__Ltext5                                       text5        000000
__Ltext50                                      text50       000000
__Ltext51                                      text51       000000
__Ltext52                                      text52       000000
__Ltext53                                      text53       000000
__Ltext54                                      text54       000000
__Ltext55                                      text55       000000
__Ltext56                                      text56       000000
__Ltext57                                      text57       000000
__Ltext58                                      text58       000000
__Ltext59                                      text59       000000
__Ltext6                                       text6        000000
__Ltext60                                      text60       000000
__Ltext61                                      text61       000000
__Ltext62                                      text62       000000
__Ltext63                                      text63       000000
__Ltext64                                      text64       000000
__Ltext65                                      text65       000000
__Ltext66                                      text66       000000
__Ltext68                                      text68       000000
__Ltext69                                      text69       000000
__Ltext7                                       text7        000000
__Ltext8                                       text8        000000
__Ltext9                                       text9        000000
__S0                                           (abs)        30000E
__S1                                           (abs)        000361
__S2                                           (abs)        000000
___aodiv                                       text51       002BB6
___aodiv@counter                               cstackCOMRAM 000016
___aodiv@dividend                              cstackCOMRAM 000006
___aodiv@divisor                               cstackCOMRAM 00000E
___aodiv@quotient                              cstackCOMRAM 000018
___aodiv@sign                                  cstackCOMRAM 000017
___aomod                                       text50       0030C2
___aomod@counter                               cstackCOMRAM 000016
___aomod@dividend                              cstackCOMRAM 000006
___aomod@divisor                               cstackCOMRAM 00000E
___aomod@sign                                  cstackCOMRAM 000017
___awmod                                       text32       0038AA
___awmod@counter                               cstackCOMRAM 00000A
___awmod@dividend                              cstackCOMRAM 000006
___awmod@divisor                               cstackCOMRAM 000008
___awmod@sign                                  cstackCOMRAM 00000B
___fladd                                       text30       001954
___fladd@a                                     cstackCOMRAM 000031
___fladd@aexp                                  cstackCOMRAM 00003A
___fladd@b                                     cstackCOMRAM 00002D
___fladd@bexp                                  cstackCOMRAM 00003B
___fladd@grs                                   cstackCOMRAM 00003C
___fladd@signs                                 cstackCOMRAM 000039
___fldiv                                       text28       001C60
___fldiv@a                                     cstackCOMRAM 000031
___fldiv@aexp                                  cstackCOMRAM 000045
___fldiv@b                                     cstackCOMRAM 00002D
___fldiv@bexp                                  cstackCOMRAM 000044
___fldiv@grs                                   cstackCOMRAM 000040
___fldiv@new_exp                               cstackCOMRAM 00003E
___fldiv@rem                                   cstackCOMRAM 000039
___fldiv@sign                                  cstackCOMRAM 00003D
___flge                                        text27       0032D4
___flge@ff1                                    cstackCOMRAM 000006
___flge@ff2                                    cstackCOMRAM 00000A
___flmul                                       text26       001602
___flmul@a                                     cstackCOMRAM 000018
___flmul@aexp                                  cstackCOMRAM 000021
___flmul@b                                     cstackCOMRAM 000014
___flmul@bexp                                  cstackCOMRAM 000026
___flmul@grs                                   cstackCOMRAM 000022
___flmul@prod                                  cstackCOMRAM 000027
___flmul@sign                                  cstackCOMRAM 000020
___flmul@temp                                  cstackCOMRAM 00002B
___flsub                                       text29       003CFE
___flsub@a                                     cstackCOMRAM 00004A
___flsub@b                                     cstackCOMRAM 000046
___fltol                                       text25       003472
___fltol@exp1                                  cstackCOMRAM 000057
___fltol@f1                                    cstackCOMRAM 00004E
___fltol@sign1                                 cstackCOMRAM 000056
___inthi_sp                                    stack        000000
___intlo_sp                                    stack        000000
___lldiv                                       text5        0037B4
___lldiv@counter                               cstackCOMRAM 000012
___lldiv@dividend                              cstackCOMRAM 000006
___lldiv@divisor                               cstackCOMRAM 00000A
___lldiv@quotient                              cstackCOMRAM 00000E
___llmod                                       text66       0039F0
___llmod@counter                               cstackCOMRAM 00000E
___llmod@dividend                              cstackCOMRAM 000006
___llmod@divisor                               cstackCOMRAM 00000A
___lodiv                                       text45       0033A4
___lodiv@counter                               cstackCOMRAM 00001E
___lodiv@dividend                              cstackCOMRAM 000006
___lodiv@divisor                               cstackCOMRAM 00000E
___lodiv@quotient                              cstackCOMRAM 000016
___lomod                                       text44       00352C
___lomod@counter                               cstackCOMRAM 000016
___lomod@dividend                              cstackCOMRAM 000006
___lomod@divisor                               cstackCOMRAM 00000E
___param_bank                                  (abs)        000000
___rparam_used                                 (abs)        000001
___sp                                          stack        000000
___wmul                                        text61       004020
___wmul@multiplicand                           cstackCOMRAM 000008
___wmul@multiplier                             cstackCOMRAM 000006
___wmul@product                                cstackCOMRAM 00000A
___xxtofl                                      text24       002E42
___xxtofl@arg                                  cstackCOMRAM 000010
___xxtofl@exp                                  cstackCOMRAM 00000F
___xxtofl@sign                                 cstackCOMRAM 00000E
___xxtofl@val                                  cstackCOMRAM 000006
__accesstop                                    (abs)        000080
__activetblptr                                 (abs)        000002
__end_of_EncoderInit                           text6        004128
__end_of_I2C_Master_Init                       text4        003B16
__end_of_I2C_Master_Read                       text18       00406A
__end_of_I2C_Master_Start                      text17       00419C
__end_of_I2C_Master_Stop                       text16       004194
__end_of_I2C_Master_Wait                       text19       004150
__end_of_I2C_Master_Write                      text15       004184
__end_of_LCD_LINE1_ADDR                        mediumconst  00FE78
__end_of_LCD_LINE2_ADDR                        mediumconst  00FE82
__end_of_LCD_LINE3_ADDR                        mediumconst  00FE81
__end_of_LCD_LINE4_ADDR                        mediumconst  00FE80
__end_of_LCD_SIZE_HORZ                         mediumconst  00FE7A
__end_of_LCD_SIZE_VERT                         mediumconst  00FE79
__end_of_TIMER_INIT                            text33       004110
__end_of___aodiv                               text51       002CFE
__end_of___aomod                               text50       0031E6
__end_of___awmod                               text32       00391A
__end_of___fladd                               text30       001C60
__end_of___fldiv                               text28       001EE8
__end_of___flge                                text27       0033A4
__end_of___flmul                               text26       001954
__end_of___flsub                               text29       003D44
__end_of___fltol                               text25       00352C
__end_of___lldiv                               text5        003836
__end_of___llmod                               text66       003A56
__end_of___lodiv                               text45       003472
__end_of___lomod                               text44       0035DA
__end_of___wmul                                text61       004046
__end_of___xxtofl                              text24       002F82
__end_of__initialization                       cinit        00389C
__end_of_abs                                   text49       003EEA
__end_of_atoi                                  text58       0030C2
__end_of_ctoa                                  text52       003C68
__end_of_doDisplayLog                          text34       001602
__end_of_doOperation                           text8        000E52
__end_of_dtoa                                  text48       00238C
__end_of_errorCorrectedMove                    text21       002144
__end_of_fputc                                 text56       003986
__end_of_fputs                                 text55       003E84
__end_of_happynewyear                          mediumconst  00FE77
__end_of_initLCD                               text3        0039F0
__end_of_init_motor_PWM                        text31       003FF8
__end_of_interruptHandler                      intcode_body 003D8A
__end_of_isalpha                               text42       003EB8
__end_of_isdigit                               text60       003F7A
__end_of_islower                               text40       003F1A
__end_of_isspace                               text59       003E4C
__end_of_isupper                               text41       003F4A
__end_of_keys                                  mediumconst  00FE70
__end_of_lcdInst                               text62       00417A
__end_of_main                                  text0        001266
__end_of_opDelay                               text10       003ABA
__end_of_opErrorCorrectionDegrees              text20       0032D4
__end_of_pad                                   text53       00371E
__end_of_printf                                text35       004020
__end_of_pulse_e                               text65       003FD0
__end_of_putch                                 text57       00416E
__end_of_replaceOldLog                         text7        003CB4
__end_of_requestIsTireDropDone                 text14       003FA6
__end_of_robotInit                             text2        003E0E
__end_of_sendArduinoAbortOperationMessage      text13       0040F2
__end_of_sendArduinoStandbyClampRequest        text1        00408C
__end_of_sendArduinoTireDropRequest            text12       0040D0
__end_of_sendArduinoTireOperationStartMessage  text11       0040AE
__end_of_send_byte                             text63       004162
__end_of_send_nibble                           text64       00413E
__end_of_setMotorSpeeds                        text22       0037B4
__end_of_set_pwm_duty_cycle                    text23       002A04
__end_of_stoa                                  text47       002E42
__end_of_strlen                                text54       003DCE
__end_of_strncmp                               text46       003684
__end_of_tirePositioning                       text9        0025D0
__end_of_toupper                               text39       003CFE
__end_of_updateMotorAEncoder                   text69       003C18
__end_of_updateMotorBEncoder                   text68       003BC2
__end_of_utoa                                  text43       002BB6
__end_of_vfpfcnvrt                             text37       000808
__end_of_vfprintf                              text36       003B6C
__end_of_xtoa                                  text38       002802
__end_ofinit_motor_PWM@FREQUENCY               mediumconst  00FE7F
__end_ofinit_motor_PWM@TIMER2_PRESCALER        mediumconst  00FE7B
__initialization                               cinit        003836
__mediumconst                                  mediumconst  00FE5E
__pbssBANK0                                    bssBANK0     0000D7
__pbssBANK1                                    bssBANK1     000159
__pbssBIGRAM                                   bssBIGRAM    000181
__pbssCOMRAM                                   bssCOMRAM    000075
__pcinit                                       cinit        003836
__pcstackBANK0                                 cstackBANK0  000080
__pcstackBANK1                                 cstackBANK1  000100
__pcstackCOMRAM                                cstackCOMRAM 000001
__pdataBANK0                                   dataBANK0    0000EC
__pdataCOMRAM                                  dataCOMRAM   000079
__pidataBANK0                                  idataBANK0   004184
__pidataCOMRAM                                 idataCOMRAM  00419C
__pintcode                                     intcode      000008
__pintcode_body                                intcode_body 003D44
__pmediumconst                                 mediumconst  00FE5E
__ptext0                                       text0        000E52
__ptext1                                       text1        00406A
__ptext10                                      text10       003A56
__ptext11                                      text11       00408C
__ptext12                                      text12       0040AE
__ptext13                                      text13       0040D0
__ptext14                                      text14       003F7A
__ptext15                                      text15       00417A
__ptext16                                      text16       00418C
__ptext17                                      text17       004194
__ptext18                                      text18       004046
__ptext19                                      text19       00413E
__ptext2                                       text2        003DCE
__ptext20                                      text20       0031E6
__ptext21                                      text21       001EE8
__ptext22                                      text22       00371E
__ptext23                                      text23       002802
__ptext24                                      text24       002E42
__ptext25                                      text25       003472
__ptext26                                      text26       001602
__ptext27                                      text27       0032D4
__ptext28                                      text28       001C60
__ptext29                                      text29       003CFE
__ptext3                                       text3        003986
__ptext30                                      text30       001954
__ptext31                                      text31       003FD0
__ptext32                                      text32       0038AA
__ptext33                                      text33       0040F2
__ptext34                                      text34       001266
__ptext35                                      text35       003FF8
__ptext36                                      text36       003B16
__ptext37                                      text37       000012
__ptext38                                      text38       0025D0
__ptext39                                      text39       003CB4
__ptext4                                       text4        003ABA
__ptext40                                      text40       003EEA
__ptext41                                      text41       003F1A
__ptext42                                      text42       003E84
__ptext43                                      text43       002A04
__ptext44                                      text44       00352C
__ptext45                                      text45       0033A4
__ptext46                                      text46       0035DA
__ptext47                                      text47       002CFE
__ptext48                                      text48       002144
__ptext49                                      text49       003EB8
__ptext5                                       text5        0037B4
__ptext50                                      text50       0030C2
__ptext51                                      text51       002BB6
__ptext52                                      text52       003C18
__ptext53                                      text53       003684
__ptext54                                      text54       003D8A
__ptext55                                      text55       003E4C
__ptext56                                      text56       00391A
__ptext57                                      text57       004162
__ptext58                                      text58       002F82
__ptext59                                      text59       003E0E
__ptext6                                       text6        004110
__ptext60                                      text60       003F4A
__ptext61                                      text61       004020
__ptext62                                      text62       00416E
__ptext63                                      text63       004150
__ptext64                                      text64       004128
__ptext65                                      text65       003FA6
__ptext66                                      text66       0039F0
__ptext68                                      text68       003B6C
__ptext69                                      text69       003BC2
__ptext7                                       text7        003C68
__ptext8                                       text8        000808
__ptext9                                       text9        00238C
__ramtop                                       ramtop       001000
__size_of_EncoderInit                          (abs)        000000
__size_of_I2C_Master_Init                      (abs)        000000
__size_of_I2C_Master_Read                      (abs)        000000
__size_of_I2C_Master_Start                     (abs)        000000
__size_of_I2C_Master_Stop                      (abs)        000000
__size_of_I2C_Master_Wait                      (abs)        000000
__size_of_I2C_Master_Write                     (abs)        000000
__size_of_TIMER_INIT                           (abs)        000000
__size_of___aodiv                              (abs)        000000
__size_of___aomod                              (abs)        000000
__size_of___awmod                              (abs)        000000
__size_of___fladd                              (abs)        000000
__size_of___fldiv                              (abs)        000000
__size_of___flge                               (abs)        000000
__size_of___flmul                              (abs)        000000
__size_of___flsub                              (abs)        000000
__size_of___fltol                              (abs)        000000
__size_of___lldiv                              (abs)        000000
__size_of___llmod                              (abs)        000000
__size_of___lodiv                              (abs)        000000
__size_of___lomod                              (abs)        000000
__size_of___wmul                               (abs)        000000
__size_of___xxtofl                             (abs)        000000
__size_of_abs                                  (abs)        000000
__size_of_atoi                                 (abs)        000000
__size_of_ctoa                                 (abs)        000000
__size_of_doDisplayLog                         (abs)        000000
__size_of_doOperation                          (abs)        000000
__size_of_dtoa                                 (abs)        000000
__size_of_errorCorrectedMove                   (abs)        000000
__size_of_fputc                                (abs)        000000
__size_of_fputs                                (abs)        000000
__size_of_initLCD                              (abs)        000000
__size_of_init_motor_PWM                       (abs)        000000
__size_of_interruptHandler                     (abs)        000000
__size_of_isalpha                              (abs)        000000
__size_of_isdigit                              (abs)        000000
__size_of_islower                              (abs)        000000
__size_of_isspace                              (abs)        000000
__size_of_isupper                              (abs)        000000
__size_of_lcdInst                              (abs)        000000
__size_of_main                                 (abs)        000000
__size_of_opDelay                              (abs)        000000
__size_of_opErrorCorrectionDegrees             (abs)        000000
__size_of_pad                                  (abs)        000000
__size_of_printf                               (abs)        000000
__size_of_pulse_e                              (abs)        000000
__size_of_putch                                (abs)        000000
__size_of_replaceOldLog                        (abs)        000000
__size_of_requestIsTireDropDone                (abs)        000000
__size_of_robotInit                            (abs)        000000
__size_of_sendArduinoAbortOperationMessage     (abs)        000000
__size_of_sendArduinoStandbyClampRequest       (abs)        000000
__size_of_sendArduinoTireDropRequest           (abs)        000000
__size_of_sendArduinoTireOperationStartMessage (abs)        000000
__size_of_send_byte                            (abs)        000000
__size_of_send_nibble                          (abs)        000000
__size_of_setMotorSpeeds                       (abs)        000000
__size_of_set_pwm_duty_cycle                   (abs)        000000
__size_of_stoa                                 (abs)        000000
__size_of_strlen                               (abs)        000000
__size_of_strncmp                              (abs)        000000
__size_of_tirePositioning                      (abs)        000000
__size_of_toupper                              (abs)        000000
__size_of_updateMotorAEncoder                  (abs)        000000
__size_of_updateMotorBEncoder                  (abs)        000000
__size_of_utoa                                 (abs)        000000
__size_of_vfpfcnvrt                            (abs)        000000
__size_of_vfprintf                             (abs)        000000
__size_of_xtoa                                 (abs)        000000
__smallconst                                   smallconst   000000
_abs                                           text49       003EB8
_atoi                                          text58       002F82
_atoi$1892                                     cstackCOMRAM 000015
_atoi$1893                                     cstackCOMRAM 000019
_atoi$1894                                     cstackCOMRAM 000017
_bottomBreakBeamTriggeredChange                bssBANK0     0000E9
_ctoa                                          text52       003C18
_dbuf                                          bssBANK1     000161
_doDisplayLog                                  text34       001266
_doDisplayLog$2301                             cstackCOMRAM 00006F
_doOperation                                   text8        000808
_dtoa                                          text48       002144
_dtoa$1365                                     cstackCOMRAM 000037
_encoderAInterruptLast                         bssBANK0     0000E7
_encoderBInterruptLast                         bssBANK0     0000E8
_errorCorrectedMove                            text21       001EE8
_flags                                         bssBANK0     0000E5
_fputc                                         text56       00391A
_fputs                                         text55       003E4C
_happynewyear                                  mediumconst  00FE70
_initLCD                                       text3        003986
_init_motor_PWM                                text31       003FD0
_interruptHandler                              intcode      000008
_isalpha                                       text42       003E84
_isdigit                                       text60       003F4A
_islower                                       text40       003EEA
_isspace                                       text59       003E0E
_isspace$1919                                  cstackCOMRAM 00000C
_isupper                                       text41       003F1A
_keyPressed                                    bssBANK0     0000EB
_keys                                          mediumconst  00FE5F
_lcdInst                                       text62       00416E
_logs                                          bssBIGRAM    000181
_main                                          text0        000E52
_millisecondsMeasured                          bssCOMRAM    000075
_motorADirection                               dataBANK0    0000F3
_motorADistance                                bssBANK0     0000DB
_motorBDirection                               dataCOMRAM   000079
_motorBDistance                                bssBANK0     0000D7
_nout                                          bssBANK0     0000DF
_opDelay                                       text10       003A56
_opErrorCorrectionDegrees                      text20       0031E6
_opErrorCorrectionDegrees$2306                 cstackBANK0  0000BB
_pad                                           text53       003684
_prec                                          bssBANK0     0000E3
_printf                                        text35       003FF8
_pulse_e                                       text65       003FA6
_putch                                         text57       004162
_replaceOldLog                                 text7        003C68
_requestIsTireDropDone                         text14       003F7A
_robotInit                                     text2        003DCE
_sendArduinoAbortOperationMessage              text13       0040D0
_sendArduinoStandbyClampRequest                text1        00406A
_sendArduinoTireDropRequest                    text12       0040AE
_sendArduinoTireOperationStartMessage          text11       00408C
_send_byte                                     text63       004150
_send_nibble                                   text64       004128
_setMotorSpeeds                                text22       00371E
_setMotorSpeeds$2303                           cstackBANK0  000080
_setMotorSpeeds$2304                           cstackBANK0  000084
_set_pwm_duty_cycle                            text23       002802
_set_pwm_duty_cycle$2302                       cstackCOMRAM 000068
_stoa                                          text47       002CFE
_strlen                                        text54       003D8A
_strncmp                                       text46       0035DA
_tirePositioning                               text9        00238C
_topBreakBeamTriggeredChange                   bssBANK0     0000EA
_toupper                                       text39       003CB4
_toupper$1989                                  cstackCOMRAM 000012
_updateMotorAEncoder                           text69       003BC2
_updateMotorBEncoder                           text68       003B6C
_utoa                                          text43       002A04
_vfpfcnvrt                                     text37       000012
_vfpfcnvrt$1408                                cstackBANK0  000084
_vfprintf                                      text36       003B16
_width                                         bssBANK0     0000E1
_xtoa                                          text38       0025D0
_xtoa$1393                                     cstackCOMRAM 000038
_xtoa$1394                                     cstackCOMRAM 00003A
abs@a                                          cstackCOMRAM 000018
atoi@n                                         cstackCOMRAM 00001A
atoi@neg                                       cstackCOMRAM 000013
atoi@s                                         cstackCOMRAM 00000D
btemp                                          temp         00007A
ctoa@c                                         cstackCOMRAM 000027
ctoa@fp                                        cstackCOMRAM 000025
ctoa@w                                         cstackCOMRAM 000028
doDisplayLog@currentDisplayState               cstackCOMRAM 00006B
doDisplayLog@currentPole                       cstackCOMRAM 00006D
doDisplayLog@keyValue                          cstackCOMRAM 00006C
doDisplayLog@keypress                          cstackCOMRAM 00006A
doDisplayLog@logNumber                         cstackBANK0  0000A7
doOperation@PIDData                            cstackBANK1  000100
doOperation@accelerationDelay                  cstackBANK1  000120
doOperation@badCount                           cstackBANK1  00012D
doOperation@badCountBot                        cstackBANK1  00012F
doOperation@bottomLaserState                   cstackBANK1  000157
doOperation@bottomLaserStatePrev               cstackBANK1  00014F
doOperation@counted                            cstackBANK1  000142
doOperation@currentOperationState              cstackBANK1  000156
doOperation@distanceFromLastPole               cstackBANK1  000128
doOperation@distanceToPole                     cstackBANK1  00013D
doOperation@i                                  cstackBANK1  000154
doOperation@isDoneDrop                         cstackBANK1  000141
doOperation@motorAStartDistance                cstackBANK1  00014A
doOperation@motorBStartDistance                cstackBANK1  000139
doOperation@motorStartTime                     cstackBANK1  000124
doOperation@poleNumber                         cstackBANK1  000131
doOperation@send                               cstackBANK1  00012C
doOperation@startedDistA                       cstackBANK1  000108
doOperation@startedDistB                       cstackBANK1  00010C
doOperation@timeInOperation                    cstackBANK1  000150
[...]
      Locals:         1       0       0       0       0       0       0       0       0       0       0       0       0       0       0       0       0
      Temps:          0       0       0       0       0       0       0       0       0       0       0       0       0       0       0       0       0
      Totals:         1       0       0       0       0       0       0       0       0       0       0       0       0       0       0       0       0
Total ram usage:        1 bytes
 Hardware stack levels used:    1
 Hardware stack levels required when called:    5
 This function calls:
		_send_byte
 This function is called by:
		_doDisplayLog
		_tirePositioning
		_doOperation
		_main
		_initLCD
		_mainEEPROM
		_lcd_shift_cursor
		_lcd_shift_display
 This function uses a non-reentrant model


 *************** function _send_byte *****************
 Defined at:
		line 55 in file "lcd.c"
 Parameters:    Size  Location     Type
  data            1    wreg     unsigned char 
 Auto vars:     Size  Location     Type
  data            1    7[COMRAM] unsigned char 
 Return value:  Size  Location     Type
                  1    wreg      void 
 Registers used:
		wreg, status,2, status,0, cstack
 Tracked objects:
		On entry : 
		On exit  : 
		Unchanged: 
 Data sizes:     COMRAM   BANK0   BANK1   BANK2   BANK3   BANK4   BANK5   BANK6   BANK7   BANK8   BANK9  BANK10  BANK11  BANK12  BANK13  BANK14  BANK15
      Params:         0       0       0       0       0       0       0       0       0       0       0       0       0       0       0       0       0
      Locals:         1       0       0       0       0       0       0       0       0       0       0       0       0       0       0       0       0
      Temps:          0       0       0       0       0       0       0       0       0       0       0       0       0       0       0       0       0
      Totals:         1       0       0       0       0       0       0       0       0       0       0       0       0       0       0       0       0
Total ram usage:        1 bytes
 Hardware stack levels used:    1
 Hardware stack levels required when called:    4
 This function calls:
		_send_nibble
 This function is called by:
		_lcdInst
		_initLCD
		_putch
 This function uses a non-reentrant model


 *************** function _send_nibble *****************
 Defined at:
		line 44 in file "lcd.c"
 Parameters:    Size  Location     Type
  data            1    wreg     unsigned char 
 Auto vars:     Size  Location     Type
  data            1    6[COMRAM] unsigned char 
 Return value:  Size  Location     Type
                  1    wreg      void 
 Registers used:
		wreg, status,2, status,0, cstack
 Tracked objects:
		On entry : 
		On exit  : 
		Unchanged: 
 Data sizes:     COMRAM   BANK0   BANK1   BANK2   BANK3   BANK4   BANK5   BANK6   BANK7   BANK8   BANK9  BANK10  BANK11  BANK12  BANK13  BANK14  BANK15
      Params:         0       0       0       0       0       0       0       0       0       0       0       0       0       0       0       0       0
      Locals:         1       0       0       0       0       0       0       0       0       0       0       0       0       0       0       0       0
      Temps:          0       0       0       0       0       0       0       0       0       0       0       0       0       0       0       0       0
      Totals:         1       0       0       0       0       0       0       0       0       0       0       0       0       0       0       0       0
Total ram usage:        1 bytes
 Hardware stack levels used:    1
 Hardware stack levels required when called:    3
 This function calls:
		_pulse_e
 This function is called by:
		_send_byte
		_initLCD
 This function uses a non-reentrant model


 *************** function _pulse_e *****************
 Defined at:
		line 28 in file "lcd.c"
 Parameters:    Size  Location     Type
		None
 Auto vars:     Size  Location     Type
  interruptSta    1    5[COMRAM] unsigned char 
 Return value:  Size  Location     Type
                  1    wreg      void 
 Registers used:
		wreg
 Tracked objects:
		On entry : 
		On exit  : 
		Unchanged: 
 Data sizes:     COMRAM   BANK0   BANK1   BANK2   BANK3   BANK4   BANK5   BANK6   BANK7   BANK8   BANK9  BANK10  BANK11  BANK12  BANK13  BANK14  BANK15
      Params:         0       0       0       0       0       0       0       0       0       0       0       0       0       0       0       0       0
      Locals:         1       0       0       0       0       0       0       0       0       0       0       0       0       0       0       0       0
      Temps:          0       0       0       0       0       0       0       0       0       0       0       0       0       0       0       0       0
      Totals:         1       0       0       0       0       0       0       0       0       0       0       0       0       0       0       0       0
Total ram usage:        1 bytes
 Hardware stack levels used:    1
 Hardware stack levels required when called:    2
 This function calls:
		Nothing
 This function is called by:
		_send_nibble
 This function uses a non-reentrant model


 *************** function ___llmod *****************
 Defined at:
		line 7 in file "C:\Program Files (x86)\Microchip\xc8\v2.05\pic\sources\c99\common\llmod.c"
 Parameters:    Size  Location     Type
  dividend        4    5[COMRAM] unsigned long 
  divisor         4    9[COMRAM] unsigned long 
 Auto vars:     Size  Location     Type
  counter         1   13[COMRAM] unsigned char 
 Return value:  Size  Location     Type
                  4    5[COMRAM] unsigned long 
 Registers used:
		wreg, status,2, status,0
 Tracked objects:
		On entry : 
		On exit  : 
		Unchanged: 
 Data sizes:     COMRAM   BANK0   BANK1   BANK2   BANK3   BANK4   BANK5   BANK6   BANK7   BANK8   BANK9  BANK10  BANK11  BANK12  BANK13  BANK14  BANK15
      Params:         8       0       0       0       0       0       0       0       0       0       0       0       0       0       0       0       0
      Locals:         1       0       0       0       0       0       0       0       0       0       0       0       0       0       0       0       0
      Temps:          0       0       0       0       0       0       0       0       0       0       0       0       0       0       0       0       0
      Totals:         9       0       0       0       0       0       0       0       0       0       0       0       0       0       0       0       0
Total ram usage:        9 bytes
 Hardware stack levels used:    1
 Hardware stack levels required when called:    2
 This function calls:
		Nothing
 This function is called by:
		_main
 This function uses a non-reentrant model


 *************** function _interruptHandler *****************
 Defined at:
		line 1308 in file "main.c"
 Parameters:    Size  Location     Type
		None
 Auto vars:     Size  Location     Type
		None
 Return value:  Size  Location     Type
                  1    wreg      void 
 Registers used:
		wreg, status,2, status,0, cstack
 Tracked objects:
		On entry : 
		On exit  : 
		Unchanged: 
 Data sizes:     COMRAM   BANK0   BANK1   BANK2   BANK3   BANK4   BANK5   BANK6   BANK7   BANK8   BANK9  BANK10  BANK11  BANK12  BANK13  BANK14  BANK15
      Params:         0       0       0       0       0       0       0       0       0       0       0       0       0       0       0       0       0
      Locals:         0       0       0       0       0       0       0       0       0       0       0       0       0       0       0       0       0
      Temps:          0       0       0       0       0       0       0       0       0       0       0       0       0       0       0       0       0
      Totals:         0       0       0       0       0       0       0       0       0       0       0       0       0       0       0       0       0
Total ram usage:        0 bytes
 Hardware stack levels used:    1
 Hardware stack levels required when called:    1
 This function calls:
		_updateMotorAEncoder
		_updateMotorBEncoder
 This function is called by:
		Interrupt level 2
 This function uses a non-reentrant model


 *************** function _updateMotorBEncoder *****************
 Defined at:
		line 151 in file "main.c"
 Parameters:    Size  Location     Type
		None
 Auto vars:     Size  Location     Type
  directionPin    2    3[COMRAM] int 
  interruptPin    2    1[COMRAM] int 
 Return value:  Size  Location     Type
                  1    wreg      void 
 Registers used:
		wreg, status,2, status,0
 Tracked objects:
		On entry : 
		On exit  : 
		Unchanged: 
 Data sizes:     COMRAM   BANK0   BANK1   BANK2   BANK3   BANK4   BANK5   BANK6   BANK7   BANK8   BANK9  BANK10  BANK11  BANK12  BANK13  BANK14  BANK15
      Params:         0       0       0       0       0       0       0       0       0       0       0       0       0       0       0       0       0
      Locals:         4       0       0       0       0       0       0       0       0       0       0       0       0       0       0       0       0
      Temps:          1       0       0       0       0       0       0       0       0       0       0       0       0       0       0       0       0
      Totals:         5       0       0       0       0       0       0       0       0       0       0       0       0       0       0       0       0
Total ram usage:        5 bytes
 Hardware stack levels used:    1
 This function calls:
		Nothing
 This function is called by:
		_interruptHandler
 This function uses a non-reentrant model


 *************** function _updateMotorAEncoder *****************
 Defined at:
		line 182 in file "main.c"
 Parameters:    Size  Location     Type
		None
 Auto vars:     Size  Location     Type
  directionPin    2    3[COMRAM] int 
  interruptPin    2    1[COMRAM] int 
 Return value:  Size  Location     Type
                  1    wreg      void 
 Registers used:
		wreg, status,2, status,0
 Tracked objects:
		On entry : 
		On exit  : 
		Unchanged: 
 Data sizes:     COMRAM   BANK0   BANK1   BANK2   BANK3   BANK4   BANK5   BANK6   BANK7   BANK8   BANK9  BANK10  BANK11  BANK12  BANK13  BANK14  BANK15
      Params:         0       0       0       0       0       0       0       0       0       0       0       0       0       0       0       0       0
      Locals:         4       0       0       0       0       0       0       0       0       0       0       0       0       0       0       0       0
      Temps:          1       0       0       0       0       0       0       0       0       0       0       0       0       0       0       0       0
      Totals:         5       0       0       0       0       0       0       0       0       0       0       0       0       0       0       0       0
Total ram usage:        5 bytes
 Hardware stack levels used:    1
 This function calls:
		Nothing
 This function is called by:
		_interruptHandler
 This function uses a non-reentrant model



MODULE INFORMATION

Module		Function		Class		Link	Load	Size
C:\Program Files (x86)\Microchip\xc8\v2.05\pic\sources\c99\common\awmod.c
		___awmod       		CODE           	38AA	0000	113

C:\Program Files (x86)\Microchip\xc8\v2.05\pic\sources\c99\common\awmod.c estimated size: 113

C:\Program Files (x86)\Microchip\xc8\v2.05\pic\sources\c99\common\printf.c
		_printf        		CODE           	3FF8	0000	41

C:\Program Files (x86)\Microchip\xc8\v2.05\pic\sources\c99\common\printf.c estimated size: 41

C:\Program Files (x86)\Microchip\xc8\v2.05\pic\sources\c99\common\llmod.c
		___llmod       		CODE           	39F0	0000	103

C:\Program Files (x86)\Microchip\xc8\v2.05\pic\sources\c99\common\llmod.c estimated size: 103

C:\Program Files (x86)\Microchip\xc8\v2.05\pic\sources\c99\common\flge.c
		___flge        		CODE           	32D4	0000	209

C:\Program Files (x86)\Microchip\xc8\v2.05\pic\sources\c99\common\flge.c estimated size: 209

C:\Program Files (x86)\Microchip\xc8\v2.05\pic\sources\c99\common\nf_fputc.c
		_fputc         		CODE           	391A	0000	109

C:\Program Files (x86)\Microchip\xc8\v2.05\pic\sources\c99\common\nf_fputc.c estimated size: 109

C:\Program Files (x86)\Microchip\xc8\v2.05\pic\sources\c99\common\islower.c
		_islower       		CODE           	3EEA	0000	49

C:\Program Files (x86)\Microchip\xc8\v2.05\pic\sources\c99\common\islower.c estimated size: 49

I2C.c
		_I2C_Master_Read		CODE           	4046	0000	37
		_I2C_Master_Wait		CODE           	413E	0000	19
		_I2C_Master_Init		CODE           	3ABA	0000	93
		_I2C_Master_Stop		CODE           	418C	0000	9
		_I2C_Master_Write		CODE           	417A	0000	11
		_I2C_Master_Start		CODE           	4194	0000	9

I2C.c estimated size: 178

C:\Program Files (x86)\Microchip\xc8\v2.05\pic\sources\c99\common\lodiv.c
		___lodiv       		CODE           	33A4	0000	207

C:\Program Files (x86)\Microchip\xc8\v2.05\pic\sources\c99\common\lodiv.c estimated size: 207

C:\Program Files (x86)\Microchip\xc8\v2.05\pic\sources\c99\common\aodiv.c
		___aodiv       		CODE           	2BB6	0000	329

C:\Program Files (x86)\Microchip\xc8\v2.05\pic\sources\c99\common\aodiv.c estimated size: 329

C:\Program Files (x86)\Microchip\xc8\v2.05\pic\sources\c99\common\xxtofl.c
		___xxtofl      		CODE           	2E42	0000	321

C:\Program Files (x86)\Microchip\xc8\v2.05\pic\sources\c99\common\xxtofl.c estimated size: 321

C:\Program Files (x86)\Microchip\xc8\v2.05\pic\sources\c99\common\isupper.c
		_isupper       		CODE           	3F1A	0000	49

C:\Program Files (x86)\Microchip\xc8\v2.05\pic\sources\c99\common\isupper.c estimated size: 49

C:\Program Files (x86)\Microchip\xc8\v2.05\pic\sources\c99\common\toupper.c
		_toupper       		CODE           	3CB4	0000	75

C:\Program Files (x86)\Microchip\xc8\v2.05\pic\sources\c99\common\toupper.c estimated size: 75

C:\Program Files (x86)\Microchip\xc8\v2.05\pic\sources\c99\common\strlen.c
		_strlen        		CODE           	3D8A	0000	69

C:\Program Files (x86)\Microchip\xc8\v2.05\pic\sources\c99\common\strlen.c estimated size: 69

C:\Program Files (x86)\Microchip\xc8\v2.05\pic\sources\c99\common\isspace.c
		_isspace       		CODE           	3E0E	0000	63

C:\Program Files (x86)\Microchip\xc8\v2.05\pic\sources\c99\common\isspace.c estimated size: 63

C:\Program Files (x86)\Microchip\xc8\v2.05\pic\sources\c99\common\fltol.c
		___fltol       		CODE           	3472	0000	187

C:\Program Files (x86)\Microchip\xc8\v2.05\pic\sources\c99\common\fltol.c estimated size: 187

C:\Program Files (x86)\Microchip\xc8\v2.05\pic\sources\c99\common\strncmp.c
		_strncmp       		CODE           	35DA	0000	171

C:\Program Files (x86)\Microchip\xc8\v2.05\pic\sources\c99\common\strncmp.c estimated size: 171

C:\Program Files (x86)\Microchip\xc8\v2.05\pic\sources\c99\common\sprcmul.c
		___flmul       		CODE           	1602	0000	851

C:\Program Files (x86)\Microchip\xc8\v2.05\pic\sources\c99\common\sprcmul.c estimated size: 851

C:\Program Files (x86)\Microchip\xc8\v2.05\pic\sources\c99\common\__lldiv.c
		___lldiv       		CODE           	37B4	0000	131

C:\Program Files (x86)\Microchip\xc8\v2.05\pic\sources\c99\common\__lldiv.c estimated size: 131

C:\Program Files (x86)\Microchip\xc8\v2.05\pic\sources\c99\common\sprcdiv.c
		___fldiv       		CODE           	1C60	0000	649

C:\Program Files (x86)\Microchip\xc8\v2.05\pic\sources\c99\common\sprcdiv.c estimated size: 649

C:\Program Files (x86)\Microchip\xc8\v2.05\pic\sources\c99\common\doprnt.c
		_vfpfcnvrt     		CODE           	0012	0000	2039
		_pad           		CODE           	3684	0000	155
		_ctoa          		CODE           	3C18	0000	81
		_dtoa          		CODE           	2144	0000	585
		_vfprintf      		CODE           	3B16	0000	87
		_stoa          		CODE           	2CFE	0000	325
		_utoa          		CODE           	2A04	0000	435
		_xtoa          		CODE           	25D0	0000	563

C:\Program Files (x86)\Microchip\xc8\v2.05\pic\sources\c99\common\doprnt.c estimated size: 4270

shared
		init_motor_PWM@FREQUENCY		MEDIUMCONST    	0000	0000	0
		_LCD_LINE1_ADDR		MEDIUMCONST    	FE77	0000	2
		_LCD_LINE2_ADDR		MEDIUMCONST    	0000	0000	0
		_LCD_LINE3_ADDR		MEDIUMCONST    	0000	0000	0
		_LCD_LINE4_ADDR		MEDIUMCONST    	0000	0000	0
		_keys          		MEDIUMCONST    	FE5F	0000	18
		__initialization		CODE           	3836	0000	103
		_LCD_SIZE_VERT 		MEDIUMCONST    	FE78	0000	2
		_LCD_SIZE_HORZ 		MEDIUMCONST    	FE79	0000	2
		init_motor_PWM@TIMER2_PRESCALER		MEDIUMCONST    	0000	0000	0
		_happynewyear  		MEDIUMCONST    	FE70	0000	8

shared estimated size: 135

C:\Program Files (x86)\Microchip\xc8\v2.05\pic\sources\c99\common\isalpha.c
		_isalpha       		CODE           	3E84	0000	53

C:\Program Files (x86)\Microchip\xc8\v2.05\pic\sources\c99\common\isalpha.c estimated size: 53

C:\Program Files (x86)\Microchip\xc8\v2.05\pic\sources\c99\common\Umul16.c
		___wmul        		CODE           	4020	0000	39

C:\Program Files (x86)\Microchip\xc8\v2.05\pic\sources\c99\common\Umul16.c estimated size: 39

C:\Program Files (x86)\Microchip\xc8\v2.05\pic\sources\c99\common\atoi.c
		_atoi          		CODE           	2F82	0000	321

C:\Program Files (x86)\Microchip\xc8\v2.05\pic\sources\c99\common\atoi.c estimated size: 321

lcd.c
		_send_byte     		CODE           	4150	0000	19
		_putch         		CODE           	4162	0000	13
		_lcdInst       		CODE           	416E	0000	13
		_send_nibble   		CODE           	4128	0000	23
		_pulse_e       		CODE           	3FA6	0000	43
		_initLCD       		CODE           	3986	0000	107

lcd.c estimated size: 218

C:\Program Files (x86)\Microchip\xc8\v2.05\pic\sources\c99\common\abs.c
		_abs           		CODE           	3EB8	0000	51

C:\Program Files (x86)\Microchip\xc8\v2.05\pic\sources\c99\common\abs.c estimated size: 51

C:\Program Files (x86)\Microchip\xc8\v2.05\pic\sources\c99\common\nf_fputs.c
		_fputs         		CODE           	3E4C	0000	57

C:\Program Files (x86)\Microchip\xc8\v2.05\pic\sources\c99\common\nf_fputs.c estimated size: 57

main.c
		_sendArduinoTireDropRequest		CODE           	40AE	0000	35
		_doDisplayLog  		CODE           	1266	0000	925
		_robotInit     		CODE           	3DCE	0000	65
		_set_pwm_duty_cycle		CODE           	2802	0000	515
		_main          		CODE           	0E52	0000	1045
		_updateMotorAEncoder		CODE           	3BC2	0000	87
		_updateMotorBEncoder		CODE           	3B6C	0000	87
		_EncoderInit   		CODE           	4110	0000	25
		_sendArduinoStandbyClampRequest		CODE           	406A	0000	35
		_opDelay       		CODE           	3A56	0000	101
		_init_motor_PWM		CODE           	3FD0	0000	41
		_opErrorCorrectionDegrees		CODE           	31E6	0000	239
		_requestIsTireDropDone		CODE           	3F7A	0000	45
		_sendArduinoAbortOperationMessage		CODE           	40D0	0000	35
		_errorCorrectedMove		CODE           	1EE8	0000	605
		_sendArduinoTireOperationStartMessage		CODE           	408C	0000	35
		_interruptHandler		CODE           	0008	0000	77
		_setMotorSpeeds		CODE           	371E	0000	151
		_tirePositioning		CODE           	238C	0000	581
		_TIMER_INIT    		CODE           	40F2	0000	31
		_doOperation   		CODE           	0808	0000	1611
		_replaceOldLog 		CODE           	3C68	0000	77

main.c estimated size: 6448

C:\Program Files (x86)\Microchip\xc8\v2.05\pic\sources\c99\common\isdigit.c
		_isdigit       		CODE           	3F4A	0000	49

C:\Program Files (x86)\Microchip\xc8\v2.05\pic\sources\c99\common\isdigit.c estimated size: 49

C:\Program Files (x86)\Microchip\xc8\v2.05\pic\sources\c99\common\sprcadd.c
		___flsub       		CODE           	3CFE	0000	71
		___fladd       		CODE           	1954	0000	781

C:\Program Files (x86)\Microchip\xc8\v2.05\pic\sources\c99\common\sprcadd.c estimated size: 852

C:\Program Files (x86)\Microchip\xc8\v2.05\pic\sources\c99\common\lomod.c
		___lomod       		CODE           	352C	0000	175

C:\Program Files (x86)\Microchip\xc8\v2.05\pic\sources\c99\common\lomod.c estimated size: 175

C:\Program Files (x86)\Microchip\xc8\v2.05\pic\sources\c99\common\aomod.c
		___aomod       		CODE           	30C2	0000	293

C:\Program Files (x86)\Microchip\xc8\v2.05\pic\sources\c99\common\aomod.c estimated size: 293

