Microchip MPLAB XC8 Compiler V2.05 ()

Linker command line:

-W-3 --edf=C:\Program Files (x86)\Microchip\xc8\v2.05\pic\dat\en_msgs.txt \
  -cs -h+dist/default/debug\RobotPicMain.X.debug.sym \
  --cmf=dist/default/debug\RobotPicMain.X.debug.cmf -z -Q18F4620 \
  -oC:\Users\chris\AppData\Local\Temp\s240.2 --defsym=__MPLAB_BUILD=1 \
  -Mdist/default/debug/RobotPicMain.X.debug.map -E1 -ver=XC8 --acfsm=1493 \
  -ASTACK=0F3h-0EF3h -pstack=STACK -ACODE=00h-0FD2Fh -ACONST=00h-0FD2Fh \
  -ASMALLCONST=01000h-010FFhx237,0FD00h-0FD2Fh -AMEDIUMCONST=01000h-0FD2Fh \
  -ACOMRAM=01h-07Fh -AABS1=00h-0EF3h,0F00h-0F7Fh \
  -ABIGRAM=01h-0EF3h,0F00h-0F7Fh \
  -ARAM=080h-0FFh,0100h-01FFhx13,0E00h-0EF3h,0F00h-0F7Fh -ABANK0=080h-0FFh \
  -ABANK1=0100h-01FFh -ABANK2=0200h-02FFh -ABANK3=0300h-03FFh \
  -ABANK4=0400h-04FFh -ABANK5=0500h-05FFh -ABANK6=0600h-06FFh \
  -ABANK7=0700h-07FFh -ABANK8=0800h-08FFh -ABANK9=0900h-09FFh \
  -ABANK10=0A00h-0AFFh -ABANK11=0B00h-0BFFh -ABANK12=0C00h-0CFFh \
  -ABANK13=0D00h-0DFFh -ABANK14=0E00h-0EF3h -ABANK15=0F00h-0F7Fh \
  -ASFR=0F80h-0F9Bh,0F9Dh-0FD3h,0FD5h-0FDAh,0FE0h-0FE2h,0FE8h-0FEAh,0FF0h-0FFCh \
  -preset_vec=00h,intcode=08h,intcodelo,powerup,init -pramtop=01000h \
  -psmallconst=SMALLCONST -pmediumconst=MEDIUMCONST -pconst=CONST \
  -AFARRAM=00h-00h -ACONFIG=0300000h-030000Dh -pconfig=CONFIG \
  -AIDLOC=0200000h-0200007h -pidloc=IDLOC -AEEDATA=0F00000h-0F003FFh \
  -peeprom_data=EEDATA \
  -prdata=COMRAM,nvrram=COMRAM,nvbit=COMRAM,rbss=COMRAM,rbit=COMRAM \
  -pfarbss=FARRAM,fardata=FARRAM,nvFARRAM=FARRAM \
  -pintsave_regs=BIGRAM,bigbss=BIGRAM,bigdata=BIGRAM -pbss=RAM \
  -pidata=CODE,irdata=CODE,ibigdata=CODE,ifardata=CODE -prparam=COMRAM \
  C:\Users\chris\AppData\Local\Temp\s240.o \
  dist/default/debug\RobotPicMain.X.debug.o 

Object code version is 3.11

Machine type is 18F4620

Call graph: (short form)




                Name                               Link     Load   Length Selector   Space Scale
C:\Users\chris\AppData\Local\Temp\s240.o
                init                                  E        E        4        4       0
                reset_vec                             0        0        4        0       0
                idloc                            200000   200000        8   200000       0
                config                           300000   300000        E   300000       0
dist/default/debug\RobotPicMain.X.debug.o
                intcode                               8        8        6        4       0
                temp                                 79       79        1        1       1
                mediumconst                        FBD8     FBD8      158     7DEC       0
                text53                             21CA     21CA       7E        4       0
                intcode_body                       2604     2604       34        4       0
                text51                             231E     231E       66        4       0
                text50                             26FA     26FA       2A        4       0
                text49                             2836     2836       16        4       0
                text48                             285E     285E       12        4       0
                text47                             287C     287C        C        4       0
                text46                             2774     2774       26        4       0
                text45                             26CA     26CA       30        4       0
                text44                             255A     255A       3E        4       0
                text43                             1C3E     1C3E      140        4       0
                text42                             1876     1876      148        4       0
                text41                             1D7E     1D7E      124        4       0
                text40                             2638     2638       32        4       0
                text39                             2870     2870        C        4       0
                text38                             2248     2248       6C        4       0
                text37                             2598     2598       38        4       0
                text36                             24D6     24D6       44        4       0
                text35                             202C     202C       96        4       0
                text34                              E0E      E0E      242        4       0
                text33                             1AFE     1AFE      140        4       0
                text32                             25D0     25D0       34        4       0
                text31                             269A     269A       30        4       0
                text30                             266A     266A       30        4       0
                text29                             248C     248C       4A        4       0
                text28                             1050     1050      22C        4       0
                text27                               12       12      414        4       0
                text26                             2436     2436       56        4       0
                text25                             274C     274C       28        4       0
                text24                             16A0     16A0      1D6        4       0
                text23                             27E0     27E0       22        4       0
                text22                             2724     2724       28        4       0
                text21                             284C     284C       12        4       0
                text20                             279A     279A       24        4       0
                text19                             28A2     28A2        8        4       0
                text18                             289A     289A        8        4       0
                text17                             2888     2888        A        4       0
                text16                             2802     2802       1E        4       0
                text15                             27BE     27BE       22        4       0
                text14                              B86      B86      288        4       0
                text13                             1EA2     1EA2       D0        4       0
                text12                              834      834      352        4       0
                text11                             1F72     1F72       BA        4       0
                text10                             19BE     19BE      140        4       0
                text9                              149E     149E      202        4       0
                text8                              20C2     20C2       86        4       0
                text7                              127C     127C      222        4       0
                text6                              28AA     28AA        2        4       0
                text5                              2820     2820       16        4       0
                text4                              2148     2148       82        4       0
                text3                              2384     2384       5C        4       0
                text2                              22B4     22B4       6A        4       0
                text1                              251A     251A       40        4       0
                text0                               426      426      40E        4       0
                cstackCOMRAM                          1        1       72        1       1
                cstackBANK0                          80       80       3D       80       1
                dataBANK0                            EB       EB        8       80       1
                bssBANK0                             BD       BD       2E       80       1
                dataCOMRAM                           78       78        1        1       1
                bssCOMRAM                            73       73        5        1       1
                cinit                              23E0     23E0       56        4       0
                idataBANK0                         2892     2892        8        4       0
                idataCOMRAM                        28AC     28AC        1        4       0

TOTAL           Name                               Link     Load   Length     Space
        CLASS   STACK          

        CLASS   CODE           
                intcode                               8        8        6         0
                init                                  E        E        4         0
                reset_vec                             0        0        4         0
                text53                             21CA     21CA       7E         0
                intcode_body                       2604     2604       34         0
                text51                             231E     231E       66         0
                text50                             26FA     26FA       2A         0
                text49                             2836     2836       16         0
                text48                             285E     285E       12         0
                text47                             287C     287C        C         0
                text46                             2774     2774       26         0
                text45                             26CA     26CA       30         0
                text44                             255A     255A       3E         0
                text43                             1C3E     1C3E      140         0
                text42                             1876     1876      148         0
                text41                             1D7E     1D7E      124         0
                text40                             2638     2638       32         0
                text39                             2870     2870        C         0
                text38                             2248     2248       6C         0
                text37                             2598     2598       38         0
                text36                             24D6     24D6       44         0
                text35                             202C     202C       96         0
                text34                              E0E      E0E      242         0
                text33                             1AFE     1AFE      140         0
                text32                             25D0     25D0       34         0
                text31                             269A     269A       30         0
                text30                             266A     266A       30         0
                text29                             248C     248C       4A         0
                text28                             1050     1050      22C         0
                text27                               12       12      414         0
                text26                             2436     2436       56         0
                text25                             274C     274C       28         0
                text24                             16A0     16A0      1D6         0
                text23                             27E0     27E0       22         0
                text22                             2724     2724       28         0
                text21                             284C     284C       12         0
                text20                             279A     279A       24         0
                text19                             28A2     28A2        8         0
                text18                             289A     289A        8         0
                text17                             2888     2888        A         0
                text16                             2802     2802       1E         0
                text15                             27BE     27BE       22         0
                text14                              B86      B86      288         0
                text13                             1EA2     1EA2       D0         0
                text12                              834      834      352         0
                text11                             1F72     1F72       BA         0
                text10                             19BE     19BE      140         0
                text9                              149E     149E      202         0
                text8                              20C2     20C2       86         0
                text7                              127C     127C      222         0
                text6                              28AA     28AA        2         0
                text5                              2820     2820       16         0
                text4                              2148     2148       82         0
                text3                              2384     2384       5C         0
                text2                              22B4     22B4       6A         0
                text1                              251A     251A       40         0
                text0                               426      426      40E         0
                cinit                              23E0     23E0       56         0
                idataBANK0                         2892     2892        8         0
                idataCOMRAM                        28AC     28AC        1         0

        CLASS   CONST          

        CLASS   SMALLCONST     

        CLASS   MEDIUMCONST    
                mediumconst                        FBD8     FBD8      158         0

        CLASS   COMRAM         
                temp                                 79       79        1         1
                cstackCOMRAM                          1        1       72         1
                dataCOMRAM                           78       78        1         1
                bssCOMRAM                            73       73        5         1

        CLASS   ABS1           

        CLASS   BIGRAM         

        CLASS   RAM            

        CLASS   BANK0          
                cstackBANK0                          80       80       3D         1
                dataBANK0                            EB       EB        8         1
                bssBANK0                             BD       BD       2E         1

        CLASS   BANK1          

        CLASS   BANK2          

        CLASS   BANK3          

        CLASS   BANK4          

        CLASS   BANK5          

        CLASS   BANK6          

        CLASS   BANK7          

        CLASS   BANK8          

        CLASS   BANK9          

        CLASS   BANK10         

        CLASS   BANK11         

        CLASS   BANK12         

        CLASS   BANK13         

        CLASS   BANK14         

        CLASS   BANK15         

        CLASS   SFR            

        CLASS   FARRAM         

        CLASS   CONFIG         
                config                           300000   300000        E         0

        CLASS   IDLOC          
                idloc                            200000   200000        8         0

        CLASS   EEDATA         



SEGMENTS        Name                           Load    Length   Top    Selector   Space  Class

                reset_vec                      000000  000004  000004         0       0  CODE    
                cstackCOMRAM                   000001  000079  00007A         1       1  COMRAM  
                intcode                        000008  0028A5  0028AD         4       0  CODE    
                cstackBANK0                    000080  000073  0000F3        80       1  BANK0   
                mediumconst                    00FBD8  000158  00FD30      7DEC       0  MEDIUMCO
                idloc                          200000  000008  200008    200000       0  IDLOC   
                config                         300000  00000E  30000E    300000       0  CONFIG  


UNUSED ADDRESS RANGES

        Name                Unused          Largest block    Delta
        BANK0            0000F3-0000FF                D
        BANK1            000100-0001FF              100
        BANK10           000A00-000AFF              100
        BANK11           000B00-000BFF              100
        BANK12           000C00-000CFF              100
        BANK13           000D00-000DFF              100
        BANK14           000E00-000EF3               F4
        BANK15           000F00-000F7F               80
        BANK2            000200-0002FF              100
        BANK3            000300-0003FF              100
        BANK4            000400-0004FF              100
        BANK5            000500-0005FF              100
        BANK6            000600-0006FF              100
        BANK7            000700-0007FF              100
        BANK8            000800-0008FF              100
        BANK9            000900-0009FF              100
        BIGRAM           00007A-00007F                6
                         0000F3-000EF3              E01
                         000F00-000F7F               80
        CODE             000004-000007                4
                         0028AD-00FBD7             D32B
        COMRAM           00007A-00007F                6
        CONST            000004-000007                4
                         0028AD-00FBD7             D32B
        EEDATA           F00000-F003FF              400
        MEDIUMCONST      0028AD-00FBD7             D32B
        RAM              0000F3-000EF3              100
                         000F00-000F7F               80
        SFR              000F80-000F9B               1C
                         000F9D-000FD3               37
                         000FD5-000FDA                6
                         000FE0-000FE2                3
                         000FE8-000FEA                3
                         000FF0-000FFC                D
        SMALLCONST       0028AD-00FBD7              100
        STACK            0000F3-000EF3              E01

                                  Symbol Table

?___aodiv                               cstackCOMRAM 000006
?___aomod                               cstackCOMRAM 000006
?___fldiv                               cstackCOMRAM 00002D
?___flmul                               cstackCOMRAM 000014
?___fltol                               cstackCOMRAM 00002D
?___lldiv                               cstackCOMRAM 000006
?___llmod                               cstackCOMRAM 000006
?___wmul                                cstackCOMRAM 000006
?___xxtofl                              cstackCOMRAM 000006
?_abs                                   cstackCOMRAM 000018
?_atoi                                  cstackCOMRAM 00000D
?_dtoa                                  cstackCOMRAM 000025
?_isalpha                               cstackCOMRAM 000006
?_isdigit                               cstackCOMRAM 000006
?_islower                               cstackCOMRAM 000006
?_isspace                               cstackCOMRAM 000006
?_isupper                               cstackCOMRAM 000006
?_pad                                   cstackCOMRAM 00001A
?_printf                                cstackBANK0  000082
?_stoa                                  cstackCOMRAM 000013
?_strlen                                cstackCOMRAM 000006
?_toupper                               cstackCOMRAM 00000C
?_vfpfcnvrt                             cstackCOMRAM 00004C
?_vfprintf                              cstackCOMRAM 00006D
?_xtoa                                  cstackCOMRAM 000025
I2C_Master_Init@clockFreq               cstackCOMRAM 000013
I2C_Master_Read@ackBit                  cstackCOMRAM 000007
I2C_Master_Read@receivedByte            cstackCOMRAM 000008
I2C_Master_Write@byteToWrite            cstackCOMRAM 000007
_ADCON1                                 (abs)        000FC1
_CCP1M0                                 (abs)        007DE8
_CCP1M1                                 (abs)        007DE9
_CCP1M2                                 (abs)        007DEA
_CCP1M3                                 (abs)        007DEB
_CCP1X                                  (abs)        007DED
_CCP1Y                                  (abs)        007DEC
_CCP2M0                                 (abs)        007DD0
_CCP2M1                                 (abs)        007DD1
_CCP2M2                                 (abs)        007DD2
_CCP2M3                                 (abs)        007DD3
_CCP2X                                  (abs)        007DD5
_CCP2Y                                  (abs)        007DD4
_CCPR1L                                 (abs)        000FBE
_CCPR2L                                 (abs)        000FBB
_EncoderInit                            text5        002820
_I2C_Master_Init                        text3        002384
_I2C_Master_Read                        text20       00279A
_I2C_Master_Start                       text19       0028A2
_I2C_Master_Stop                        text18       00289A
_I2C_Master_Wait                        text21       00284C
_I2C_Master_Write                       text17       002888
_INT1IE                                 (abs)        007F83
_INT1IF                                 (abs)        007F80
_INT2IE                                 (abs)        007F84
_INT2IF                                 (abs)        007F81
_INTCONbits                             (abs)        000FF2
_LATAbits                               (abs)        000F89
_LATB                                   (abs)        000F8A
_LATD                                   (abs)        000F8C
_LATDbits                               (abs)        000F8C
_LCD_LINE1_ADDR                         mediumconst  00FBF1
_LCD_SIZE_HORZ                          mediumconst  00FBF3
_LCD_SIZE_VERT                          mediumconst  00FBF2
_OSCCONbits                             (abs)        000FD3
_P1M0                                   (abs)        007DEE
_P1M1                                   (abs)        007DEF
_PORTB                                  (abs)        000F81
_PORTBbits                              (abs)        000F81
_PORTEbits                              (abs)        000F84
_PR2                                    (abs)        000FCB
_PSA                                    (abs)        007EAB
_SSPADD                                 (abs)        000FC8
_SSPBUF                                 (abs)        000FC9
_SSPCON1                                (abs)        000FC6
_SSPCON1bits                            (abs)        000FC6
_SSPCON2                                (abs)        000FC5
_SSPCON2bits                            (abs)        000FC5
_SSPSTAT                                (abs)        000FC7
_T08BIT                                 (abs)        007EAE
_T0CONbits                              (abs)        000FD5
_T0PS0                                  (abs)        007EA8
_T0PS1                                  (abs)        007EA9
_T0PS2                                  (abs)        007EAA
_T2CKPS0                                (abs)        007E50
_T2CKPS1                                (abs)        007E51
_TIMER_INIT                             text23       0027E0
_TMR0H                                  (abs)        000FD7
_TMR0IE                                 (abs)        007F95
_TMR0IF                                 (abs)        007F92
_TMR0L                                  (abs)        000FD6
_TMR0ON                                 (abs)        007EAF
_TMR2ON                                 (abs)        007E52
_TRISAbits                              (abs)        000F92
_TRISBbits                              (abs)        000F93
_TRISCbits                              (abs)        000F94
_TRISD                                  (abs)        000F95
_TRISEbits                              (abs)        000F96
__CFG_BOREN$SBORDIS                     (abs)        000000
__CFG_BORV$3                            (abs)        000000
__CFG_CCP2MX$PORTC                      (abs)        000000
__CFG_CP0$OFF                           (abs)        000000
__CFG_CP1$OFF                           (abs)        000000
__CFG_CP2$OFF                           (abs)        000000
__CFG_CP3$OFF                           (abs)        000000
__CFG_CPB$OFF                           (abs)        000000
__CFG_CPD$ON                            (abs)        000000
__CFG_EBTR0$OFF                         (abs)        000000
__CFG_EBTR1$OFF                         (abs)        000000
__CFG_EBTR2$OFF                         (abs)        000000
__CFG_EBTR3$OFF                         (abs)        000000
__CFG_EBTRB$OFF                         (abs)        000000
__CFG_FCMEN$OFF                         (abs)        000000
__CFG_IESO$OFF                          (abs)        000000
__CFG_LPT1OSC$OFF                       (abs)        000000
__CFG_LVP$OFF                           (abs)        000000
__CFG_MCLRE$ON                          (abs)        000000
__CFG_OSC$HS                            (abs)        000000
__CFG_PBADEN$ON                         (abs)        000000
__CFG_PWRT$OFF                          (abs)        000000
__CFG_STVREN$ON                         (abs)        000000
__CFG_WDT$OFF                           (abs)        000000
__CFG_WDTPS$32768                       (abs)        000000
__CFG_WRT0$OFF                          (abs)        000000
__CFG_WRT1$OFF                          (abs)        000000
__CFG_WRT2$OFF                          (abs)        000000
__CFG_WRT3$OFF                          (abs)        000000
__CFG_WRTB$OFF                          (abs)        000000
__CFG_WRTC$OFF                          (abs)        000000
__CFG_WRTD$OFF                          (abs)        000000
__CFG_XINST$OFF                         (abs)        000000
__HRAM                                  (abs)        000000
__Habs1                                 abs1         000000
__Hbank0                                bank0        000000
__Hbank1                                bank1        000000
__Hbank10                               bank10       000000
__Hbank11                               bank11       000000
__Hbank12                               bank12       000000
__Hbank13                               bank13       000000
__Hbank14                               bank14       000000
__Hbank15                               bank15       000000
__Hbank2                                bank2        000000
__Hbank3                                bank3        000000
__Hbank4                                bank4        000000
__Hbank5                                bank5        000000
__Hbank6                                bank6        000000
__Hbank7                                bank7        000000
__Hbank8                                bank8        000000
__Hbank9                                bank9        000000
__Hbigbss                               bigbss       000000
__Hbigdata                              bigdata      000000
__Hbigram                               bigram       000000
__Hbss                                  bss          000000
__HbssBANK0                             bssBANK0     000000
__HbssCOMRAM                            bssCOMRAM    000000
__Hcinit                                cinit        000000
__Hclrtext                              clrtext      000000
__Hcomram                               comram       000000
__Hconfig                               config       30000E
__Hconst                                const        000000
__HcstackBANK0                          cstackBANK0  000000
__HcstackCOMRAM                         cstackCOMRAM 000000
__Hdata                                 data         000000
__HdataBANK0                            dataBANK0    000000
__HdataCOMRAM                           dataCOMRAM   000000
__Heeprom_data                          eeprom_data  000000
__Hfarbss                               farbss       000000
__Hfardata                              fardata      000000
__Hibigdata                             ibigdata     000000
__Hidata                                idata        000000
__HidataBANK0                           idataBANK0   000000
__HidataCOMRAM                          idataCOMRAM  000000
__Hidloc                                idloc        200008
__Hifardata                             ifardata     000000
__Hinit                                 init         000012
__Hintcode                              intcode      00000E
__Hintcode_body                         intcode_body 000000
__Hintcodelo                            intcodelo    00000E
__Hintentry                             intentry     000000
__Hintret                               intret       000000
__Hintsave_regs                         intsave_regs 000000
__Hirdata                               irdata       000000
__Hmediumconst                          mediumconst  00FD30
__HnvFARRAM                             nvFARRAM     000000
__Hnvbit                                nvbit        000000
__Hnvrram                               nvrram       000000
__Hparam                                rparam       000000
__Hpowerup                              powerup      00000E
__Hram                                  ram          000000
__Hramtop                               ramtop       001000
__Hrbit                                 rbit         000000
__Hrbss                                 rbss         000000
__Hrdata                                rdata        000000
__Hreset_vec                            reset_vec    000004
__Hrparam                               rparam       000000
__Hsfr                                  sfr          000000
__Hsmallconst                           smallconst   000000
__Hspace_0                              (abs)        30000E
__Hspace_1                              (abs)        0000F3
__Hspace_2                              (abs)        000000
__Hstack                                stack        000000
__Hstruct                               struct       000000
__Htemp                                 temp         00007A
__Htext                                 text         000000
__Htext0                                text0        000000
__Htext1                                text1        000000
__Htext10                               text10       000000
__Htext11                               text11       000000
__Htext12                               text12       000000
__Htext13                               text13       000000
__Htext14                               text14       000000
__Htext15                               text15       000000
__Htext16                               text16       000000
__Htext17                               text17       000000
__Htext18                               text18       000000
__Htext19                               text19       000000
__Htext2                                text2        000000
__Htext20                               text20       000000
__Htext21                               text21       000000
__Htext22                               text22       000000
__Htext23                               text23       000000
__Htext24                               text24       000000
__Htext25                               text25       000000
__Htext26                               text26       000000
__Htext27                               text27       000000
__Htext28                               text28       000000
__Htext29                               text29       000000
__Htext3                                text3        000000
__Htext30                               text30       000000
__Htext31                               text31       000000
__Htext32                               text32       000000
__Htext33                               text33       000000
__Htext34                               text34       000000
__Htext35                               text35       000000
__Htext36                               text36       000000
__Htext37                               text37       000000
__Htext38                               text38       000000
__Htext39                               text39       000000
__Htext4                                text4        000000
__Htext40                               text40       000000
__Htext41                               text41       000000
__Htext42                               text42       000000
__Htext43                               text43       000000
__Htext44                               text44       000000
__Htext45                               text45       000000
__Htext46                               text46       000000
__Htext47                               text47       000000
__Htext48                               text48       000000
__Htext49                               text49       000000
__Htext5                                text5        000000
__Htext50                               text50       000000
__Htext51                               text51       000000
__Htext53                               text53       000000
__Htext6                                text6        000000
__Htext7                                text7        000000
__Htext8                                text8        000000
__Htext9                                text9        000000
__LRAM                                  (abs)        000001
__Labs1                                 abs1         000000
__Lbank0                                bank0        000000
__Lbank1                                bank1        000000
__Lbank10                               bank10       000000
__Lbank11                               bank11       000000
__Lbank12                               bank12       000000
__Lbank13                               bank13       000000
__Lbank14                               bank14       000000
__Lbank15                               bank15       000000
__Lbank2                                bank2        000000
__Lbank3                                bank3        000000
__Lbank4                                bank4        000000
__Lbank5                                bank5        000000
__Lbank6                                bank6        000000
__Lbank7                                bank7        000000
__Lbank8                                bank8        000000
__Lbank9                                bank9        000000
__Lbigbss                               bigbss       000000
__Lbigdata                              bigdata      000000
__Lbigram                               bigram       000000
__Lbss                                  bss          000000
__LbssBANK0                             bssBANK0     000000
__LbssCOMRAM                            bssCOMRAM    000000
__Lcinit                                cinit        000000
__Lclrtext                              clrtext      000000
__Lcomram                               comram       000000
__Lconfig                               config       300000
__Lconst                                const        000000
__LcstackBANK0                          cstackBANK0  000000
__LcstackCOMRAM                         cstackCOMRAM 000000
__Ldata                                 data         000000
__LdataBANK0                            dataBANK0    000000
__LdataCOMRAM                           dataCOMRAM   000000
__Leeprom_data                          eeprom_data  000000
__Lfarbss                               farbss       000000
__Lfardata                              fardata      000000
__Libigdata                             ibigdata     000000
__Lidata                                idata        000000
__LidataBANK0                           idataBANK0   000000
__LidataCOMRAM                          idataCOMRAM  000000
__Lidloc                                idloc        200000
__Lifardata                             ifardata     000000
__Linit                                 init         00000E
__Lintcode                              intcode      000008
__Lintcode_body                         intcode_body 000000
__Lintcodelo                            intcodelo    00000E
__Lintentry                             intentry     000000
__Lintret                               intret       000000
__Lintsave_regs                         intsave_regs 000000
__Lirdata                               irdata       000000
__Lmediumconst                          mediumconst  00FBD8
__LnvFARRAM                             nvFARRAM     000000
__Lnvbit                                nvbit        000000
__Lnvrram                               nvrram       000000
__Lparam                                rparam       000000
__Lpowerup                              powerup      00000E
__Lram                                  ram          000000
__Lramtop                               ramtop       001000
__Lrbit                                 rbit         000000
__Lrbss                                 rbss         000000
__Lrdata                                rdata        000000
__Lreset_vec                            reset_vec    000000
__Lrparam                               rparam       000000
__Lsfr                                  sfr          000000
__Lsmallconst                           smallconst   000000
__Lspace_0                              (abs)        000000
__Lspace_1                              (abs)        000000
__Lspace_2                              (abs)        000000
__Lstack                                stack        000000
__Lstruct                               struct       000000
__Ltemp                                 temp         000079
__Ltext                                 text         000000
__Ltext0                                text0        000000
__Ltext1                                text1        000000
__Ltext10                               text10       000000
__Ltext11                               text11       000000
__Ltext12                               text12       000000
__Ltext13                               text13       000000
__Ltext14                               text14       000000
__Ltext15                               text15       000000
__Ltext16                               text16       000000
__Ltext17                               text17       000000
__Ltext18                               text18       000000
__Ltext19                               text19       000000
__Ltext2                                text2        000000
__Ltext20                               text20       000000
__Ltext21                               text21       000000
__Ltext22                               text22       000000
__Ltext23                               text23       000000
__Ltext24                               text24       000000
__Ltext25                               text25       000000
__Ltext26                               text26       000000
__Ltext27                               text27       000000
__Ltext28                               text28       000000
__Ltext29                               text29       000000
__Ltext3                                text3        000000
__Ltext30                               text30       000000
__Ltext31                               text31       000000
__Ltext32                               text32       000000
__Ltext33                               text33       000000
__Ltext34                               text34       000000
__Ltext35                               text35       000000
__Ltext36                               text36       000000
__Ltext37                               text37       000000
__Ltext38                               text38       000000
__Ltext39                               text39       000000
__Ltext4                                text4        000000
__Ltext40                               text40       000000
__Ltext41                               text41       000000
__Ltext42                               text42       000000
__Ltext43                               text43       000000
__Ltext44                               text44       000000
__Ltext45                               text45       000000
__Ltext46                               text46       000000
__Ltext47                               text47       000000
__Ltext48                               text48       000000
__Ltext49                               text49       000000
__Ltext5                                text5        000000
__Ltext50                               text50       000000
__Ltext51                               text51       000000
__Ltext53                               text53       000000
__Ltext6                                text6        000000
__Ltext7                                text7        000000
__Ltext8                                text8        000000
__Ltext9                                text9        000000
__S0                                    (abs)        30000E
__S1                                    (abs)        0000F3
__S2                                    (abs)        000000
___aodiv                                text42       001876
___aodiv@counter                        cstackCOMRAM 000016
___aodiv@dividend                       cstackCOMRAM 000006
___aodiv@divisor                        cstackCOMRAM 00000E
___aodiv@quotient                       cstackCOMRAM 000018
___aodiv@sign                           cstackCOMRAM 000017
___aomod                                text41       001D7E
___aomod@counter                        cstackCOMRAM 000016
___aomod@dividend                       cstackCOMRAM 000006
___aomod@divisor                        cstackCOMRAM 00000E
___aomod@sign                           cstackCOMRAM 000017
___fldiv                                text14       000B86
___fldiv@a                              cstackCOMRAM 000031
___fldiv@aexp                           cstackCOMRAM 000045
___fldiv@b                              cstackCOMRAM 00002D
___fldiv@bexp                           cstackCOMRAM 000044
___fldiv@grs                            cstackCOMRAM 000040
___fldiv@new_exp                        cstackCOMRAM 00003E
___fldiv@rem                            cstackCOMRAM 000039
___fldiv@sign                           cstackCOMRAM 00003D
___flge                                 text13       001EA2
___flge@ff1                             cstackCOMRAM 000006
___flge@ff2                             cstackCOMRAM 00000A
___flmul                                text12       000834
___flmul@a                              cstackCOMRAM 000018
___flmul@aexp                           cstackCOMRAM 000025
___flmul@b                              cstackCOMRAM 000014
___flmul@bexp                           cstackCOMRAM 000026
___flmul@grs                            cstackCOMRAM 000021
___flmul@prod                           cstackCOMRAM 000027
___flmul@sign                           cstackCOMRAM 000020
___flmul@temp                           cstackCOMRAM 00002B
___fltol                                text11       001F72
___fltol@exp1                           cstackCOMRAM 000036
___fltol@f1                             cstackCOMRAM 00002D
___fltol@sign1                          cstackCOMRAM 000035
___inthi_sp                             stack        000000
___intlo_sp                             stack        000000
___lldiv                                text4        002148
___lldiv@counter                        cstackCOMRAM 000012
___lldiv@dividend                       cstackCOMRAM 000006
___lldiv@divisor                        cstackCOMRAM 00000A
___lldiv@quotient                       cstackCOMRAM 00000E
___llmod                                text51       00231E
___llmod@counter                        cstackCOMRAM 00000E
___llmod@dividend                       cstackCOMRAM 000006
___llmod@divisor                        cstackCOMRAM 00000A
___param_bank                           (abs)        000000
___rparam_used                          (abs)        000001
___sp                                   stack        000000
___wmul                                 text46       002774
___wmul@multiplicand                    cstackCOMRAM 000008
___wmul@multiplier                      cstackCOMRAM 000006
___wmul@product                         cstackCOMRAM 00000A
___xxtofl                               text10       0019BE
___xxtofl@arg                           cstackCOMRAM 000010
___xxtofl@exp                           cstackCOMRAM 00000F
___xxtofl@sign                          cstackCOMRAM 00000E
___xxtofl@val                           cstackCOMRAM 000006
__accesstop                             (abs)        000080
__activetblptr                          (abs)        000002
__end_of_EncoderInit                    text5        002836
__end_of_I2C_Master_Init                text3        0023E0
__end_of_I2C_Master_Read                text20       0027BE
__end_of_I2C_Master_Start               text19       0028AA
__end_of_I2C_Master_Stop                text18       0028A2
__end_of_I2C_Master_Wait                text21       00285E
__end_of_I2C_Master_Write               text17       002892
__end_of_LCD_LINE1_ADDR                 mediumconst  00FBF2
__end_of_LCD_LINE2_ADDR                 mediumconst  00FBFC
__end_of_LCD_LINE3_ADDR                 mediumconst  00FBFB
__end_of_LCD_LINE4_ADDR                 mediumconst  00FBFA
__end_of_LCD_SIZE_HORZ                  mediumconst  00FBF4
__end_of_LCD_SIZE_VERT                  mediumconst  00FBF3
__end_of_TIMER_INIT                     text23       002802
__end_of___aodiv                        text42       0019BE
__end_of___aomod                        text41       001EA2
__end_of___fldiv                        text14       000E0E
__end_of___flge                         text13       001F72
__end_of___flmul                        text12       000B86
__end_of___fltol                        text11       00202C
__end_of___lldiv                        text4        0021CA
__end_of___llmod                        text51       002384
__end_of___wmul                         text46       00279A
__end_of___xxtofl                       text10       001AFE
__end_of__initialization                cinit        002428
__end_of_abs                            text40       00266A
__end_of_atoi                           text43       001D7E
__end_of_doDisplayLog                   text24       001876
__end_of_doOperation                    text7        00149E
__end_of_dtoa                           text34       001050
__end_of_fputc                          text38       0022B4
__end_of_fputs                          text37       0025D0
__end_of_happynewyear                   mediumconst  00FBF1
__end_of_initLCD                        text2        00231E
__end_of_init_motor_PWM                 text22       00274C
__end_of_interruptHandler               intcode_body 002638
__end_of_isalpha                        text32       002604
__end_of_isdigit                        text45       0026FA
__end_of_islower                        text30       00269A
__end_of_isspace                        text44       002598
__end_of_isupper                        text31       0026CA
__end_of_keys                           mediumconst  00FBEA
__end_of_lcdInst                        text47       002888
__end_of_main                           text0        000834
__end_of_pad                            text35       0020C2
__end_of_printf                         text25       002774
__end_of_pulse_e                        text50       002724
__end_of_putch                          text39       00287C
__end_of_replaceOldLog                  text6        0028AC
__end_of_requestIsTireDropDone          text16       002820
__end_of_robotInit                      text1        00255A
__end_of_sendArduinoTireDropRequest     text15       0027E0
__end_of_send_byte                      text48       002870
__end_of_send_nibble                    text49       00284C
__end_of_setMotorSpeeds                 text8        002148
__end_of_set_pwm_duty_cycle             text9        0016A0
__end_of_stoa                           text33       001C3E
__end_of_strlen                         text36       00251A
__end_of_toupper                        text29       0024D6
__end_of_updateMotorBEncoder            text53       002248
__end_of_vfpfcnvrt                      text27       000426
__end_of_vfprintf                       text26       00248C
__end_of_xtoa                           text28       00127C
__end_ofinit_motor_PWM@FREQUENCY        mediumconst  00FBF9
__end_ofinit_motor_PWM@TIMER2_PRESCALER mediumconst  00FBF5
__initialization                        cinit        0023E0
__mediumconst                           mediumconst  00FBD8
__pbssBANK0                             bssBANK0     0000BD
__pbssCOMRAM                            bssCOMRAM    000073
__pcinit                                cinit        0023E0
__pcstackBANK0                          cstackBANK0  000080
__pcstackCOMRAM                         cstackCOMRAM 000001
__pdataBANK0                            dataBANK0    0000EB
__pdataCOMRAM                           dataCOMRAM   000078
__pidataBANK0                           idataBANK0   002892
__pidataCOMRAM                          idataCOMRAM  0028AC
__pintcode                              intcode      000008
__pintcode_body                         intcode_body 002604
__pmediumconst                          mediumconst  00FBD8
__ptext0                                text0        000426
__ptext1                                text1        00251A
__ptext10                               text10       0019BE
__ptext11                               text11       001F72
__ptext12                               text12       000834
__ptext13                               text13       001EA2
__ptext14                               text14       000B86
__ptext15                               text15       0027BE
__ptext16                               text16       002802
__ptext17                               text17       002888
__ptext18                               text18       00289A
__ptext19                               text19       0028A2
__ptext2                                text2        0022B4
__ptext20                               text20       00279A
__ptext21                               text21       00284C
__ptext22                               text22       002724
__ptext23                               text23       0027E0
__ptext24                               text24       0016A0
__ptext25                               text25       00274C
__ptext26                               text26       002436
__ptext27                               text27       000012
__ptext28                               text28       001050
__ptext29                               text29       00248C
__ptext3                                text3        002384
__ptext30                               text30       00266A
__ptext31                               text31       00269A
__ptext32                               text32       0025D0
__ptext33                               text33       001AFE
__ptext34                               text34       000E0E
__ptext35                               text35       00202C
__ptext36                               text36       0024D6
__ptext37                               text37       002598
__ptext38                               text38       002248
__ptext39                               text39       002870
__ptext4                                text4        002148
__ptext40                               text40       002638
__ptext41                               text41       001D7E
__ptext42                               text42       001876
__ptext43                               text43       001C3E
__ptext44                               text44       00255A
__ptext45                               text45       0026CA
__ptext46                               text46       002774
__ptext47                               text47       00287C
__ptext48                               text48       00285E
__ptext49                               text49       002836
__ptext5                                text5        002820
__ptext50                               text50       0026FA
__ptext51                               text51       00231E
__ptext53                               text53       0021CA
__ptext6                                text6        0028AA
__ptext7                                text7        00127C
__ptext8                                text8        0020C2
__ptext9                                text9        00149E
__ramtop                                ramtop       001000
__size_of_EncoderInit                   (abs)        000000
__size_of_I2C_Master_Init               (abs)        000000
__size_of_I2C_Master_Read               (abs)        000000
__size_of_I2C_Master_Start              (abs)        000000
__size_of_I2C_Master_Stop               (abs)        000000
__size_of_I2C_Master_Wait               (abs)        000000
__size_of_I2C_Master_Write              (abs)        000000
__size_of_TIMER_INIT                    (abs)        000000
__size_of___aodiv                       (abs)        000000
__size_of___aomod                       (abs)        000000
__size_of___fldiv                       (abs)        000000
__size_of___flge                        (abs)        000000
__size_of___flmul                       (abs)        000000
__size_of___fltol                       (abs)        000000
__size_of___lldiv                       (abs)        000000
__size_of___llmod                       (abs)        000000
__size_of___wmul                        (abs)        000000
__size_of___xxtofl                      (abs)        000000
__size_of_abs                           (abs)        000000
__size_of_atoi                          (abs)        000000
__size_of_doDisplayLog                  (abs)        000000
__size_of_doOperation                   (abs)        000000
__size_of_dtoa                          (abs)        000000
__size_of_fputc                         (abs)        000000
__size_of_fputs                         (abs)        000000
__size_of_initLCD                       (abs)        000000
__size_of_init_motor_PWM                (abs)        000000
__size_of_interruptHandler              (abs)        000000
__size_of_isalpha                       (abs)        000000
__size_of_isdigit                       (abs)        000000
__size_of_islower                       (abs)        000000
__size_of_isspace                       (abs)        000000
__size_of_isupper                       (abs)        000000
__size_of_lcdInst                       (abs)        000000
__size_of_main                          (abs)        000000
__size_of_pad                           (abs)        000000
__size_of_printf                        (abs)        000000
__size_of_pulse_e                       (abs)        000000
__size_of_putch                         (abs)        000000
__size_of_replaceOldLog                 (abs)        000000
__size_of_requestIsTireDropDone         (abs)        000000
__size_of_robotInit                     (abs)        000000
__size_of_sendArduinoTireDropRequest    (abs)        000000
__size_of_send_byte                     (abs)        000000
__size_of_send_nibble                   (abs)        000000
__size_of_setMotorSpeeds                (abs)        000000
__size_of_set_pwm_duty_cycle            (abs)        000000
__size_of_stoa                          (abs)        000000
__size_of_strlen                        (abs)        000000
__size_of_toupper                       (abs)        000000
__size_of_updateMotorBEncoder           (abs)        000000
__size_of_vfpfcnvrt                     (abs)        000000
__size_of_vfprintf                      (abs)        000000
__size_of_xtoa                          (abs)        000000
__smallconst                            smallconst   000000
_abs                                    text40       002638
_atoi                                   text43       001C3E
_atoi$1590                              cstackCOMRAM 000015
_atoi$1591                              cstackCOMRAM 000019
_atoi$1592                              cstackCOMRAM 000017
_bottomBreakBeamTriggeredChange         bssBANK0     0000C8
_dbuf                                   bssBANK0     0000CB
_doDisplayLog                           text24       0016A0
_doOperation                            text7        00127C
_dtoa                                   text34       000E0E
_dtoa$1094                              cstackCOMRAM 000037
_encoderAInterruptLast                  bssBANK0     0000C7
_encoderBInterruptLast                  bssCOMRAM    000077
_flags                                  bssCOMRAM    000075
_fputc                                  text38       002248
_fputs                                  text37       002598
_happynewyear                           mediumconst  00FBEA
_initLCD                                text2        0022B4
_init_motor_PWM                         text22       002724
_interruptHandler                       intcode      000008
_isalpha                                text32       0025D0
_isdigit                                text45       0026CA
_islower                                text30       00266A
_isspace                                text44       00255A
_isspace$1617                           cstackCOMRAM 00000C
_isupper                                text31       00269A
_keyPressed                             bssBANK0     0000CA
_keys                                   mediumconst  00FBD9
_lcdInst                                text47       00287C
_main                                   text0        000426
_motorADirection                        dataBANK0    0000F2
_motorADistance                         bssBANK0     0000C5
_motorBDirection                        dataCOMRAM   000078
_motorBDistance                         bssBANK0     0000C3
_nout                                   bssBANK0     0000BD
_pad                                    text35       00202C
_prec                                   bssCOMRAM    000073
_printf                                 text25       00274C
_pulse_e                                text50       0026FA
_putch                                  text39       002870
_replaceOldLog                          text6        0028AA
_requestIsTireDropDone                  text16       002802
_robotInit                              text1        00251A
_secondsMeasured                        bssBANK0     0000C1
_sendArduinoTireDropRequest             text15       0027BE
_send_byte                              text48       00285E
_send_nibble                            text49       002836
_setMotorSpeeds                         text8        0020C2
_setMotorSpeeds$1952                    cstackCOMRAM 00005F
_setMotorSpeeds$1953                    cstackCOMRAM 000063
_set_pwm_duty_cycle                     text9        00149E
_set_pwm_duty_cycle$1951                cstackCOMRAM 000056
_stoa                                   text33       001AFE
_strlen                                 text36       0024D6
_topBreakBeamTriggeredChange            bssBANK0     0000C9
_toupper                                text29       00248C
_toupper$1681                           cstackCOMRAM 000012
_updateMotorBEncoder                    text53       0021CA
_vfpfcnvrt                              text27       000012
_vfpfcnvrt$1131                         cstackCOMRAM 00006B
_vfprintf                               text26       002436
_width                                  bssBANK0     0000BF
_xtoa                                   text28       001050
_xtoa$1116                              cstackCOMRAM 000038
_xtoa$1117                              cstackCOMRAM 00003A
abs@a                                   cstackCOMRAM 000018
atoi@n                                  cstackCOMRAM 00001A
atoi@neg                                cstackCOMRAM 000013
atoi@s                                  cstackCOMRAM 00000D
btemp                                   temp         000079
doDisplayLog@currentDisplayState        cstackBANK0  000095
doDisplayLog@currentLogState            cstackBANK0  00008E
doDisplayLog@keyValue                   cstackBANK0  000096
doDisplayLog@keypress                   cstackBANK0  000094
doOperation@currentOperationState       cstackBANK0  0000A9
doOperation@isDoneDrop                  cstackBANK0  0000A3
doOperation@motorASpeed                 cstackBANK0  00009D
doOperation@motorBSpeed                 cstackBANK0  00009F
doOperation@secondsMeasuredOld          cstackBANK0  0000A4
doOperation@timeInOperation             cstackBANK0  0000A1
doOperation@tiresToDrop                 cstackBANK0  0000A7
doOperation@topLaserState               cstackBANK0  0000AA
doOperation@topLaserStatePrev           cstackBANK0  0000A6
dtoa@d                                  cstackCOMRAM 000027
dtoa@fp                                 cstackCOMRAM 000025
dtoa@i                                  cstackCOMRAM 000047
dtoa@n                                  cstackCOMRAM 00003F
dtoa@p                                  cstackCOMRAM 000039
dtoa@s                                  cstackCOMRAM 00003D
dtoa@w                                  cstackCOMRAM 00003B
end_of_initialization                   cinit        002428
fputc@c                                 cstackCOMRAM 00000A
fputc@fp                                cstackCOMRAM 00000C
fputs@c                                 cstackCOMRAM 000017
fputs@fp                                cstackCOMRAM 000015
fputs@i                                 cstackCOMRAM 000018
fputs@s                                 cstackCOMRAM 000013
int$flags                               temp         000079
int_func                                intcode_body 002604
intlevel0                               text         000000
intlevel1                               text         000000
intlevel2                               text         000000
intlevel3                               text         000000
isalpha@c                               cstackCOMRAM 000006
isdigit@c                               cstackCOMRAM 000006
islower@c                               cstackCOMRAM 000006
isspace@c                               cstackCOMRAM 000006
isupper@c                               cstackCOMRAM 000006
lcdInst@data                            cstackCOMRAM 000009
main@currentLogState                    cstackBANK0  0000BA
main@currentRobotState                  cstackBANK0  0000BB
main@i                                  cstackBANK0  0000B9
main@keyValue                           cstackBANK0  0000BC
main@keypress                           cstackBANK0  0000B8
main@tick                               cstackBANK0  0000B4
main@time                               cstackBANK0  0000AD
pad@buf                                 cstackCOMRAM 00001C
pad@fp                                  cstackCOMRAM 00001A
pad@i                                   cstackCOMRAM 000021
pad@p                                   cstackCOMRAM 00001E
pad@w                                   cstackCOMRAM 000023
printf@ap                               cstackBANK0  00008C
printf@fmt                              cstackBANK0  000082
pulse_e@interruptState                  cstackCOMRAM 000006
putch@data                              cstackCOMRAM 000009
send_byte@data                          cstackCOMRAM 000008
send_nibble@data                        cstackCOMRAM 000007
setMotorSpeeds@Aforward                 cstackCOMRAM 00005C
setMotorSpeeds@motorASpeed              cstackCOMRAM 00005A
setMotorSpeeds@motorBSpeed              cstackCOMRAM 00005D
set_pwm_duty_cycle@dutyA                cstackCOMRAM 000046
set_pwm_duty_cycle@dutyB                cstackCOMRAM 00004A
set_pwm_duty_cycle@duty_valA            cstackCOMRAM 000052
set_pwm_duty_cycle@duty_valB            cstackCOMRAM 000054
set_pwm_duty_cycle@max_duty_val         cstackCOMRAM 000050
stackhi                                 (abs)        000EF3
stacklo                                 (abs)        0000F3
start                                   init         00000E
start_initialization                    cinit        0023E0
stoa@F1139                              dataBANK0    0000EB
stoa@cp                                 cstackCOMRAM 000023
stoa@fp                                 cstackCOMRAM 000013
stoa@i                                  cstackCOMRAM 00001F
stoa@l                                  cstackCOMRAM 000027
stoa@nuls                               cstackCOMRAM 000018
stoa@p                                  cstackCOMRAM 000025
stoa@s                                  cstackCOMRAM 000015
stoa@w                                  cstackCOMRAM 000021
strlen@a                                cstackCOMRAM 000008
strlen@s                                cstackCOMRAM 000006
toupper@c                               cstackCOMRAM 00000C
ttemp5                                  temp         00007A
ttemp6                                  temp         00007D
ttemp7                                  temp         000081
updateMotorBEncoder@interruptPinState   cstackCOMRAM 000002
updateMotorBEncoder@val                 cstackCOMRAM 000004
vfpfcnvrt@ap                            cstackCOMRAM 000050
vfpfcnvrt@c                             cstackCOMRAM 000068
vfpfcnvrt@cp                            cstackCOMRAM 000066
vfpfcnvrt@done                          cstackCOMRAM 000069
vfpfcnvrt@fmt                           cstackCOMRAM 00004E
vfpfcnvrt@fp                            cstackCOMRAM 00004C
vfpfcnvrt@ll                            cstackCOMRAM 000056
vfpfcnvrt@llu                           cstackCOMRAM 00005E
vfprintf@ap                             cstackCOMRAM 000071
vfprintf@cfmt                           cstackBANK0  000080
vfprintf@fmt                            cstackCOMRAM 00006F
vfprintf@fp                             cstackCOMRAM 00006D
wtemp8                                  temp         00007A
xtoa@c                                  cstackCOMRAM 00004A
xtoa@d                                  cstackCOMRAM 000027
xtoa@fp                                 cstackCOMRAM 000025
xtoa@i                                  cstackCOMRAM 000048
xtoa@n                                  cstackCOMRAM 000040
xtoa@p                                  cstackCOMRAM 00003C
xtoa@w                                  cstackCOMRAM 00003E
xtoa@x                                  cstackCOMRAM 00002F


FUNCTION INFORMATION:

 *************** function _main *****************
 Defined at:
		line 626 in file "main.c"
 Parameters:    Size  Location     Type
		None
 Auto vars:     Size  Location     Type
  i               1   57[BANK0 ] unsigned char 
  keyValue        1   60[BANK0 ] unsigned char 
  keypress        1   56[BANK0 ] unsigned char 
  time            7   45[BANK0 ] unsigned char [7]
  tick            4   52[BANK0 ] unsigned long 
  currentRobot    1   59[BANK0 ] enum E3312
  currentLogSt    1   58[BANK0 ] enum E3319
 Return value:  Size  Location     Type
                  1    wreg      void 
 Registers used:
		wreg, fsr1l, fsr1h, fsr2l, fsr2h, status,2, status,0, tblptrl, tblptrh, tblptru, prodl, prodh, cstack
 Tracked objects:
		On entry : 
		On exit  : 
		Unchanged: 
 Data sizes:     COMRAM   BANK0   BANK1   BANK2   BANK3   BANK4   BANK5   BANK6   BANK7   BANK8   BANK9  BANK10  BANK11  BANK12  BANK13  BANK14  BANK15
      Params:         0       0       0       0       0       0       0       0       0       0       0       0       0       0       0       0       0
      Locals:         0      16       0       0       0       0       0       0       0       0       0       0       0       0       0       0       0
      Temps:          0       2       0       0       0       0       0       0       0       0       0       0       0       0       0       0       0
      Totals:         0      18       0       0       0       0       0       0       0       0       0       0       0       0       0       0       0
Total ram usage:       18 bytes
 Hardware stack levels required when called:   14
 This function calls:
		_I2C_Master_Read
		_I2C_Master_Start
		_I2C_Master_Stop
		_I2C_Master_Write
		___llmod
		_doDisplayLog
		_doOperation
		_lcdInst
		_printf
		_replaceOldLog
		_robotInit
 This function is called by:
		Startup code after reset
 This function uses a non-reentrant model


 *************** function _robotInit *****************
 Defined at:
		line 579 in file "main.c"
 Parameters:    Size  Location     Type
		None
 Auto vars:     Size  Location     Type
		None
 Return value:  Size  Location     Type
                  1    wreg      void 
 Registers used:
		wreg, status,2, status,0, cstack
 Tracked objects:
		On entry : 
		On exit  : 
		Unchanged: 
 Data sizes:     COMRAM   BANK0   BANK1   BANK2   BANK3   BANK4   BANK5   BANK6   BANK7   BANK8   BANK9  BANK10  BANK11  BANK12  BANK13  BANK14  BANK15
      Params:         0       0       0       0       0       0       0       0       0       0       0       0       0       0       0       0       0
      Locals:         0       0       0       0       0       0       0       0       0       0       0       0       0       0       0       0       0
      Temps:          0       0       0       0       0       0       0       0       0       0       0       0       0       0       0       0       0
      Totals:         0       0       0       0       0       0       0       0       0       0       0       0       0       0       0       0       0
Total ram usage:        0 bytes
 Hardware stack levels used:    1
 Hardware stack levels required when called:    7
 This function calls:
		_EncoderInit
		_I2C_Master_Init
		_initLCD
 This function is called by:
		_main
 This function uses a non-reentrant model


 *************** function _initLCD *****************
 Defined at:
		line 69 in file "lcd.c"
 Parameters:    Size  Location     Type
		None
 Auto vars:     Size  Location     Type
		None
 Return value:  Size  Location     Type
                  1    wreg      void 
 Registers used:
		wreg, status,2, status,0, cstack
 Tracked objects:
		On entry : 
		On exit  : 
		Unchanged: 
 Data sizes:     COMRAM   BANK0   BANK1   BANK2   BANK3   BANK4   BANK5   BANK6   BANK7   BANK8   BANK9  BANK10  BANK11  BANK12  BANK13  BANK14  BANK15
      Params:         0       0       0       0       0       0       0       0       0       0       0       0       0       0       0       0       0
      Locals:         0       0       0       0       0       0       0       0       0       0       0       0       0       0       0       0       0
      Temps:          1       0       0       0       0       0       0       0       0       0       0       0       0       0       0       0       0
      Totals:         1       0       0       0       0       0       0       0       0       0       0       0       0       0       0       0       0
Total ram usage:        1 bytes
 Hardware stack levels used:    1
 Hardware stack levels required when called:    6
 This function calls:
		_lcdInst
		_send_byte
		_send_nibble
 This function is called by:
		_robotInit
 This function uses a non-reentrant model


 *************** function _I2C_Master_Init *****************
 Defined at:
		line 32 in file "I2C.c"
 Parameters:    Size  Location     Type
  clockFreq       4   18[COMRAM] const unsigned long 
 Auto vars:     Size  Location     Type
		None
 Return value:  Size  Location     Type
                  1    wreg      void 
 Registers used:
		wreg, status,2, status,0, cstack
 Tracked objects:
		On entry : 
		On exit  : 
		Unchanged: 
 Data sizes:     COMRAM   BANK0   BANK1   BANK2   BANK3   BANK4   BANK5   BANK6   BANK7   BANK8   BANK9  BANK10  BANK11  BANK12  BANK13  BANK14  BANK15
      Params:         4       0       0       0       0       0       0       0       0       0       0       0       0       0       0       0       0
      Locals:         0       0       0       0       0       0       0       0       0       0       0       0       0       0       0       0       0
      Temps:          4       0       0       0       0       0       0       0       0       0       0       0       0       0       0       0       0
      Totals:         8       0       0       0       0       0       0       0       0       0       0       0       0       0       0       0       0
Total ram usage:        8 bytes
 Hardware stack levels used:    1
 Hardware stack levels required when called:    3
 This function calls:
		___lldiv
 This function is called by:
		_robotInit
 This function uses a non-reentrant model


 *************** function ___lldiv *****************
 Defined at:
		line 7 in file "C:\Program Files (x86)\Microchip\xc8\v2.05\pic\sources\c99\common\__lldiv.c"
 Parameters:    Size  Location     Type
  dividend        4    5[COMRAM] unsigned long 
  divisor         4    9[COMRAM] unsigned long 
 Auto vars:     Size  Location     Type
  quotient        4   13[COMRAM] unsigned long 
  counter         1   17[COMRAM] unsigned char 
 Return value:  Size  Location     Type
                  4    5[COMRAM] unsigned long 
 Registers used:
		wreg, status,2, status,0
 Tracked objects:
		On entry : 
		On exit  : 
		Unchanged: 
 Data sizes:     COMRAM   BANK0   BANK1   BANK2   BANK3   BANK4   BANK5   BANK6   BANK7   BANK8   BANK9  BANK10  BANK11  BANK12  BANK13  BANK14  BANK15
      Params:         8       0       0       0       0       0       0       0       0       0       0       0       0       0       0       0       0
      Locals:         5       0       0       0       0       0       0       0       0       0       0       0       0       0       0       0       0
      Temps:          0       0       0       0       0       0       0       0       0       0       0       0       0       0       0       0       0
      Totals:        13       0       0       0       0       0       0       0       0       0       0       0       0       0       0       0       0
Total ram usage:       13 bytes
 Hardware stack levels used:    1
 Hardware stack levels required when called:    2
 This function calls:
		Nothing
 This function is called by:
		_I2C_Master_Init
 This function uses a non-reentrant model


 *************** function _EncoderInit *****************
 Defined at:
		line 126 in file "main.c"
 Parameters:    Size  Location     Type
		None
 Auto vars:     Size  Location     Type
		None
 Return value:  Size  Location     Type
                  1    wreg      void 
 Registers used:
		wreg, status,2
 Tracked objects:
		On entry : 
		On exit  : 
		Unchanged: 
 Data sizes:     COMRAM   BANK0   BANK1   BANK2   BANK3   BANK4   BANK5   BANK6   BANK7   BANK8   BANK9  BANK10  BANK11  BANK12  BANK13  BANK14  BANK15
      Params:         0       0       0       0       0       0       0       0       0       0       0       0       0       0       0       0       0
      Locals:         0       0       0       0       0       0       0       0       0       0       0       0       0       0       0       0       0
      Temps:          0       0       0       0       0       0       0       0       0       0       0       0       0       0       0       0       0
      Totals:         0       0       0       0       0       0       0       0       0       0       0       0       0       0       0       0       0
Total ram usage:        0 bytes
 Hardware stack levels used:    1
 Hardware stack levels required when called:    2
 This function calls:
		Nothing
 This function is called by:
		_robotInit
 This function uses a non-reentrant model


 *************** function _replaceOldLog *****************
 Defined at:
		line 550 in file "main.c"
 Parameters:    Size  Location     Type
		None
 Auto vars:     Size  Location     Type
		None
 Return value:  Size  Location     Type
                  1    wreg      void 
 Registers used:
		None
 Tracked objects:
		On entry : 
		On exit  : 
		Unchanged: 
 Data sizes:     COMRAM   BANK0   BANK1   BANK2   BANK3   BANK4   BANK5   BANK6   BANK7   BANK8   BANK9  BANK10  BANK11  BANK12  BANK13  BANK14  BANK15
      Params:         0       0       0       0       0       0       0       0       0       0       0       0       0       0       0       0       0
      Locals:         0       0       0       0       0       0       0       0       0       0       0       0       0       0       0       0       0
      Temps:          0       0       0       0       0       0       0       0       0       0       0       0       0       0       0       0       0
      Totals:         0       0       0       0       0       0       0       0       0       0       0       0       0       0       0       0       0
Total ram usage:        0 bytes
 Hardware stack levels used:    1
 Hardware stack levels required when called:    2
 This function calls:
		Nothing
 This function is called by:
		_main
 This function uses a non-reentrant model


 *************** function _doOperation *****************
 Defined at:
		line 375 in file "main.c"
 Parameters:    Size  Location     Type
		None
 Auto vars:     Size  Location     Type
  tiresToDrop     2   39[BANK0 ] int 
  secondsMeasu    2   36[BANK0 ] int 
  timeInOperat    2   33[BANK0 ] int 
  motorBSpeed     2   31[BANK0 ] int 
  motorASpeed     2   29[BANK0 ] int 
  rightRangeFi    2    0        int 
  leftRangeFin    2    0        int 
  currentAngle    2    0        int 
  error           2    0        int 
  errorScaleFa    2    0        int 
  goalSpeed       2    0        int 
  fourMetreEqu    2    0        int 
  minimumSafeD    2    0        int 
  topLaserStat    1   42[BANK0 ] _Bool 
  currentOpera    1   41[BANK0 ] enum E3286
  topLaserStat    1   38[BANK0 ] _Bool 
  isDoneDrop      1   35[BANK0 ] _Bool 
  send            1    0        _Bool 
 Return value:  Size  Location     Type
                  1    wreg      void 
 Registers used:
		wreg, fsr1l, fsr1h, fsr2l, fsr2h, status,2, status,0, tblptrl, tblptrh, tblptru, prodl, prodh, cstack
 Tracked objects:
		On entry : 
		On exit  : 
		Unchanged: 
 Data sizes:     COMRAM   BANK0   BANK1   BANK2   BANK3   BANK4   BANK5   BANK6   BANK7   BANK8   BANK9  BANK10  BANK11  BANK12  BANK13  BANK14  BANK15
      Params:         0       0       0       0       0       0       0       0       0       0       0       0       0       0       0       0       0
      Locals:         0      27       0       0       0       0       0       0       0       0       0       0       0       0       0       0       0
      Temps:          0       2       0       0       0       0       0       0       0       0       0       0       0       0       0       0       0
      Totals:         0      29       0       0       0       0       0       0       0       0       0       0       0       0       0       0       0
Total ram usage:       29 bytes
 Hardware stack levels used:    1
 Hardware stack levels required when called:   13
 This function calls:
		_I2C_Master_Start
		_I2C_Master_Stop
		_I2C_Master_Write
		_TIMER_INIT
		_init_motor_PWM
		_lcdInst
		_printf
		_requestIsTireDropDone
		_sendArduinoTireDropRequest
		_setMotorSpeeds
 This function is called by:
		_main
 This function uses a non-reentrant model


 *************** function _setMotorSpeeds *****************
 Defined at:
		line 271 in file "main.c"
 Parameters:    Size  Location     Type
  motorASpeed     2   89[COMRAM] int 
  Aforward        1   91[COMRAM] _Bool 
[...]
      Locals:         0       0       0       0       0       0       0       0       0       0       0       0       0       0       0       0       0
      Temps:          4       0       0       0       0       0       0       0       0       0       0       0       0       0       0       0       0
      Totals:         6       0       0       0       0       0       0       0       0       0       0       0       0       0       0       0       0
Total ram usage:        6 bytes
 Hardware stack levels used:    1
 Hardware stack levels required when called:    2
 This function calls:
		Nothing
 This function is called by:
		_vfpfcnvrt
		_atoi
 This function uses a non-reentrant model


 *************** function ___wmul *****************
 Defined at:
		line 15 in file "C:\Program Files (x86)\Microchip\xc8\v2.05\pic\sources\c99\common\Umul16.c"
 Parameters:    Size  Location     Type
  multiplier      2    5[COMRAM] unsigned int 
  multiplicand    2    7[COMRAM] unsigned int 
 Auto vars:     Size  Location     Type
  product         2    9[COMRAM] unsigned int 
 Return value:  Size  Location     Type
                  2    5[COMRAM] unsigned int 
 Registers used:
		wreg, status,2, status,0, prodl, prodh
 Tracked objects:
		On entry : 
		On exit  : 
		Unchanged: 
 Data sizes:     COMRAM   BANK0   BANK1   BANK2   BANK3   BANK4   BANK5   BANK6   BANK7   BANK8   BANK9  BANK10  BANK11  BANK12  BANK13  BANK14  BANK15
      Params:         4       0       0       0       0       0       0       0       0       0       0       0       0       0       0       0       0
      Locals:         2       0       0       0       0       0       0       0       0       0       0       0       0       0       0       0       0
      Temps:          0       0       0       0       0       0       0       0       0       0       0       0       0       0       0       0       0
      Totals:         6       0       0       0       0       0       0       0       0       0       0       0       0       0       0       0       0
Total ram usage:        6 bytes
 Hardware stack levels used:    1
 Hardware stack levels required when called:    2
 This function calls:
		Nothing
 This function is called by:
		_atoi
 This function uses a non-reentrant model


 *************** function _lcdInst *****************
 Defined at:
		line 64 in file "lcd.c"
 Parameters:    Size  Location     Type
  data            1    wreg     unsigned char 
 Auto vars:     Size  Location     Type
  data            1    8[COMRAM] unsigned char 
 Return value:  Size  Location     Type
                  1    wreg      void 
 Registers used:
		wreg, status,2, status,0, cstack
 Tracked objects:
		On entry : 
		On exit  : 
		Unchanged: 
 Data sizes:     COMRAM   BANK0   BANK1   BANK2   BANK3   BANK4   BANK5   BANK6   BANK7   BANK8   BANK9  BANK10  BANK11  BANK12  BANK13  BANK14  BANK15
      Params:         0       0       0       0       0       0       0       0       0       0       0       0       0       0       0       0       0
      Locals:         1       0       0       0       0       0       0       0       0       0       0       0       0       0       0       0       0
      Temps:          0       0       0       0       0       0       0       0       0       0       0       0       0       0       0       0       0
      Totals:         1       0       0       0       0       0       0       0       0       0       0       0       0       0       0       0       0
Total ram usage:        1 bytes
 Hardware stack levels used:    1
 Hardware stack levels required when called:    5
 This function calls:
		_send_byte
 This function is called by:
		_doDisplayLog
		_doOperation
		_main
		_initLCD
		_lcd_shift_cursor
		_lcd_shift_display
 This function uses a non-reentrant model


 *************** function _send_byte *****************
 Defined at:
		line 55 in file "lcd.c"
 Parameters:    Size  Location     Type
  data            1    wreg     unsigned char 
 Auto vars:     Size  Location     Type
  data            1    7[COMRAM] unsigned char 
 Return value:  Size  Location     Type
                  1    wreg      void 
 Registers used:
		wreg, status,2, status,0, cstack
 Tracked objects:
		On entry : 
		On exit  : 
		Unchanged: 
 Data sizes:     COMRAM   BANK0   BANK1   BANK2   BANK3   BANK4   BANK5   BANK6   BANK7   BANK8   BANK9  BANK10  BANK11  BANK12  BANK13  BANK14  BANK15
      Params:         0       0       0       0       0       0       0       0       0       0       0       0       0       0       0       0       0
      Locals:         1       0       0       0       0       0       0       0       0       0       0       0       0       0       0       0       0
      Temps:          0       0       0       0       0       0       0       0       0       0       0       0       0       0       0       0       0
      Totals:         1       0       0       0       0       0       0       0       0       0       0       0       0       0       0       0       0
Total ram usage:        1 bytes
 Hardware stack levels used:    1
 Hardware stack levels required when called:    4
 This function calls:
		_send_nibble
 This function is called by:
		_lcdInst
		_initLCD
		_putch
 This function uses a non-reentrant model


 *************** function _send_nibble *****************
 Defined at:
		line 44 in file "lcd.c"
 Parameters:    Size  Location     Type
  data            1    wreg     unsigned char 
 Auto vars:     Size  Location     Type
  data            1    6[COMRAM] unsigned char 
 Return value:  Size  Location     Type
                  1    wreg      void 
 Registers used:
		wreg, status,2, status,0, cstack
 Tracked objects:
		On entry : 
		On exit  : 
		Unchanged: 
 Data sizes:     COMRAM   BANK0   BANK1   BANK2   BANK3   BANK4   BANK5   BANK6   BANK7   BANK8   BANK9  BANK10  BANK11  BANK12  BANK13  BANK14  BANK15
      Params:         0       0       0       0       0       0       0       0       0       0       0       0       0       0       0       0       0
      Locals:         1       0       0       0       0       0       0       0       0       0       0       0       0       0       0       0       0
      Temps:          0       0       0       0       0       0       0       0       0       0       0       0       0       0       0       0       0
      Totals:         1       0       0       0       0       0       0       0       0       0       0       0       0       0       0       0       0
Total ram usage:        1 bytes
 Hardware stack levels used:    1
 Hardware stack levels required when called:    3
 This function calls:
		_pulse_e
 This function is called by:
		_send_byte
		_initLCD
 This function uses a non-reentrant model


 *************** function _pulse_e *****************
 Defined at:
		line 28 in file "lcd.c"
 Parameters:    Size  Location     Type
		None
 Auto vars:     Size  Location     Type
  interruptSta    1    5[COMRAM] unsigned char 
 Return value:  Size  Location     Type
                  1    wreg      void 
 Registers used:
		wreg
 Tracked objects:
		On entry : 
		On exit  : 
		Unchanged: 
 Data sizes:     COMRAM   BANK0   BANK1   BANK2   BANK3   BANK4   BANK5   BANK6   BANK7   BANK8   BANK9  BANK10  BANK11  BANK12  BANK13  BANK14  BANK15
      Params:         0       0       0       0       0       0       0       0       0       0       0       0       0       0       0       0       0
      Locals:         1       0       0       0       0       0       0       0       0       0       0       0       0       0       0       0       0
      Temps:          0       0       0       0       0       0       0       0       0       0       0       0       0       0       0       0       0
      Totals:         1       0       0       0       0       0       0       0       0       0       0       0       0       0       0       0       0
Total ram usage:        1 bytes
 Hardware stack levels used:    1
 Hardware stack levels required when called:    2
 This function calls:
		Nothing
 This function is called by:
		_send_nibble
 This function uses a non-reentrant model


 *************** function ___llmod *****************
 Defined at:
		line 7 in file "C:\Program Files (x86)\Microchip\xc8\v2.05\pic\sources\c99\common\llmod.c"
 Parameters:    Size  Location     Type
  dividend        4    5[COMRAM] unsigned long 
  divisor         4    9[COMRAM] unsigned long 
 Auto vars:     Size  Location     Type
  counter         1   13[COMRAM] unsigned char 
 Return value:  Size  Location     Type
                  4    5[COMRAM] unsigned long 
 Registers used:
		wreg, status,2, status,0
 Tracked objects:
		On entry : 
		On exit  : 
		Unchanged: 
 Data sizes:     COMRAM   BANK0   BANK1   BANK2   BANK3   BANK4   BANK5   BANK6   BANK7   BANK8   BANK9  BANK10  BANK11  BANK12  BANK13  BANK14  BANK15
      Params:         8       0       0       0       0       0       0       0       0       0       0       0       0       0       0       0       0
      Locals:         1       0       0       0       0       0       0       0       0       0       0       0       0       0       0       0       0
      Temps:          0       0       0       0       0       0       0       0       0       0       0       0       0       0       0       0       0
      Totals:         9       0       0       0       0       0       0       0       0       0       0       0       0       0       0       0       0
Total ram usage:        9 bytes
 Hardware stack levels used:    1
 Hardware stack levels required when called:    2
 This function calls:
		Nothing
 This function is called by:
		_main
 This function uses a non-reentrant model


 *************** function _interruptHandler *****************
 Defined at:
		line 791 in file "main.c"
 Parameters:    Size  Location     Type
		None
 Auto vars:     Size  Location     Type
		None
 Return value:  Size  Location     Type
                  1    wreg      void 
 Registers used:
		wreg, status,2, status,0, cstack
 Tracked objects:
		On entry : 
		On exit  : 
		Unchanged: 
 Data sizes:     COMRAM   BANK0   BANK1   BANK2   BANK3   BANK4   BANK5   BANK6   BANK7   BANK8   BANK9  BANK10  BANK11  BANK12  BANK13  BANK14  BANK15
      Params:         0       0       0       0       0       0       0       0       0       0       0       0       0       0       0       0       0
      Locals:         0       0       0       0       0       0       0       0       0       0       0       0       0       0       0       0       0
      Temps:          0       0       0       0       0       0       0       0       0       0       0       0       0       0       0       0       0
      Totals:         0       0       0       0       0       0       0       0       0       0       0       0       0       0       0       0       0
Total ram usage:        0 bytes
 Hardware stack levels used:    1
 Hardware stack levels required when called:    1
 This function calls:
		_updateMotorBEncoder
 This function is called by:
		Interrupt level 2
 This function uses a non-reentrant model


 *************** function _updateMotorBEncoder *****************
 Defined at:
		line 105 in file "main.c"
 Parameters:    Size  Location     Type
		None
 Auto vars:     Size  Location     Type
  val             2    3[COMRAM] int 
  interruptPin    2    1[COMRAM] int 
 Return value:  Size  Location     Type
                  1    wreg      void 
 Registers used:
		wreg, status,2, status,0
 Tracked objects:
		On entry : 
		On exit  : 
		Unchanged: 
 Data sizes:     COMRAM   BANK0   BANK1   BANK2   BANK3   BANK4   BANK5   BANK6   BANK7   BANK8   BANK9  BANK10  BANK11  BANK12  BANK13  BANK14  BANK15
      Params:         0       0       0       0       0       0       0       0       0       0       0       0       0       0       0       0       0
      Locals:         4       0       0       0       0       0       0       0       0       0       0       0       0       0       0       0       0
      Temps:          1       0       0       0       0       0       0       0       0       0       0       0       0       0       0       0       0
      Totals:         5       0       0       0       0       0       0       0       0       0       0       0       0       0       0       0       0
Total ram usage:        5 bytes
 Hardware stack levels used:    1
 This function calls:
		Nothing
 This function is called by:
		_interruptHandler
 This function uses a non-reentrant model



MODULE INFORMATION

Module		Function		Class		Link	Load	Size
C:\Program Files (x86)\Microchip\xc8\v2.05\pic\sources\c99\common\printf.c
		_printf        		CODE           	274C	0000	41

C:\Program Files (x86)\Microchip\xc8\v2.05\pic\sources\c99\common\printf.c estimated size: 41

C:\Program Files (x86)\Microchip\xc8\v2.05\pic\sources\c99\common\llmod.c
		___llmod       		CODE           	231E	0000	103

C:\Program Files (x86)\Microchip\xc8\v2.05\pic\sources\c99\common\llmod.c estimated size: 103

C:\Program Files (x86)\Microchip\xc8\v2.05\pic\sources\c99\common\flge.c
		___flge        		CODE           	1EA2	0000	209

C:\Program Files (x86)\Microchip\xc8\v2.05\pic\sources\c99\common\flge.c estimated size: 209

C:\Program Files (x86)\Microchip\xc8\v2.05\pic\sources\c99\common\nf_fputc.c
		_fputc         		CODE           	2248	0000	109

C:\Program Files (x86)\Microchip\xc8\v2.05\pic\sources\c99\common\nf_fputc.c estimated size: 109

C:\Program Files (x86)\Microchip\xc8\v2.05\pic\sources\c99\common\islower.c
		_islower       		CODE           	266A	0000	49

C:\Program Files (x86)\Microchip\xc8\v2.05\pic\sources\c99\common\islower.c estimated size: 49

I2C.c
		_I2C_Master_Read		CODE           	279A	0000	37
		_I2C_Master_Wait		CODE           	284C	0000	19
		_I2C_Master_Init		CODE           	2384	0000	93
		_I2C_Master_Stop		CODE           	289A	0000	9
		_I2C_Master_Write		CODE           	2888	0000	11
		_I2C_Master_Start		CODE           	28A2	0000	9

I2C.c estimated size: 178

C:\Program Files (x86)\Microchip\xc8\v2.05\pic\sources\c99\common\aodiv.c
		___aodiv       		CODE           	1876	0000	329

C:\Program Files (x86)\Microchip\xc8\v2.05\pic\sources\c99\common\aodiv.c estimated size: 329

C:\Program Files (x86)\Microchip\xc8\v2.05\pic\sources\c99\common\xxtofl.c
		___xxtofl      		CODE           	19BE	0000	321

C:\Program Files (x86)\Microchip\xc8\v2.05\pic\sources\c99\common\xxtofl.c estimated size: 321

C:\Program Files (x86)\Microchip\xc8\v2.05\pic\sources\c99\common\isupper.c
		_isupper       		CODE           	269A	0000	49

C:\Program Files (x86)\Microchip\xc8\v2.05\pic\sources\c99\common\isupper.c estimated size: 49

C:\Program Files (x86)\Microchip\xc8\v2.05\pic\sources\c99\common\toupper.c
		_toupper       		CODE           	248C	0000	75

C:\Program Files (x86)\Microchip\xc8\v2.05\pic\sources\c99\common\toupper.c estimated size: 75

C:\Program Files (x86)\Microchip\xc8\v2.05\pic\sources\c99\common\strlen.c
		_strlen        		CODE           	24D6	0000	69

C:\Program Files (x86)\Microchip\xc8\v2.05\pic\sources\c99\common\strlen.c estimated size: 69

C:\Program Files (x86)\Microchip\xc8\v2.05\pic\sources\c99\common\isspace.c
		_isspace       		CODE           	255A	0000	63

C:\Program Files (x86)\Microchip\xc8\v2.05\pic\sources\c99\common\isspace.c estimated size: 63

C:\Program Files (x86)\Microchip\xc8\v2.05\pic\sources\c99\common\fltol.c
		___fltol       		CODE           	1F72	0000	187

C:\Program Files (x86)\Microchip\xc8\v2.05\pic\sources\c99\common\fltol.c estimated size: 187

C:\Program Files (x86)\Microchip\xc8\v2.05\pic\sources\c99\common\sprcmul.c
		___flmul       		CODE           	0834	0000	851

C:\Program Files (x86)\Microchip\xc8\v2.05\pic\sources\c99\common\sprcmul.c estimated size: 851

C:\Program Files (x86)\Microchip\xc8\v2.05\pic\sources\c99\common\__lldiv.c
		___lldiv       		CODE           	2148	0000	131

C:\Program Files (x86)\Microchip\xc8\v2.05\pic\sources\c99\common\__lldiv.c estimated size: 131

C:\Program Files (x86)\Microchip\xc8\v2.05\pic\sources\c99\common\sprcdiv.c
		___fldiv       		CODE           	0B86	0000	649

C:\Program Files (x86)\Microchip\xc8\v2.05\pic\sources\c99\common\sprcdiv.c estimated size: 649

C:\Program Files (x86)\Microchip\xc8\v2.05\pic\sources\c99\common\doprnt.c
		_vfpfcnvrt     		CODE           	0012	0000	1045
		_pad           		CODE           	202C	0000	151
		_dtoa          		CODE           	0E0E	0000	579
		_vfprintf      		CODE           	2436	0000	87
		_stoa          		CODE           	1AFE	0000	321
		_xtoa          		CODE           	1050	0000	557

C:\Program Files (x86)\Microchip\xc8\v2.05\pic\sources\c99\common\doprnt.c estimated size: 2740

shared
		init_motor_PWM@FREQUENCY		MEDIUMCONST    	0000	0000	0
		_LCD_LINE1_ADDR		MEDIUMCONST    	FBF1	0000	2
		_LCD_LINE2_ADDR		MEDIUMCONST    	0000	0000	0
		_LCD_LINE3_ADDR		MEDIUMCONST    	0000	0000	0
		_LCD_LINE4_ADDR		MEDIUMCONST    	0000	0000	0
		_keys          		MEDIUMCONST    	FBD9	0000	18
		__initialization		CODE           	23E0	0000	73
		_LCD_SIZE_VERT 		MEDIUMCONST    	FBF2	0000	2
		_LCD_SIZE_HORZ 		MEDIUMCONST    	FBF3	0000	2
		init_motor_PWM@TIMER2_PRESCALER		MEDIUMCONST    	0000	0000	0
		_happynewyear  		MEDIUMCONST    	FBEA	0000	8

shared estimated size: 105

C:\Program Files (x86)\Microchip\xc8\v2.05\pic\sources\c99\common\isalpha.c
		_isalpha       		CODE           	25D0	0000	53

C:\Program Files (x86)\Microchip\xc8\v2.05\pic\sources\c99\common\isalpha.c estimated size: 53

C:\Program Files (x86)\Microchip\xc8\v2.05\pic\sources\c99\common\Umul16.c
		___wmul        		CODE           	2774	0000	39

C:\Program Files (x86)\Microchip\xc8\v2.05\pic\sources\c99\common\Umul16.c estimated size: 39

C:\Program Files (x86)\Microchip\xc8\v2.05\pic\sources\c99\common\atoi.c
		_atoi          		CODE           	1C3E	0000	321

C:\Program Files (x86)\Microchip\xc8\v2.05\pic\sources\c99\common\atoi.c estimated size: 321

lcd.c
		_send_byte     		CODE           	285E	0000	19
		_putch         		CODE           	2870	0000	13
		_lcdInst       		CODE           	287C	0000	13
		_send_nibble   		CODE           	2836	0000	23
		_pulse_e       		CODE           	26FA	0000	43
		_initLCD       		CODE           	22B4	0000	107

lcd.c estimated size: 218

C:\Program Files (x86)\Microchip\xc8\v2.05\pic\sources\c99\common\abs.c
		_abs           		CODE           	2638	0000	51

C:\Program Files (x86)\Microchip\xc8\v2.05\pic\sources\c99\common\abs.c estimated size: 51

C:\Program Files (x86)\Microchip\xc8\v2.05\pic\sources\c99\common\nf_fputs.c
		_fputs         		CODE           	2598	0000	57

C:\Program Files (x86)\Microchip\xc8\v2.05\pic\sources\c99\common\nf_fputs.c estimated size: 57

main.c
		_sendArduinoTireDropRequest		CODE           	27BE	0000	35
		_doDisplayLog  		CODE           	16A0	0000	471
		_robotInit     		CODE           	251A	0000	65
		_set_pwm_duty_cycle		CODE           	149E	0000	515
		_main          		CODE           	0426	0000	1039
		_updateMotorBEncoder		CODE           	21CA	0000	127
		_EncoderInit   		CODE           	2820	0000	23
		_init_motor_PWM		CODE           	2724	0000	41
		_requestIsTireDropDone		CODE           	2802	0000	31
		_interruptHandler		CODE           	0008	0000	59
		_setMotorSpeeds		CODE           	20C2	0000	135
		_TIMER_INIT    		CODE           	27E0	0000	35
		_doOperation   		CODE           	127C	0000	547
		_replaceOldLog 		CODE           	28AA	0000	3

main.c estimated size: 3126

C:\Program Files (x86)\Microchip\xc8\v2.05\pic\sources\c99\common\isdigit.c
		_isdigit       		CODE           	26CA	0000	49

C:\Program Files (x86)\Microchip\xc8\v2.05\pic\sources\c99\common\isdigit.c estimated size: 49

C:\Program Files (x86)\Microchip\xc8\v2.05\pic\sources\c99\common\aomod.c
		___aomod       		CODE           	1D7E	0000	293

C:\Program Files (x86)\Microchip\xc8\v2.05\pic\sources\c99\common\aomod.c estimated size: 293

